Archive member included to satisfy reference by file (symbol)

c:/program files (x86)/embitz/1.11/share/em_armgcc/bin/../lib/gcc/arm-none-eabi/5.4.1/../../../../arm-none-eabi/lib/armv7e-m\libg_n.a(lib_a-exit.o)
                              c:/program files (x86)/embitz/1.11/share/em_armgcc/bin/../lib/gcc/arm-none-eabi/5.4.1/../../../../arm-none-eabi/lib/armv7e-m/crt0.o (exit)
c:/program files (x86)/embitz/1.11/share/em_armgcc/bin/../lib/gcc/arm-none-eabi/5.4.1/../../../../arm-none-eabi/lib/armv7e-m\libg_n.a(lib_a-impure.o)
                              c:/program files (x86)/embitz/1.11/share/em_armgcc/bin/../lib/gcc/arm-none-eabi/5.4.1/../../../../arm-none-eabi/lib/armv7e-m\libg_n.a(lib_a-exit.o) (_global_impure_ptr)
c:/program files (x86)/embitz/1.11/share/em_armgcc/bin/../lib/gcc/arm-none-eabi/5.4.1/../../../../arm-none-eabi/lib/armv7e-m\libg_n.a(lib_a-init.o)
                              c:/program files (x86)/embitz/1.11/share/em_armgcc/bin/../lib/gcc/arm-none-eabi/5.4.1/../../../../arm-none-eabi/lib/armv7e-m/crt0.o (__libc_init_array)
c:/program files (x86)/embitz/1.11/share/em_armgcc/bin/../lib/gcc/arm-none-eabi/5.4.1/../../../../arm-none-eabi/lib/armv7e-m\libg_n.a(lib_a-memset.o)
                              c:/program files (x86)/embitz/1.11/share/em_armgcc/bin/../lib/gcc/arm-none-eabi/5.4.1/../../../../arm-none-eabi/lib/armv7e-m/crt0.o (memset)
c:/program files (x86)/embitz/1.11/share/em_armgcc/bin/../lib/gcc/arm-none-eabi/5.4.1/../../../../arm-none-eabi/lib/armv7e-m\libg_n.a(lib_a-printf.o)
                              obj\debug\src\ansi.o (printf)
c:/program files (x86)/embitz/1.11/share/em_armgcc/bin/../lib/gcc/arm-none-eabi/5.4.1/../../../../arm-none-eabi/lib/armv7e-m\libg_n.a(lib_a-putchar.o)
                              obj\debug\src\ansi.o (putchar)
c:/program files (x86)/embitz/1.11/share/em_armgcc/bin/../lib/gcc/arm-none-eabi/5.4.1/../../../../arm-none-eabi/lib/armv7e-m\libg_n.a(lib_a-rand.o)
                              obj\debug\src\main.o (srand)
c:/program files (x86)/embitz/1.11/share/em_armgcc/bin/../lib/gcc/arm-none-eabi/5.4.1/../../../../arm-none-eabi/lib/armv7e-m\libg_n.a(lib_a-setbuf.o)
                              obj\debug\src\30010_io.o (setbuf)
c:/program files (x86)/embitz/1.11/share/em_armgcc/bin/../lib/gcc/arm-none-eabi/5.4.1/../../../../arm-none-eabi/lib/armv7e-m\libg_n.a(lib_a-setvbuf.o)
                              c:/program files (x86)/embitz/1.11/share/em_armgcc/bin/../lib/gcc/arm-none-eabi/5.4.1/../../../../arm-none-eabi/lib/armv7e-m\libg_n.a(lib_a-setbuf.o) (setvbuf)
c:/program files (x86)/embitz/1.11/share/em_armgcc/bin/../lib/gcc/arm-none-eabi/5.4.1/../../../../arm-none-eabi/lib/armv7e-m\libg_n.a(lib_a-sprintf.o)
                              obj\debug\src\lcd.o (sprintf)
c:/program files (x86)/embitz/1.11/share/em_armgcc/bin/../lib/gcc/arm-none-eabi/5.4.1/../../../../arm-none-eabi/lib/armv7e-m\libg_n.a(lib_a-time.o)
                              obj\debug\src\main.o (time)
c:/program files (x86)/embitz/1.11/share/em_armgcc/bin/../lib/gcc/arm-none-eabi/5.4.1/../../../../arm-none-eabi/lib/armv7e-m\libg_n.a(lib_a-fflush.o)
                              c:/program files (x86)/embitz/1.11/share/em_armgcc/bin/../lib/gcc/arm-none-eabi/5.4.1/../../../../arm-none-eabi/lib/armv7e-m\libg_n.a(lib_a-setvbuf.o) (_fflush_r)
c:/program files (x86)/embitz/1.11/share/em_armgcc/bin/../lib/gcc/arm-none-eabi/5.4.1/../../../../arm-none-eabi/lib/armv7e-m\libg_n.a(lib_a-findfp.o)
                              c:/program files (x86)/embitz/1.11/share/em_armgcc/bin/../lib/gcc/arm-none-eabi/5.4.1/../../../../arm-none-eabi/lib/armv7e-m\libg_n.a(lib_a-printf.o) (__sinit)
c:/program files (x86)/embitz/1.11/share/em_armgcc/bin/../lib/gcc/arm-none-eabi/5.4.1/../../../../arm-none-eabi/lib/armv7e-m\libg_n.a(lib_a-fwalk.o)
                              c:/program files (x86)/embitz/1.11/share/em_armgcc/bin/../lib/gcc/arm-none-eabi/5.4.1/../../../../arm-none-eabi/lib/armv7e-m\libg_n.a(lib_a-findfp.o) (_fwalk)
c:/program files (x86)/embitz/1.11/share/em_armgcc/bin/../lib/gcc/arm-none-eabi/5.4.1/../../../../arm-none-eabi/lib/armv7e-m\libg_n.a(lib_a-gettimeofdayr.o)
                              c:/program files (x86)/embitz/1.11/share/em_armgcc/bin/../lib/gcc/arm-none-eabi/5.4.1/../../../../arm-none-eabi/lib/armv7e-m\libg_n.a(lib_a-time.o) (_gettimeofday_r)
c:/program files (x86)/embitz/1.11/share/em_armgcc/bin/../lib/gcc/arm-none-eabi/5.4.1/../../../../arm-none-eabi/lib/armv7e-m\libg_n.a(lib_a-makebuf.o)
                              c:/program files (x86)/embitz/1.11/share/em_armgcc/bin/../lib/gcc/arm-none-eabi/5.4.1/../../../../arm-none-eabi/lib/armv7e-m\libg_n.a(lib_a-setvbuf.o) (__swhatbuf_r)
c:/program files (x86)/embitz/1.11/share/em_armgcc/bin/../lib/gcc/arm-none-eabi/5.4.1/../../../../arm-none-eabi/lib/armv7e-m\libg_n.a(lib_a-malloc.o)
[...]
Memory Configuration

Name             Origin             Length             Attributes
ROM              0x08000000         0x00010000         xr
RAM              0x20000000         0x00004000         xrw
*default*        0x00000000         0xffffffff

Linker script and memory map

LOAD c:/program files (x86)/embitz/1.11/share/em_armgcc/bin/../lib/gcc/arm-none-eabi/5.4.1/armv7e-m/crti.o
LOAD c:/program files (x86)/embitz/1.11/share/em_armgcc/bin/../lib/gcc/arm-none-eabi/5.4.1/armv7e-m/crtbegin.o
LOAD c:/program files (x86)/embitz/1.11/share/em_armgcc/bin/../lib/gcc/arm-none-eabi/5.4.1/../../../../arm-none-eabi/lib/armv7e-m/crt0.o
                0x00000000                __HEAP_SIZE = 0x0
                0x00000100                __STACK_SIZE = 0x100

.text           0x08000000     0x69c8
 *(.isr_vector)
 .isr_vector    0x08000000      0x188 obj\debug\src\startup_stm32f30x.o
                0x08000000                __isr_vector
 *(.text*)
 .text          0x08000188       0x5c c:/program files (x86)/embitz/1.11/share/em_armgcc/bin/../lib/gcc/arm-none-eabi/5.4.1/armv7e-m/crtbegin.o
 .text          0x080001e4       0x74 c:/program files (x86)/embitz/1.11/share/em_armgcc/bin/../lib/gcc/arm-none-eabi/5.4.1/../../../../arm-none-eabi/lib/armv7e-m/crt0.o
                0x080001e4                _start
                0x080001e4                _mainCRTStartup
 .text.ADC_RegularChannelConfig
                0x08000258      0x1f0 obj\debug\spl\src\stm32f30x_adc.o
                0x08000258                ADC_RegularChannelConfig
 .text.ADC_StartConversion
                0x08000448       0x20 obj\debug\spl\src\stm32f30x_adc.o
                0x08000448                ADC_StartConversion
 .text.ADC_GetConversionValue
                0x08000468       0x18 obj\debug\spl\src\stm32f30x_adc.o
                0x08000468                ADC_GetConversionValue
 .text.ADC_GetFlagStatus
                0x08000480       0x30 obj\debug\spl\src\stm32f30x_adc.o
                0x08000480                ADC_GetFlagStatus
 .text.RCC_GetClocksFreq
                0x080004b0      0x414 obj\debug\spl\src\stm32f30x_rcc.o
                0x080004b0                RCC_GetClocksFreq
 .text.SPI_SendData8
                0x080008c4       0x2c obj\debug\spl\src\stm32f30x_spi.o
                0x080008c4                SPI_SendData8
 .text.SPI_I2S_GetFlagStatus
                0x080008f0       0x38 obj\debug\spl\src\stm32f30x_spi.o
                0x080008f0                SPI_I2S_GetFlagStatus
 .text.USART_SendData
                0x08000928       0x24 obj\debug\spl\src\stm32f30x_usart.o
                0x08000928                USART_SendData
 .text.USART_GetFlagStatus
                0x0800094c       0x30 obj\debug\spl\src\stm32f30x_usart.o
                0x0800094c                USART_GetFlagStatus
 .text.uart_putc
                0x0800097c       0x34 obj\debug\src\30010_io.o
                0x0800097c                uart_putc
 .text._write_r
                0x080009b0       0x4c obj\debug\src\30010_io.o
                0x080009b0                _write_r
 .text.init_usb_uart
                0x080009fc      0x220 obj\debug\src\30010_io.o
                0x080009fc                init_usb_uart
 .text.lcd_transmit_byte
                0x08000c1c       0x64 obj\debug\src\30010_io.o
                0x08000c1c                lcd_transmit_byte
 .text.lcd_push_buffer
                0x08000c80      0x184 obj\debug\src\30010_io.o
                0x08000c80                lcd_push_buffer
 .text.lcd_reset
                0x08000e04       0xe0 obj\debug\src\30010_io.o
                0x08000e04                lcd_reset
 .text.init_spi_lcd
                0x08000ee4      0x2b8 obj\debug\src\30010_io.o
                0x08000ee4                init_spi_lcd
 .text.clrscr   0x0800119c       0x14 obj\debug\src\ansi.o
                0x0800119c                clrscr
 .text.gotoxy   0x080011b0       0x2c obj\debug\src\ansi.o
                0x080011b0                gotoxy
 .text.counter  0x080011dc      0x15c obj\debug\src\ansi.o
                0x080011dc                counter
 .text.block    0x08001338      0x144 obj\debug\src\ansi.o
                0x08001338                block
 .text.del_block
                0x0800147c      0x104 obj\debug\src\ansi.o
                0x0800147c                del_block
 .text.init_ng_ball
                0x08001580       0x94 obj\debug\src\ball.o
                0x08001580                init_ng_ball
 .text.initVector
                0x08001614       0x28 obj\debug\src\ball.o
                0x08001614                initVector
 .text.updatepos
                0x0800163c       0x58 obj\debug\src\ball.o
                0x0800163c                updatepos
 .text.print_Block
                0x08001694       0x30 obj\debug\src\block_control.o
                0x08001694                print_Block
 .text.border_control
                0x080016c4       0x8c obj\debug\src\block_control.o
                0x080016c4                border_control
 .text.block_control
                0x08001750      0x3c8 obj\debug\src\block_control.o
                0x08001750                block_control
 .text.init_blocks
                0x08001b18      0x938 obj\debug\src\block_control.o
                0x08001b18                init_blocks
 .text.init_var_main
                0x08002450       0x5c obj\debug\src\config_project.o
                0x08002450                init_var_main
 .text.set_RGB  0x080024ac       0xec obj\debug\src\controller.o
                0x080024ac                set_RGB
 .text.init_RGB
                0x08002598      0x134 obj\debug\src\controller.o
                0x08002598                init_RGB
 .text.init_joystick
                0x080026cc      0x114 obj\debug\src\controller.o
                0x080026cc                init_joystick
 .text.init_PS2joy
                0x080027e0       0xd8 obj\debug\src\controller.o
                0x080027e0                init_PS2joy
 .text.readJoystick
                0x080028b8      0x194 obj\debug\src\controller.o
                0x080028b8                readJoystick
 .text.read_joystick_x
                0x08002a4c       0x3c obj\debug\src\controller.o
                0x08002a4c                read_joystick_x
 .text.write_score
                0x08002a88       0x70 obj\debug\src\lcd.o
                0x08002a88                write_score
 .text.write_level
                0x08002af8       0x64 obj\debug\src\lcd.o
                0x08002af8                write_level
 .text.type_tex
                0x08002b5c       0x84 obj\debug\src\lcd.o
                0x08002b5c                type_tex
 .text.expand   0x08002be0       0x18 obj\debug\src\lut.o
                0x08002be0                expand
 .text.main     0x08002bf8      0x300 obj\debug\src\main.o
                0x08002bf8                main
 .text.clear_line
                0x08002ef8       0x28 obj\debug\src\menu.o
                0x08002ef8                clear_line
 .text.init_menu
                0x08002f20       0x98 obj\debug\src\menu.o
                0x08002f20                init_menu
 .text.init_high_score
                0x08002fb8      0x114 obj\debug\src\menu.o
                0x08002fb8                init_high_score
 .text.init_help
                0x080030cc      0x108 obj\debug\src\menu.o
                0x080030cc                init_help
 .text.control_menu
                0x080031d4      0x234 obj\debug\src\menu.o
                0x080031d4                control_menu
 .text.init_new_game
                0x08003408       0x3c obj\debug\src\menu.o
                0x08003408                init_new_game
 .text.game_over
                0x08003444      0x430 obj\debug\src\menu.o
                0x08003444                game_over
 .text.test_hs  0x08003874       0x70 obj\debug\src\menu.o
                0x08003874                test_hs
 .text.NVIC_EnableIRQ
                0x080038e4       0x30 obj\debug\src\our_timer.o
 .text.NVIC_SetPriority
                0x08003914       0x54 obj\debug\src\our_timer.o
 .text.get_flag
                0x08003968       0x18 obj\debug\src\our_timer.o
                0x08003968                get_flag
 .text.set_flag
                0x08003980       0x20 obj\debug\src\our_timer.o
                0x08003980                set_flag
 .text.init_timer
                0x080039a0       0x74 obj\debug\src\our_timer.o
                0x080039a0                init_timer
 .text.TIM2_IRQHandler
                0x08003a14       0xa4 obj\debug\src\our_timer.o
                0x08003a14                TIM2_IRQHandler
 .text.create_rand
                0x08003ab8       0x28 obj\debug\src\power_up.o
                0x08003ab8                create_rand
 .text.activate_pu
                0x08003ae0      0x108 obj\debug\src\power_up.o
                0x08003ae0                activate_pu
 .text          0x08003be8       0xe4 obj\debug\src\startup_stm32f30x.o
                0x08003be8                Reset_Handler
                0x08003c2e                NMI_Handler
                0x08003c30                HardFault_Handler
                0x08003c32                MemManage_Handler
                0x08003c34                BusFault_Handler
                0x08003c36                UsageFault_Handler
                0x08003c38                SVC_Handler
                0x08003c3a                DebugMon_Handler
                0x08003c3c                PendSV_Handler
                0x08003c3e                SysTick_Handler
                0x08003c40                WWDG_IRQHandler
                0x08003c42                PVD_IRQHandler
                0x08003c44                TAMPER_STAMP_IRQHandler
                0x08003c46                RTC_WKUP_IRQHandler
                0x08003c48                FLASH_IRQHandler
                0x08003c4a                RCC_IRQHandler
                0x08003c4c                EXTI0_IRQHandler
                0x08003c4e                EXTI1_IRQHandler
                0x08003c50                EXTI2_TS_IRQHandler
                0x08003c52                EXTI3_IRQHandler
                0x08003c54                EXTI4_IRQHandler
                0x08003c56                DMA1_Channel1_IRQHandler
                0x08003c58                DMA1_Channel2_IRQHandler
                0x08003c5a                DMA1_Channel3_IRQHandler
                0x08003c5c                DMA1_Channel4_IRQHandler
                0x08003c5e                DMA1_Channel5_IRQHandler
                0x08003c60                DMA1_Channel6_IRQHandler
                0x08003c62                DMA1_Channel7_IRQHandler
                0x08003c64                ADC1_2_IRQHandler
                0x08003c66                USB_HP_CAN1_TX_IRQHandler
                0x08003c68                USB_LP_CAN1_RX0_IRQHandler
                0x08003c6a                CAN1_RX1_IRQHandler
                0x08003c6c                CAN1_SCE_IRQHandler
                0x08003c6e                EXTI9_5_IRQHandler
                0x08003c70                TIM1_BRK_TIM15_IRQHandler
                0x08003c72                TIM1_UP_TIM16_IRQHandler
                0x08003c74                TIM1_TRG_COM_TIM17_IRQHandler
                0x08003c76                TIM1_CC_IRQHandler
                0x08003c7a                TIM3_IRQHandler
                0x08003c7c                TIM4_IRQHandler
                0x08003c7e                I2C1_EV_IRQHandler
                0x08003c80                I2C1_ER_IRQHandler
                0x08003c82                I2C2_EV_IRQHandler
                0x08003c84                I2C2_ER_IRQHandler
                0x08003c86                SPI1_IRQHandler
                0x08003c88                SPI2_IRQHandler
                0x08003c8a                USART1_IRQHandler
                0x08003c8c                USART2_IRQHandler
                0x08003c8e                USART3_IRQHandler
                0x08003c90                EXTI15_10_IRQHandler
                0x08003c92                RTC_Alarm_IRQHandler
                0x08003c94                USBWakeUp_IRQHandler
                0x08003c96                TIM8_BRK_IRQHandler
                0x08003c98                TIM8_UP_IRQHandler
                0x08003c9a                TIM8_TRG_COM_IRQHandler
                0x08003c9c                TIM8_CC_IRQHandler
                0x08003c9e                ADC3_IRQHandler
                0x08003ca0                SPI3_IRQHandler
                0x08003ca2                UART4_IRQHandler
                0x08003ca4                UART5_IRQHandler
                0x08003ca6                TIM6_DAC_IRQHandler
                0x08003ca8                TIM7_IRQHandler
                0x08003caa                DMA2_Channel1_IRQHandler
                0x08003cac                DMA2_Channel2_IRQHandler
                0x08003cae                DMA2_Channel3_IRQHandler
                0x08003cb0                DMA2_Channel4_IRQHandler
                0x08003cb2                DMA2_Channel5_IRQHandler
                0x08003cb4                ADC4_IRQHandler
                0x08003cb6                COMP1_2_3_IRQHandler
                0x08003cb8                COMP4_5_6_IRQHandler
                0x08003cba                COMP7_IRQHandler
                0x08003cbc                USB_HP_IRQHandler
                0x08003cbe                USB_LP_IRQHandler
                0x08003cc0                USBWakeUp_RMP_IRQHandler
                0x08003cc2                FPU_IRQHandler
 .text.init_striker
                0x08003ccc       0x50 obj\debug\src\striker.o
                0x08003ccc                init_striker
 .text.print_striker
                0x08003d1c       0xb4 obj\debug\src\striker.o
                0x08003d1c                print_striker
 .text.update_striker
                0x08003dd0      0x11c obj\debug\src\striker.o
                0x08003dd0                update_striker
 .text.striker_bounce
                0x08003eec      0x2a0 obj\debug\src\striker.o
                0x08003eec                striker_bounce
 .text.SystemInit
                0x0800418c       0x84 obj\debug\src\system_stm32f30x.o
                0x0800418c                SystemInit
 .text.SetSysClock
                0x08004210       0x90 obj\debug\src\system_stm32f30x.o
 .text.Sin      0x080042a0       0x4c obj\debug\src\trig.o
                0x080042a0                Sin
 .text.Cos      0x080042ec       0x50 obj\debug\src\trig.o
                0x080042ec                Cos
 .text.exit     0x0800433c       0x28 c:/program files (x86)/embitz/1.11/share/em_armgcc/bin/../lib/gcc/arm-none-eabi/5.4.1/../../../../arm-none-eabi/lib/armv7e-m\libg_n.a(lib_a-exit.o)
                0x0800433c                exit
 .text.__libc_init_array
                0x08004364       0x4c c:/program files (x86)/embitz/1.11/share/em_armgcc/bin/../lib/gcc/arm-none-eabi/5.4.1/../../../../arm-none-eabi/lib/armv7e-m\libg_n.a(lib_a-init.o)
                0x08004364                __libc_init_array
 .text.memset   0x080043b0       0x10 c:/program files (x86)/embitz/1.11/share/em_armgcc/bin/../lib/gcc/arm-none-eabi/5.4.1/../../../../arm-none-eabi/lib/armv7e-m\libg_n.a(lib_a-memset.o)
                0x080043b0                memset
 .text.printf   0x080043c0       0x30 c:/program files (x86)/embitz/1.11/share/em_armgcc/bin/../lib/gcc/arm-none-eabi/5.4.1/../../../../arm-none-eabi/lib/armv7e-m\libg_n.a(lib_a-printf.o)
                0x080043c0                iprintf
                0x080043c0                printf
 .text.putchar  0x080043f0       0x28 c:/program files (x86)/embitz/1.11/share/em_armgcc/bin/../lib/gcc/arm-none-eabi/5.4.1/../../../../arm-none-eabi/lib/armv7e-m\libg_n.a(lib_a-putchar.o)
                0x080043f0                putchar
 .text.srand    0x08004418       0x50 c:/program files (x86)/embitz/1.11/share/em_armgcc/bin/../lib/gcc/arm-none-eabi/5.4.1/../../../../arm-none-eabi/lib/armv7e-m\libg_n.a(lib_a-rand.o)
                0x08004418                srand
 .text.rand     0x08004468       0x74 c:/program files (x86)/embitz/1.11/share/em_armgcc/bin/../lib/gcc/arm-none-eabi/5.4.1/../../../../arm-none-eabi/lib/armv7e-m\libg_n.a(lib_a-rand.o)
                0x08004468                rand
 .text.setbuf   0x080044dc       0x10 c:/program files (x86)/embitz/1.11/share/em_armgcc/bin/../lib/gcc/arm-none-eabi/5.4.1/../../../../arm-none-eabi/lib/armv7e-m\libg_n.a(lib_a-setbuf.o)
                0x080044dc                setbuf
 .text.setvbuf  0x080044ec      0x154 c:/program files (x86)/embitz/1.11/share/em_armgcc/bin/../lib/gcc/arm-none-eabi/5.4.1/../../../../arm-none-eabi/lib/armv7e-m\libg_n.a(lib_a-setvbuf.o)
                0x080044ec                setvbuf
 .text.sprintf  0x08004640       0x48 c:/program files (x86)/embitz/1.11/share/em_armgcc/bin/../lib/gcc/arm-none-eabi/5.4.1/../../../../arm-none-eabi/lib/armv7e-m\libg_n.a(lib_a-sprintf.o)
                0x08004640                siprintf
                0x08004640                sprintf
 .text.time     0x08004688       0x28 c:/program files (x86)/embitz/1.11/share/em_armgcc/bin/../lib/gcc/arm-none-eabi/5.4.1/../../../../arm-none-eabi/lib/armv7e-m\libg_n.a(lib_a-time.o)
                0x08004688                time
 .text.__sflush_r
                0x080046b0      0x110 c:/program files (x86)/embitz/1.11/share/em_armgcc/bin/../lib/gcc/arm-none-eabi/5.4.1/../../../../arm-none-eabi/lib/armv7e-m\libg_n.a(lib_a-fflush.o)
                0x080046b0                __sflush_r
 .text._fflush_r
                0x080047c0       0x54 c:/program files (x86)/embitz/1.11/share/em_armgcc/bin/../lib/gcc/arm-none-eabi/5.4.1/../../../../arm-none-eabi/lib/armv7e-m\libg_n.a(lib_a-fflush.o)
                0x080047c0                _fflush_r
 .text._cleanup_r
                0x08004814        0xc c:/program files (x86)/embitz/1.11/share/em_armgcc/bin/../lib/gcc/arm-none-eabi/5.4.1/../../../../arm-none-eabi/lib/armv7e-m\libg_n.a(lib_a-findfp.o)
                0x08004814                _cleanup_r
 .text.std.isra.0
                0x08004820       0x48 c:/program files (x86)/embitz/1.11/share/em_armgcc/bin/../lib/gcc/arm-none-eabi/5.4.1/../../../../arm-none-eabi/lib/armv7e-m\libg_n.a(lib_a-findfp.o)
 .text.__sfmoreglue
                0x08004868       0x2c c:/program files (x86)/embitz/1.11/share/em_armgcc/bin/../lib/gcc/arm-none-eabi/5.4.1/../../../../arm-none-eabi/lib/armv7e-m\libg_n.a(lib_a-findfp.o)
                0x08004868                __sfmoreglue
 .text.__sinit  0x08004894       0x60 c:/program files (x86)/embitz/1.11/share/em_armgcc/bin/../lib/gcc/arm-none-eabi/5.4.1/../../../../arm-none-eabi/lib/armv7e-m\libg_n.a(lib_a-findfp.o)
                0x08004894                __sinit
 .text.__sfp    0x080048f4       0x78 c:/program files (x86)/embitz/1.11/share/em_armgcc/bin/../lib/gcc/arm-none-eabi/5.4.1/../../../../arm-none-eabi/lib/armv7e-m\libg_n.a(lib_a-findfp.o)
                0x080048f4                __sfp
 .text._fwalk_reent
                0x0800496c       0x3c c:/program files (x86)/embitz/1.11/share/em_armgcc/bin/../lib/gcc/arm-none-eabi/5.4.1/../../../../arm-none-eabi/lib/armv7e-m\libg_n.a(lib_a-fwalk.o)
                0x0800496c                _fwalk_reent
 .text._gettimeofday_r
                0x080049a8       0x24 c:/program files (x86)/embitz/1.11/share/em_armgcc/bin/../lib/gcc/arm-none-eabi/5.4.1/../../../../arm-none-eabi/lib/armv7e-m\libg_n.a(lib_a-gettimeofdayr.o)
                0x080049a8                _gettimeofday_r
 .text.__swhatbuf_r
                0x080049cc       0x46 c:/program files (x86)/embitz/1.11/share/em_armgcc/bin/../lib/gcc/arm-none-eabi/5.4.1/../../../../arm-none-eabi/lib/armv7e-m\libg_n.a(lib_a-makebuf.o)
                0x080049cc                __swhatbuf_r
 *fill*         0x08004a12        0x2 
 .text.__smakebuf_r
                0x08004a14       0x78 c:/program files (x86)/embitz/1.11/share/em_armgcc/bin/../lib/gcc/arm-none-eabi/5.4.1/../../../../arm-none-eabi/lib/armv7e-m\libg_n.a(lib_a-makebuf.o)
                0x08004a14                __smakebuf_r
 .text.malloc   0x08004a8c       0x10 c:/program files (x86)/embitz/1.11/share/em_armgcc/bin/../lib/gcc/arm-none-eabi/5.4.1/../../../../arm-none-eabi/lib/armv7e-m\libg_n.a(lib_a-malloc.o)
                0x08004a8c                malloc
 .text._free_r  0x08004a9c       0x9c c:/program files (x86)/embitz/1.11/share/em_armgcc/bin/../lib/gcc/arm-none-eabi/5.4.1/../../../../arm-none-eabi/lib/armv7e-m\libg_n.a(lib_a-nano-freer.o)
                0x08004a9c                _free_r
 .text._malloc_r
                0x08004b38       0xbc c:/program files (x86)/embitz/1.11/share/em_armgcc/bin/../lib/gcc/arm-none-eabi/5.4.1/../../../../arm-none-eabi/lib/armv7e-m\libg_n.a(lib_a-nano-mallocr.o)
                0x08004b38                _malloc_r
 .text.__ssputs_r
                0x08004bf4       0xb2 c:/program files (x86)/embitz/1.11/share/em_armgcc/bin/../lib/gcc/arm-none-eabi/5.4.1/../../../../arm-none-eabi/lib/armv7e-m\libg_n.a(lib_a-nano-svfprintf.o)
                0x08004bf4                __ssputs_r
 *fill*         0x08004ca6        0x2 
 .text._svfprintf_r
                0x08004ca8      0x1e8 c:/program files (x86)/embitz/1.11/share/em_armgcc/bin/../lib/gcc/arm-none-eabi/5.4.1/../../../../arm-none-eabi/lib/armv7e-m\libg_n.a(lib_a-nano-svfprintf.o)
                0x08004ca8                _svfiprintf_r
                0x08004ca8                _svfprintf_r
 .text.__sfputc_r
                0x08004e90       0x2c c:/program files (x86)/embitz/1.11/share/em_armgcc/bin/../lib/gcc/arm-none-eabi/5.4.1/../../../../arm-none-eabi/lib/armv7e-m\libg_n.a(lib_a-nano-vfprintf.o)
 .text.__sfputs_r
                0x08004ebc       0x24 c:/program files (x86)/embitz/1.11/share/em_armgcc/bin/../lib/gcc/arm-none-eabi/5.4.1/../../../../arm-none-eabi/lib/armv7e-m\libg_n.a(lib_a-nano-vfprintf.o)
                0x08004ebc                __sfputs_r
 .text._vfprintf_r
                0x08004ee0      0x238 c:/program files (x86)/embitz/1.11/share/em_armgcc/bin/../lib/gcc/arm-none-eabi/5.4.1/../../../../arm-none-eabi/lib/armv7e-m\libg_n.a(lib_a-nano-vfprintf.o)
                0x08004ee0                _vfprintf_r
                0x08004ee0                _vfiprintf_r
 .text._printf_common
                0x08005118       0xec c:/program files (x86)/embitz/1.11/share/em_armgcc/bin/../lib/gcc/arm-none-eabi/5.4.1/../../../../arm-none-eabi/lib/armv7e-m\libg_n.a(lib_a-nano-vfprintf_i.o)
                0x08005118                _printf_common
 .text._printf_i
                0x08005204      0x24c c:/program files (x86)/embitz/1.11/share/em_armgcc/bin/../lib/gcc/arm-none-eabi/5.4.1/../../../../arm-none-eabi/lib/armv7e-m\libg_n.a(lib_a-nano-vfprintf_i.o)
                0x08005204                _printf_i
 .text._putc_r  0x08005450       0x6c c:/program files (x86)/embitz/1.11/share/em_armgcc/bin/../lib/gcc/arm-none-eabi/5.4.1/../../../../arm-none-eabi/lib/armv7e-m\libg_n.a(lib_a-putc.o)
                0x08005450                _putc_r
 .text._sbrk_r  0x080054bc       0x20 c:/program files (x86)/embitz/1.11/share/em_armgcc/bin/../lib/gcc/arm-none-eabi/5.4.1/../../../../arm-none-eabi/lib/armv7e-m\libg_n.a(lib_a-sbrkr.o)
                0x080054bc                _sbrk_r
 .text.__sread  0x080054dc       0x22 c:/program files (x86)/embitz/1.11/share/em_armgcc/bin/../lib/gcc/arm-none-eabi/5.4.1/../../../../arm-none-eabi/lib/armv7e-m\libg_n.a(lib_a-stdio.o)
                0x080054dc                __sread
 .text.__swrite
                0x080054fe       0x38 c:/program files (x86)/embitz/1.11/share/em_armgcc/bin/../lib/gcc/arm-none-eabi/5.4.1/../../../../arm-none-eabi/lib/armv7e-m\libg_n.a(lib_a-stdio.o)
                0x080054fe                __swrite
 .text.__sseek  0x08005536       0x24 c:/program files (x86)/embitz/1.11/share/em_armgcc/bin/../lib/gcc/arm-none-eabi/5.4.1/../../../../arm-none-eabi/lib/armv7e-m\libg_n.a(lib_a-stdio.o)
                0x08005536                __sseek
 .text.__sclose
                0x0800555a        0x8 c:/program files (x86)/embitz/1.11/share/em_armgcc/bin/../lib/gcc/arm-none-eabi/5.4.1/../../../../arm-none-eabi/lib/armv7e-m\libg_n.a(lib_a-stdio.o)
                0x0800555a                __sclose
 *fill*         0x08005562        0x2 
 .text.__swbuf_r
                0x08005564       0xa8 c:/program files (x86)/embitz/1.11/share/em_armgcc/bin/../lib/gcc/arm-none-eabi/5.4.1/../../../../arm-none-eabi/lib/armv7e-m\libg_n.a(lib_a-wbuf.o)
                0x08005564                __swbuf_r
 .text.__swsetup_r
                0x0800560c       0xdc c:/program files (x86)/embitz/1.11/share/em_armgcc/bin/../lib/gcc/arm-none-eabi/5.4.1/../../../../arm-none-eabi/lib/armv7e-m\libg_n.a(lib_a-wsetup.o)
                0x0800560c                __swsetup_r
 .text._close_r
                0x080056e8       0x20 c:/program files (x86)/embitz/1.11/share/em_armgcc/bin/../lib/gcc/arm-none-eabi/5.4.1/../../../../arm-none-eabi/lib/armv7e-m\libg_n.a(lib_a-closer.o)
                0x080056e8                _close_r
 .text._fstat_r
                0x08005708       0x24 c:/program files (x86)/embitz/1.11/share/em_armgcc/bin/../lib/gcc/arm-none-eabi/5.4.1/../../../../arm-none-eabi/lib/armv7e-m\libg_n.a(lib_a-fstatr.o)
                0x08005708                _fstat_r
 .text._isatty_r
                0x0800572c       0x20 c:/program files (x86)/embitz/1.11/share/em_armgcc/bin/../lib/gcc/arm-none-eabi/5.4.1/../../../../arm-none-eabi/lib/armv7e-m\libg_n.a(lib_a-isattyr.o)
                0x0800572c                _isatty_r
 .text._lseek_r
                0x0800574c       0x24 c:/program files (x86)/embitz/1.11/share/em_armgcc/bin/../lib/gcc/arm-none-eabi/5.4.1/../../../../arm-none-eabi/lib/armv7e-m\libg_n.a(lib_a-lseekr.o)
                0x0800574c                _lseek_r
 .text          0x08005770       0xa0 c:/program files (x86)/embitz/1.11/share/em_armgcc/bin/../lib/gcc/arm-none-eabi/5.4.1/../../../../arm-none-eabi/lib/armv7e-m\libg_n.a(lib_a-memchr.o)
                0x08005770                memchr
 .text.memcpy   0x08005810       0x16 c:/program files (x86)/embitz/1.11/share/em_armgcc/bin/../lib/gcc/arm-none-eabi/5.4.1/../../../../arm-none-eabi/lib/armv7e-m\libg_n.a(lib_a-memcpy-stub.o)
                0x08005810                memcpy
 .text.memmove  0x08005826       0x36 c:/program files (x86)/embitz/1.11/share/em_armgcc/bin/../lib/gcc/arm-none-eabi/5.4.1/../../../../arm-none-eabi/lib/armv7e-m\libg_n.a(lib_a-memmove.o)
                0x08005826                memmove
 .text.__malloc_lock
                0x0800585c        0x2 c:/program files (x86)/embitz/1.11/share/em_armgcc/bin/../lib/gcc/arm-none-eabi/5.4.1/../../../../arm-none-eabi/lib/armv7e-m\libg_n.a(lib_a-mlock.o)
                0x0800585c                __malloc_lock
 .text.__malloc_unlock
                0x0800585e        0x2 c:/program files (x86)/embitz/1.11/share/em_armgcc/bin/../lib/gcc/arm-none-eabi/5.4.1/../../../../arm-none-eabi/lib/armv7e-m\libg_n.a(lib_a-mlock.o)
                0x0800585e                __malloc_unlock
 .text._realloc_r
                0x08005860       0x4c c:/program files (x86)/embitz/1.11/share/em_armgcc/bin/../lib/gcc/arm-none-eabi/5.4.1/../../../../arm-none-eabi/lib/armv7e-m\libg_n.a(lib_a-nano-reallocr.o)
                0x08005860                _realloc_r
 .text._read_r  0x080058ac       0x24 c:/program files (x86)/embitz/1.11/share/em_armgcc/bin/../lib/gcc/arm-none-eabi/5.4.1/../../../../arm-none-eabi/lib/armv7e-m\libg_n.a(lib_a-readr.o)
                0x080058ac                _read_r
 .text._malloc_usable_size_r
                0x080058d0       0x14 c:/program files (x86)/embitz/1.11/share/em_armgcc/bin/../lib/gcc/arm-none-eabi/5.4.1/../../../../arm-none-eabi/lib/armv7e-m\libg_n.a(lib_a-nano-msizer.o)
                0x080058d0                _malloc_usable_size_r
 .text._close   0x080058e4       0x10 c:/program files (x86)/embitz/1.11/share/em_armgcc/bin/../lib/gcc/arm-none-eabi/5.4.1/../../../../arm-none-eabi/lib/armv7e-m\libnosys_s.a(close.o)
                0x080058e4                _close
 .text._fstat   0x080058f4       0x10 c:/program files (x86)/embitz/1.11/share/em_armgcc/bin/../lib/gcc/arm-none-eabi/5.4.1/../../../../arm-none-eabi/lib/armv7e-m\libnosys_s.a(fstat.o)
                0x080058f4                _fstat
 .text._gettimeofday
                0x08005904       0x10 c:/program files (x86)/embitz/1.11/share/em_armgcc/bin/../lib/gcc/arm-none-eabi/5.4.1/../../../../arm-none-eabi/lib/armv7e-m\libnosys_s.a(gettod.o)
                0x08005904                _gettimeofday
 .text._isatty  0x08005914       0x10 c:/program files (x86)/embitz/1.11/share/em_armgcc/bin/../lib/gcc/arm-none-eabi/5.4.1/../../../../arm-none-eabi/lib/armv7e-m\libnosys_s.a(isatty.o)
                0x08005914                _isatty
 .text._lseek   0x08005924       0x10 c:/program files (x86)/embitz/1.11/share/em_armgcc/bin/../lib/gcc/arm-none-eabi/5.4.1/../../../../arm-none-eabi/lib/armv7e-m\libnosys_s.a(lseek.o)
                0x08005924                _lseek
 .text._read    0x08005934       0x10 c:/program files (x86)/embitz/1.11/share/em_armgcc/bin/../lib/gcc/arm-none-eabi/5.4.1/../../../../arm-none-eabi/lib/armv7e-m\libnosys_s.a(read.o)
                0x08005934                _read
 .text._sbrk    0x08005944       0x1c c:/program files (x86)/embitz/1.11/share/em_armgcc/bin/../lib/gcc/arm-none-eabi/5.4.1/../../../../arm-none-eabi/lib/armv7e-m\libnosys_s.a(sbrk.o)
                0x08005944                _sbrk
 .text._exit    0x08005960        0x2 c:/program files (x86)/embitz/1.11/share/em_armgcc/bin/../lib/gcc/arm-none-eabi/5.4.1/../../../../arm-none-eabi/lib/armv7e-m\libnosys_s.a(_exit.o)
                0x08005960                _exit
 *(.init)
 *fill*         0x08005962        0x2 
 .init          0x08005964        0x4 c:/program files (x86)/embitz/1.11/share/em_armgcc/bin/../lib/gcc/arm-none-eabi/5.4.1/armv7e-m/crti.o
                0x08005964                _init
 .init          0x08005968        0x8 c:/program files (x86)/embitz/1.11/share/em_armgcc/bin/../lib/gcc/arm-none-eabi/5.4.1/armv7e-m/crtn.o
 *(.fini)
 .fini          0x08005970        0x4 c:/program files (x86)/embitz/1.11/share/em_armgcc/bin/../lib/gcc/arm-none-eabi/5.4.1/armv7e-m/crti.o
                0x08005970                _fini
 .fini          0x08005974        0x8 c:/program files (x86)/embitz/1.11/share/em_armgcc/bin/../lib/gcc/arm-none-eabi/5.4.1/armv7e-m/crtn.o
 *crtbegin.o(.ctors)
 *crtbegin?.o(.ctors)
 *(EXCLUDE_FILE(*crtend.o *crtend?.o) .ctors)
 *(SORT(.ctors.*))
 *(.ctors)
 *crtbegin.o(.dtors)
 *crtbegin?.o(.dtors)
 *(EXCLUDE_FILE(*crtend.o *crtend?.o) .dtors)
 *(SORT(.dtors.*))
 *(.dtors)
 *(.rodata*)
 .rodata        0x0800597c       0x33 obj\debug\src\ansi.o
 *fill*         0x080059af        0x1 
 .rodata.character_data
                0x080059b0      0x1db obj\debug\src\charset.o
                0x080059b0                character_data
 *fill*         0x08005b8b        0x1 
 .rodata        0x08005b8c       0x30 obj\debug\src\lcd.o
 .rodata.SIN    0x08005bbc      0x400 obj\debug\src\lut.o
                0x08005bbc                SIN
 .rodata        0x08005fbc        0x8 obj\debug\src\main.o
 .rodata        0x08005fc4      0x8ec obj\debug\src\menu.o
 .rodata        0x080068b0       0x77 obj\debug\src\striker.o
 .rodata.str1.1
                0x08006927        0x2 c:/program files (x86)/embitz/1.11/share/em_armgcc/bin/../lib/gcc/arm-none-eabi/5.4.1/../../../../arm-none-eabi/lib/armv7e-m\libg_n.a(lib_a-impure.o)
 *fill*         0x08006929        0x3 
 .rodata._global_impure_ptr
                0x0800692c        0x4 c:/program files (x86)/embitz/1.11/share/em_armgcc/bin/../lib/gcc/arm-none-eabi/5.4.1/../../../../arm-none-eabi/lib/armv7e-m\libg_n.a(lib_a-impure.o)
                0x0800692c                _global_impure_ptr
 .rodata.__sf_fake_stdin
                0x08006930       0x20 c:/program files (x86)/embitz/1.11/share/em_armgcc/bin/../lib/gcc/arm-none-eabi/5.4.1/../../../../arm-none-eabi/lib/armv7e-m\libg_n.a(lib_a-findfp.o)
                0x08006930                __sf_fake_stdin
 .rodata.__sf_fake_stdout
                0x08006950       0x20 c:/program files (x86)/embitz/1.11/share/em_armgcc/bin/../lib/gcc/arm-none-eabi/5.4.1/../../../../arm-none-eabi/lib/armv7e-m\libg_n.a(lib_a-findfp.o)
                0x08006950                __sf_fake_stdout
 .rodata.__sf_fake_stderr
                0x08006970       0x20 c:/program files (x86)/embitz/1.11/share/em_armgcc/bin/../lib/gcc/arm-none-eabi/5.4.1/../../../../arm-none-eabi/lib/armv7e-m\libg_n.a(lib_a-findfp.o)
                0x08006970                __sf_fake_stderr
 .rodata.str1.1
                0x08006990       0x11 c:/program files (x86)/embitz/1.11/share/em_armgcc/bin/../lib/gcc/arm-none-eabi/5.4.1/../../../../arm-none-eabi/lib/armv7e-m\libg_n.a(lib_a-nano-svfprintf.o)
 .rodata.str1.1
                0x080069a1       0x11 c:/program files (x86)/embitz/1.11/share/em_armgcc/bin/../lib/gcc/arm-none-eabi/5.4.1/../../../../arm-none-eabi/lib/armv7e-m\libg_n.a(lib_a-nano-vfprintf.o)
 .rodata.str1.1
                0x080069a1       0x22 c:/program files (x86)/embitz/1.11/share/em_armgcc/bin/../lib/gcc/arm-none-eabi/5.4.1/../../../../arm-none-eabi/lib/armv7e-m\libg_n.a(lib_a-nano-vfprintf_i.o)
 *(.eh_frame*)
 *fill*         0x080069c3        0x1 
 .eh_frame      0x080069c4        0x0 c:/program files (x86)/embitz/1.11/share/em_armgcc/bin/../lib/gcc/arm-none-eabi/5.4.1/armv7e-m/crtbegin.o
 .eh_frame      0x080069c4        0x4 c:/program files (x86)/embitz/1.11/share/em_armgcc/bin/../lib/gcc/arm-none-eabi/5.4.1/armv7e-m/crtend.o

.glue_7         0x080069c8        0x0
 .glue_7        0x080069c8        0x0 linker stubs

.glue_7t        0x080069c8        0x0
 .glue_7t       0x080069c8        0x0 linker stubs

.vfp11_veneer   0x080069c8        0x0
 .vfp11_veneer  0x080069c8        0x0 linker stubs

.v4_bx          0x080069c8        0x0
 .v4_bx         0x080069c8        0x0 linker stubs

.iplt           0x080069c8        0x0
 .iplt          0x080069c8        0x0 c:/program files (x86)/embitz/1.11/share/em_armgcc/bin/../lib/gcc/arm-none-eabi/5.4.1/armv7e-m/crtbegin.o

.ARM.extab
 *(.ARM.extab* .gnu.linkonce.armextab.*)
                0x080069c8                __exidx_start = .

.ARM.exidx      0x080069c8        0x8
 *(.ARM.exidx* .gnu.linkonce.armexidx.*)
 .ARM.exidx     0x080069c8        0x8 c:/program files (x86)/embitz/1.11/share/em_armgcc/bin/../lib/gcc/arm-none-eabi/5.4.1/../../../../arm-none-eabi/lib/armv7e-m/crt0.o
                0x080069d0                __exidx_end = .
                0x080069d0                __etext = .

.rel.dyn        0x080069d0        0x0
 .rel.iplt      0x080069d0        0x0 c:/program files (x86)/embitz/1.11/share/em_armgcc/bin/../lib/gcc/arm-none-eabi/5.4.1/armv7e-m/crtbegin.o

.data           0x20000000       0x98 load address 0x080069d0
                0x20000000                __data_start__ = .
 *(vtable)
 *(.data*)
 .data.APBAHBPrescTable
                0x20000000       0x10 obj\debug\spl\src\stm32f30x_rcc.o
 .data.ADCPrescTable
                0x20000010       0x1a obj\debug\spl\src\stm32f30x_rcc.o
 *fill*         0x2000002a        0x2 
 .data.impure_data
                0x2000002c       0x60 c:/program files (x86)/embitz/1.11/share/em_armgcc/bin/../lib/gcc/arm-none-eabi/5.4.1/../../../../arm-none-eabi/lib/armv7e-m\libg_n.a(lib_a-impure.o)
 .data._impure_ptr
                0x2000008c        0x4 c:/program files (x86)/embitz/1.11/share/em_armgcc/bin/../lib/gcc/arm-none-eabi/5.4.1/../../../../arm-none-eabi/lib/armv7e-m\libg_n.a(lib_a-impure.o)
                0x2000008c                _impure_ptr
                0x20000090                . = ALIGN (0x4)
                0x20000090                PROVIDE (__preinit_array_start, .)
 *(.preinit_array)
                0x20000090                PROVIDE (__preinit_array_end, .)
                0x20000090                . = ALIGN (0x4)
                0x20000090                PROVIDE (__init_array_start, .)
 *(SORT(.init_array.*))
 *(.init_array)
 .init_array    0x20000090        0x4 c:/program files (x86)/embitz/1.11/share/em_armgcc/bin/../lib/gcc/arm-none-eabi/5.4.1/armv7e-m/crtbegin.o
                0x20000094                PROVIDE (__init_array_end, .)
                0x20000094                . = ALIGN (0x4)
                [!provide]                PROVIDE (__fini_array_start, .)
 *(SORT(.fini_array.*))
 *(.fini_array)
 .fini_array    0x20000094        0x4 c:/program files (x86)/embitz/1.11/share/em_armgcc/bin/../lib/gcc/arm-none-eabi/5.4.1/armv7e-m/crtbegin.o
                [!provide]                PROVIDE (__fini_array_end, .)
                0x20000098                . = ALIGN (0x4)
                0x20000098                __data_end__ = .

.jcr            0x20000098        0x0 load address 0x08006a68
 .jcr           0x20000098        0x0 c:/program files (x86)/embitz/1.11/share/em_armgcc/bin/../lib/gcc/arm-none-eabi/5.4.1/armv7e-m/crtbegin.o

.igot.plt       0x20000098        0x0 load address 0x08006a68
 .igot.plt      0x20000098        0x0 c:/program files (x86)/embitz/1.11/share/em_armgcc/bin/../lib/gcc/arm-none-eabi/5.4.1/armv7e-m/crtbegin.o

.bss            0x20000098       0x38 load address 0x08006a68
                0x20000098                __bss_start__ = .
 *(.bss*)
 .bss           0x20000098       0x1c c:/program files (x86)/embitz/1.11/share/em_armgcc/bin/../lib/gcc/arm-none-eabi/5.4.1/armv7e-m/crtbegin.o
 .bss.__malloc_sbrk_start
                0x200000b4        0x4 c:/program files (x86)/embitz/1.11/share/em_armgcc/bin/../lib/gcc/arm-none-eabi/5.4.1/../../../../arm-none-eabi/lib/armv7e-m\libg_n.a(lib_a-nano-mallocr.o)
                0x200000b4                __malloc_sbrk_start
 .bss.__malloc_free_list
                0x200000b8        0x4 c:/program files (x86)/embitz/1.11/share/em_armgcc/bin/../lib/gcc/arm-none-eabi/5.4.1/../../../../arm-none-eabi/lib/armv7e-m\libg_n.a(lib_a-nano-mallocr.o)
                0x200000b8                __malloc_free_list
 .bss.heap_end.4167
                0x200000bc        0x4 c:/program files (x86)/embitz/1.11/share/em_armgcc/bin/../lib/gcc/arm-none-eabi/5.4.1/../../../../arm-none-eabi/lib/armv7e-m\libnosys_s.a(sbrk.o)
 *(COMMON)
 COMMON         0x200000c0        0x8 obj\debug\src\ball.o
                0x200000c0                t
 COMMON         0x200000c8        0x1 obj\debug\src\our_timer.o
                0x200000c8                t_flag
 *fill*         0x200000c9        0x3 
 COMMON         0x200000cc        0x4 c:/program files (x86)/embitz/1.11/share/em_armgcc/bin/../lib/gcc/arm-none-eabi/5.4.1/../../../../arm-none-eabi/lib/armv7e-m\libg_n.a(lib_a-reent.o)
                0x200000cc                errno
                0x200000d0                __bss_end__ = .

.heap           0x200000d0        0x0
                0x200000d0                __end__ = .
                0x200000d0                end = __end__
 *(.heap*)
 .heap          0x200000d0        0x0 obj\debug\src\startup_stm32f30x.o
                0x200000d0                __HeapLimit = .

.stack_dummy    0x200000d0      0x100
 *(.stack)
 .stack         0x200000d0      0x100 obj\debug\src\startup_stm32f30x.o
                0x20004000                __StackTop = (ORIGIN (RAM) + LENGTH (RAM))
                0x20003f00                __StackLimit = (__StackTop - SIZEOF (.stack_dummy))
                0x20004000                PROVIDE (__stack, __StackTop)
                0x00000001                ASSERT ((__StackLimit >= __HeapLimit), region RAM overflowed with stack)
LOAD obj\debug\spl\src\stm32f30x_adc.o
LOAD obj\debug\spl\src\stm32f30x_can.o
LOAD obj\debug\spl\src\stm32f30x_comp.o
LOAD obj\debug\spl\src\stm32f30x_crc.o
LOAD obj\debug\spl\src\stm32f30x_dac.o
LOAD obj\debug\spl\src\stm32f30x_dbgmcu.o
LOAD obj\debug\spl\src\stm32f30x_dma.o
LOAD obj\debug\spl\src\stm32f30x_exti.o
LOAD obj\debug\spl\src\stm32f30x_flash.o
LOAD obj\debug\spl\src\stm32f30x_gpio.o
LOAD obj\debug\spl\src\stm32f30x_i2c.o
LOAD obj\debug\spl\src\stm32f30x_iwdg.o
LOAD obj\debug\spl\src\stm32f30x_misc.o
LOAD obj\debug\spl\src\stm32f30x_opamp.o
LOAD obj\debug\spl\src\stm32f30x_pwr.o
LOAD obj\debug\spl\src\stm32f30x_rcc.o
LOAD obj\debug\spl\src\stm32f30x_rtc.o
LOAD obj\debug\spl\src\stm32f30x_spi.o
LOAD obj\debug\spl\src\stm32f30x_syscfg.o
LOAD obj\debug\spl\src\stm32f30x_tim.o
LOAD obj\debug\spl\src\stm32f30x_usart.o
LOAD obj\debug\spl\src\stm32f30x_wwdg.o
LOAD obj\debug\src\30010_io.o
LOAD obj\debug\src\ansi.o
LOAD obj\debug\src\ball.o
LOAD obj\debug\src\block_control.o
LOAD obj\debug\src\charset.o
LOAD obj\debug\src\config_project.o
LOAD obj\debug\src\controller.o
LOAD obj\debug\src\lcd.o
LOAD obj\debug\src\lut.o
LOAD obj\debug\src\main.o
LOAD obj\debug\src\menu.o
LOAD obj\debug\src\our_timer.o
LOAD obj\debug\src\power_up.o
LOAD obj\debug\src\startup_stm32f30x.o
LOAD obj\debug\src\striker.o
LOAD obj\debug\src\system_stm32f30x.o
LOAD obj\debug\src\trig.o
START GROUP
LOAD c:/program files (x86)/embitz/1.11/share/em_armgcc/bin/../lib/gcc/arm-none-eabi/5.4.1/armv7e-m\libgcc.a
LOAD c:/program files (x86)/embitz/1.11/share/em_armgcc/bin/../lib/gcc/arm-none-eabi/5.4.1/../../../../arm-none-eabi/lib/armv7e-m\libg_n.a
LOAD c:/program files (x86)/embitz/1.11/share/em_armgcc/bin/../lib/gcc/arm-none-eabi/5.4.1/../../../../arm-none-eabi/lib/armv7e-m\libc_n.a
END GROUP
START GROUP
LOAD c:/program files (x86)/embitz/1.11/share/em_armgcc/bin/../lib/gcc/arm-none-eabi/5.4.1/armv7e-m\libgcc.a
LOAD c:/program files (x86)/embitz/1.11/share/em_armgcc/bin/../lib/gcc/arm-none-eabi/5.4.1/../../../../arm-none-eabi/lib/armv7e-m\libc_n.a
LOAD c:/program files (x86)/embitz/1.11/share/em_armgcc/bin/../lib/gcc/arm-none-eabi/5.4.1/../../../../arm-none-eabi/lib/armv7e-m\libnosys_s.a
END GROUP
LOAD c:/program files (x86)/embitz/1.11/share/em_armgcc/bin/../lib/gcc/arm-none-eabi/5.4.1/armv7e-m/crtend.o
LOAD c:/program files (x86)/embitz/1.11/share/em_armgcc/bin/../lib/gcc/arm-none-eabi/5.4.1/armv7e-m/crtn.o
OUTPUT(bin\Debug\Programmerings Project.elf elf32-littlearm)

.ARM.attributes
                0x00000000       0x2a
 .ARM.attributes
                0x00000000       0x1e c:/program files (x86)/embitz/1.11/share/em_armgcc/bin/../lib/gcc/arm-none-eabi/5.4.1/armv7e-m/crti.o
 .ARM.attributes
                0x0000001e       0x2e c:/program files (x86)/embitz/1.11/share/em_armgcc/bin/../lib/gcc/arm-none-eabi/5.4.1/armv7e-m/crtbegin.o
 .ARM.attributes
                0x0000004c       0x1c c:/program files (x86)/embitz/1.11/share/em_armgcc/bin/../lib/gcc/arm-none-eabi/5.4.1/../../../../arm-none-eabi/lib/armv7e-m/crt0.o
 .ARM.attributes
                0x00000068       0x33 obj\debug\spl\src\stm32f30x_adc.o
 .ARM.attributes
                0x0000009b       0x33 obj\debug\spl\src\stm32f30x_rcc.o
 .ARM.attributes
                0x000000ce       0x33 obj\debug\spl\src\stm32f30x_spi.o
 .ARM.attributes
                0x00000101       0x33 obj\debug\spl\src\stm32f30x_usart.o
 .ARM.attributes
                0x00000134       0x33 obj\debug\src\30010_io.o
 .ARM.attributes
                0x00000167       0x33 obj\debug\src\ansi.o
 .ARM.attributes
                0x0000019a       0x33 obj\debug\src\ball.o
 .ARM.attributes
                0x000001cd       0x33 obj\debug\src\block_control.o
 .ARM.attributes
                0x00000200       0x33 obj\debug\src\charset.o
 .ARM.attributes
                0x00000233       0x33 obj\debug\src\config_project.o
 .ARM.attributes
                0x00000266       0x33 obj\debug\src\controller.o
 .ARM.attributes
                0x00000299       0x33 obj\debug\src\lcd.o
 .ARM.attributes
                0x000002cc       0x33 obj\debug\src\lut.o
 .ARM.attributes
                0x000002ff       0x33 obj\debug\src\main.o
 .ARM.attributes
                0x00000332       0x33 obj\debug\src\menu.o
 .ARM.attributes
                0x00000365       0x33 obj\debug\src\our_timer.o
 .ARM.attributes
                0x00000398       0x33 obj\debug\src\power_up.o
 .ARM.attributes
                0x000003cb       0x1b obj\debug\src\startup_stm32f30x.o
 .ARM.attributes
                0x000003e6       0x33 obj\debug\src\striker.o
 .ARM.attributes
                0x00000419       0x33 obj\debug\src\system_stm32f30x.o
 .ARM.attributes
                0x0000044c       0x33 obj\debug\src\trig.o
 .ARM.attributes
                0x0000047f       0x2e c:/program files (x86)/embitz/1.11/share/em_armgcc/bin/../lib/gcc/arm-none-eabi/5.4.1/../../../../arm-none-eabi/lib/armv7e-m\libg_n.a(lib_a-exit.o)
 .ARM.attributes
                0x000004ad       0x2e c:/program files (x86)/embitz/1.11/share/em_armgcc/bin/../lib/gcc/arm-none-eabi/5.4.1/../../../../arm-none-eabi/lib/armv7e-m\libg_n.a(lib_a-impure.o)
 .ARM.attributes
                0x000004db       0x2e c:/program files (x86)/embitz/1.11/share/em_armgcc/bin/../lib/gcc/arm-none-eabi/5.4.1/../../../../arm-none-eabi/lib/armv7e-m\libg_n.a(lib_a-init.o)
 .ARM.attributes
                0x00000509       0x2e c:/program files (x86)/embitz/1.11/share/em_armgcc/bin/../lib/gcc/arm-none-eabi/5.4.1/../../../../arm-none-eabi/lib/armv7e-m\libg_n.a(lib_a-memset.o)
 .ARM.attributes
                0x00000537       0x2e c:/program files (x86)/embitz/1.11/share/em_armgcc/bin/../lib/gcc/arm-none-eabi/5.4.1/../../../../arm-none-eabi/lib/armv7e-m\libg_n.a(lib_a-printf.o)
 .ARM.attributes
                0x00000565       0x2e c:/program files (x86)/embitz/1.11/share/em_armgcc/bin/../lib/gcc/arm-none-eabi/5.4.1/../../../../arm-none-eabi/lib/armv7e-m\libg_n.a(lib_a-putchar.o)
 .ARM.attributes
                0x00000593       0x2e c:/program files (x86)/embitz/1.11/share/em_armgcc/bin/../lib/gcc/arm-none-eabi/5.4.1/../../../../arm-none-eabi/lib/armv7e-m\libg_n.a(lib_a-rand.o)
 .ARM.attributes
                0x000005c1       0x2e c:/program files (x86)/embitz/1.11/share/em_armgcc/bin/../lib/gcc/arm-none-eabi/5.4.1/../../../../arm-none-eabi/lib/armv7e-m\libg_n.a(lib_a-setbuf.o)
 .ARM.attributes
                0x000005ef       0x2e c:/program files (x86)/embitz/1.11/share/em_armgcc/bin/../lib/gcc/arm-none-eabi/5.4.1/../../../../arm-none-eabi/lib/armv7e-m\libg_n.a(lib_a-setvbuf.o)
 .ARM.attributes
                0x0000061d       0x2e c:/program files (x86)/embitz/1.11/share/em_armgcc/bin/../lib/gcc/arm-none-eabi/5.4.1/../../../../arm-none-eabi/lib/armv7e-m\libg_n.a(lib_a-sprintf.o)
 .ARM.attributes
                0x0000064b       0x2e c:/program files (x86)/embitz/1.11/share/em_armgcc/bin/../lib/gcc/arm-none-eabi/5.4.1/../../../../arm-none-eabi/lib/armv7e-m\libg_n.a(lib_a-time.o)
 .ARM.attributes
                0x00000679       0x2e c:/program files (x86)/embitz/1.11/share/em_armgcc/bin/../lib/gcc/arm-none-eabi/5.4.1/../../../../arm-none-eabi/lib/armv7e-m\libg_n.a(lib_a-fflush.o)
 .ARM.attributes
                0x000006a7       0x2e c:/program files (x86)/embitz/1.11/share/em_armgcc/bin/../lib/gcc/arm-none-eabi/5.4.1/../../../../arm-none-eabi/lib/armv7e-m\libg_n.a(lib_a-findfp.o)
 .ARM.attributes
                0x000006d5       0x2e c:/program files (x86)/embitz/1.11/share/em_armgcc/bin/../lib/gcc/arm-none-eabi/5.4.1/../../../../arm-none-eabi/lib/armv7e-m\libg_n.a(lib_a-fwalk.o)
 .ARM.attributes
                0x00000703       0x2e c:/program files (x86)/embitz/1.11/share/em_armgcc/bin/../lib/gcc/arm-none-eabi/5.4.1/../../../../arm-none-eabi/lib/armv7e-m\libg_n.a(lib_a-gettimeofdayr.o)
 .ARM.attributes
                0x00000731       0x2e c:/program files (x86)/embitz/1.11/share/em_armgcc/bin/../lib/gcc/arm-none-eabi/5.4.1/../../../../arm-none-eabi/lib/armv7e-m\libg_n.a(lib_a-makebuf.o)
 .ARM.attributes
                0x0000075f       0x2e c:/program files (x86)/embitz/1.11/share/em_armgcc/bin/../lib/gcc/arm-none-eabi/5.4.1/../../../../arm-none-eabi/lib/armv7e-m\libg_n.a(lib_a-malloc.o)
 .ARM.attributes
                0x0000078d       0x2e c:/program files (x86)/embitz/1.11/share/em_armgcc/bin/../lib/gcc/arm-none-eabi/5.4.1/../../../../arm-none-eabi/lib/armv7e-m\libg_n.a(lib_a-nano-freer.o)
 .ARM.attributes
                0x000007bb       0x2e c:/program files (x86)/embitz/1.11/share/em_armgcc/bin/../lib/gcc/arm-none-eabi/5.4.1/../../../../arm-none-eabi/lib/armv7e-m\libg_n.a(lib_a-nano-mallocr.o)
 .ARM.attributes
                0x000007e9       0x2e c:/program files (x86)/embitz/1.11/share/em_armgcc/bin/../lib/gcc/arm-none-eabi/5.4.1/../../../../arm-none-eabi/lib/armv7e-m\libg_n.a(lib_a-nano-svfprintf.o)
 .ARM.attributes
                0x00000817       0x2e c:/program files (x86)/embitz/1.11/share/em_armgcc/bin/../lib/gcc/arm-none-eabi/5.4.1/../../../../arm-none-eabi/lib/armv7e-m\libg_n.a(lib_a-nano-vfprintf.o)
 .ARM.attributes
                0x00000845       0x2e c:/program files (x86)/embitz/1.11/share/em_armgcc/bin/../lib/gcc/arm-none-eabi/5.4.1/../../../../arm-none-eabi/lib/armv7e-m\libg_n.a(lib_a-nano-vfprintf_i.o)
 .ARM.attributes
                0x00000873       0x2e c:/program files (x86)/embitz/1.11/share/em_armgcc/bin/../lib/gcc/arm-none-eabi/5.4.1/../../../../arm-none-eabi/lib/armv7e-m\libg_n.a(lib_a-putc.o)
 .ARM.attributes
                0x000008a1       0x2e c:/program files (x86)/embitz/1.11/share/em_armgcc/bin/../lib/gcc/arm-none-eabi/5.4.1/../../../../arm-none-eabi/lib/armv7e-m\libg_n.a(lib_a-reent.o)
 .ARM.attributes
                0x000008cf       0x2e c:/program files (x86)/embitz/1.11/share/em_armgcc/bin/../lib/gcc/arm-none-eabi/5.4.1/../../../../arm-none-eabi/lib/armv7e-m\libg_n.a(lib_a-sbrkr.o)
 .ARM.attributes
                0x000008fd       0x2e c:/program files (x86)/embitz/1.11/share/em_armgcc/bin/../lib/gcc/arm-none-eabi/5.4.1/../../../../arm-none-eabi/lib/armv7e-m\libg_n.a(lib_a-stdio.o)
 .ARM.attributes
                0x0000092b       0x2e c:/program files (x86)/embitz/1.11/share/em_armgcc/bin/../lib/gcc/arm-none-eabi/5.4.1/../../../../arm-none-eabi/lib/armv7e-m\libg_n.a(lib_a-wbuf.o)
 .ARM.attributes
                0x00000959       0x2e c:/program files (x86)/embitz/1.11/share/em_armgcc/bin/../lib/gcc/arm-none-eabi/5.4.1/../../../../arm-none-eabi/lib/armv7e-m\libg_n.a(lib_a-wsetup.o)
 .ARM.attributes
                0x00000987       0x2e c:/program files (x86)/embitz/1.11/share/em_armgcc/bin/../lib/gcc/arm-none-eabi/5.4.1/../../../../arm-none-eabi/lib/armv7e-m\libg_n.a(lib_a-closer.o)
 .ARM.attributes
                0x000009b5       0x2e c:/program files (x86)/embitz/1.11/share/em_armgcc/bin/../lib/gcc/arm-none-eabi/5.4.1/../../../../arm-none-eabi/lib/armv7e-m\libg_n.a(lib_a-fstatr.o)
 .ARM.attributes
                0x000009e3       0x2e c:/program files (x86)/embitz/1.11/share/em_armgcc/bin/../lib/gcc/arm-none-eabi/5.4.1/../../../../arm-none-eabi/lib/armv7e-m\libg_n.a(lib_a-isattyr.o)
 .ARM.attributes
                0x00000a11       0x2e c:/program files (x86)/embitz/1.11/share/em_armgcc/bin/../lib/gcc/arm-none-eabi/5.4.1/../../../../arm-none-eabi/lib/armv7e-m\libg_n.a(lib_a-lseekr.o)
 .ARM.attributes
                0x00000a3f       0x1c c:/program files (x86)/embitz/1.11/share/em_armgcc/bin/../lib/gcc/arm-none-eabi/5.4.1/../../../../arm-none-eabi/lib/armv7e-m\libg_n.a(lib_a-memchr.o)
 .ARM.attributes
                0x00000a5b       0x2e c:/program files (x86)/embitz/1.11/share/em_armgcc/bin/../lib/gcc/arm-none-eabi/5.4.1/../../../../arm-none-eabi/lib/armv7e-m\libg_n.a(lib_a-memcpy-stub.o)
 .ARM.attributes
                0x00000a89       0x2e c:/program files (x86)/embitz/1.11/share/em_armgcc/bin/../lib/gcc/arm-none-eabi/5.4.1/../../../../arm-none-eabi/lib/armv7e-m\libg_n.a(lib_a-memmove.o)
 .ARM.attributes
                0x00000ab7       0x2e c:/program files (x86)/embitz/1.11/share/em_armgcc/bin/../lib/gcc/arm-none-eabi/5.4.1/../../../../arm-none-eabi/lib/armv7e-m\libg_n.a(lib_a-mlock.o)
 .ARM.attributes
                0x00000ae5       0x2e c:/program files (x86)/embitz/1.11/share/em_armgcc/bin/../lib/gcc/arm-none-eabi/5.4.1/../../../../arm-none-eabi/lib/armv7e-m\libg_n.a(lib_a-nano-reallocr.o)
 .ARM.attributes
                0x00000b13       0x2e c:/program files (x86)/embitz/1.11/share/em_armgcc/bin/../lib/gcc/arm-none-eabi/5.4.1/../../../../arm-none-eabi/lib/armv7e-m\libg_n.a(lib_a-readr.o)
 .ARM.attributes
                0x00000b41       0x2e c:/program files (x86)/embitz/1.11/share/em_armgcc/bin/../lib/gcc/arm-none-eabi/5.4.1/../../../../arm-none-eabi/lib/armv7e-m\libg_n.a(lib_a-nano-msizer.o)
 .ARM.attributes
                0x00000b6f       0x2e c:/program files (x86)/embitz/1.11/share/em_armgcc/bin/../lib/gcc/arm-none-eabi/5.4.1/../../../../arm-none-eabi/lib/armv7e-m\libnosys_s.a(close.o)
 .ARM.attributes
                0x00000b9d       0x2e c:/program files (x86)/embitz/1.11/share/em_armgcc/bin/../lib/gcc/arm-none-eabi/5.4.1/../../../../arm-none-eabi/lib/armv7e-m\libnosys_s.a(fstat.o)
 .ARM.attributes
                0x00000bcb       0x2e c:/program files (x86)/embitz/1.11/share/em_armgcc/bin/../lib/gcc/arm-none-eabi/5.4.1/../../../../arm-none-eabi/lib/armv7e-m\libnosys_s.a(gettod.o)
 .ARM.attributes
                0x00000bf9       0x2e c:/program files (x86)/embitz/1.11/share/em_armgcc/bin/../lib/gcc/arm-none-eabi/5.4.1/../../../../arm-none-eabi/lib/armv7e-m\libnosys_s.a(isatty.o)
 .ARM.attributes
                0x00000c27       0x2e c:/program files (x86)/embitz/1.11/share/em_armgcc/bin/../lib/gcc/arm-none-eabi/5.4.1/../../../../arm-none-eabi/lib/armv7e-m\libnosys_s.a(lseek.o)
 .ARM.attributes
                0x00000c55       0x2e c:/program files (x86)/embitz/1.11/share/em_armgcc/bin/../lib/gcc/arm-none-eabi/5.4.1/../../../../arm-none-eabi/lib/armv7e-m\libnosys_s.a(read.o)
 .ARM.attributes
                0x00000c83       0x2e c:/program files (x86)/embitz/1.11/share/em_armgcc/bin/../lib/gcc/arm-none-eabi/5.4.1/../../../../arm-none-eabi/lib/armv7e-m\libnosys_s.a(sbrk.o)
 .ARM.attributes
                0x00000cb1       0x2e c:/program files (x86)/embitz/1.11/share/em_armgcc/bin/../lib/gcc/arm-none-eabi/5.4.1/../../../../arm-none-eabi/lib/armv7e-m\libnosys_s.a(_exit.o)
 .ARM.attributes
                0x00000cdf       0x2e c:/program files (x86)/embitz/1.11/share/em_armgcc/bin/../lib/gcc/arm-none-eabi/5.4.1/armv7e-m/crtend.o
 .ARM.attributes
                0x00000d0d       0x1e c:/program files (x86)/embitz/1.11/share/em_armgcc/bin/../lib/gcc/arm-none-eabi/5.4.1/armv7e-m/crtn.o

.comment        0x00000000       0x6e
 .comment       0x00000000       0x6e obj\debug\spl\src\stm32f30x_adc.o
                                 0x6f (size before relaxing)
 .comment       0x0000006e       0x6f obj\debug\spl\src\stm32f30x_rcc.o
 .comment       0x0000006e       0x6f obj\debug\spl\src\stm32f30x_spi.o
 .comment       0x0000006e       0x6f obj\debug\spl\src\stm32f30x_usart.o
 .comment       0x0000006e       0x6f obj\debug\src\30010_io.o
 .comment       0x0000006e       0x6f obj\debug\src\ansi.o
 .comment       0x0000006e       0x6f obj\debug\src\ball.o
 .comment       0x0000006e       0x6f obj\debug\src\block_control.o
 .comment       0x0000006e       0x6f obj\debug\src\charset.o
 .comment       0x0000006e       0x6f obj\debug\src\config_project.o
 .comment       0x0000006e       0x6f obj\debug\src\controller.o
 .comment       0x0000006e       0x6f obj\debug\src\lcd.o
 .comment       0x0000006e       0x6f obj\debug\src\lut.o
 .comment       0x0000006e       0x6f obj\debug\src\main.o
 .comment       0x0000006e       0x6f obj\debug\src\menu.o
 .comment       0x0000006e       0x6f obj\debug\src\our_timer.o
 .comment       0x0000006e       0x6f obj\debug\src\power_up.o
 .comment       0x0000006e       0x6f obj\debug\src\striker.o
 .comment       0x0000006e       0x6f obj\debug\src\system_stm32f30x.o
 .comment       0x0000006e       0x6f obj\debug\src\trig.o

.debug_info     0x00000000     0x7e56
 .debug_info    0x00000000     0x1327 obj\debug\spl\src\stm32f30x_adc.o
 .debug_info    0x00001327      0xad4 obj\debug\spl\src\stm32f30x_rcc.o
 .debug_info    0x00001dfb      0xb82 obj\debug\spl\src\stm32f30x_spi.o
 .debug_info    0x0000297d      0xecc obj\debug\spl\src\stm32f30x_usart.o
 .debug_info    0x00003849      0xf04 obj\debug\src\30010_io.o
 .debug_info    0x0000474d      0x227 obj\debug\src\ansi.o
 .debug_info    0x00004974      0x36b obj\debug\src\ball.o
 .debug_info    0x00004cdf      0x54d obj\debug\src\block_control.o
 .debug_info    0x0000522c       0x61 obj\debug\src\charset.o
 .debug_info    0x0000528d      0x1ad obj\debug\src\config_project.o
 .debug_info    0x0000543a      0x6e0 obj\debug\src\controller.o
 .debug_info    0x00005b1a      0x27e obj\debug\src\lcd.o
 .debug_info    0x00005d98       0xfe obj\debug\src\lut.o
 .debug_info    0x00005e96      0x3b9 obj\debug\src\main.o
 .debug_info    0x0000624f      0x477 obj\debug\src\menu.o
 .debug_info    0x000066c6      0x973 obj\debug\src\our_timer.o
 .debug_info    0x00007039      0x340 obj\debug\src\power_up.o
 .debug_info    0x00007379       0x81 obj\debug\src\startup_stm32f30x.o
 .debug_info    0x000073fa      0x44a obj\debug\src\striker.o
 .debug_info    0x00007844      0x470 obj\debug\src\system_stm32f30x.o
 .debug_info    0x00007cb4      0x1a2 obj\debug\src\trig.o

.debug_abbrev   0x00000000     0x1927
 .debug_abbrev  0x00000000      0x197 obj\debug\spl\src\stm32f30x_adc.o
 .debug_abbrev  0x00000197      0x1ea obj\debug\spl\src\stm32f30x_rcc.o
 .debug_abbrev  0x00000381      0x190 obj\debug\spl\src\stm32f30x_spi.o
 .debug_abbrev  0x00000511      0x15c obj\debug\spl\src\stm32f30x_usart.o
 .debug_abbrev  0x0000066d      0x27d obj\debug\src\30010_io.o
 .debug_abbrev  0x000008ea       0xa0 obj\debug\src\ansi.o
 .debug_abbrev  0x0000098a      0x10c obj\debug\src\ball.o
 .debug_abbrev  0x00000a96      0x12f obj\debug\src\block_control.o
 .debug_abbrev  0x00000bc5       0x48 obj\debug\src\charset.o
 .debug_abbrev  0x00000c0d       0xc3 obj\debug\src\config_project.o
 .debug_abbrev  0x00000cd0      0x19e obj\debug\src\controller.o
 .debug_abbrev  0x00000e6e      0x136 obj\debug\src\lcd.o
 .debug_abbrev  0x00000fa4       0xa7 obj\debug\src\lut.o
 .debug_abbrev  0x0000104b       0xf0 obj\debug\src\main.o
 .debug_abbrev  0x0000113b      0x17f obj\debug\src\menu.o
 .debug_abbrev  0x000012ba      0x1ec obj\debug\src\our_timer.o
 .debug_abbrev  0x000014a6      0x113 obj\debug\src\power_up.o
 .debug_abbrev  0x000015b9       0x14 obj\debug\src\startup_stm32f30x.o
 .debug_abbrev  0x000015cd      0x12b obj\debug\src\striker.o
 .debug_abbrev  0x000016f8      0x11a obj\debug\src\system_stm32f30x.o
 .debug_abbrev  0x00001812      0x115 obj\debug\src\trig.o

.debug_aranges  0x00000000      0x990
 .debug_aranges
                0x00000000      0x210 obj\debug\spl\src\stm32f30x_adc.o
 .debug_aranges
                0x00000210      0x150 obj\debug\spl\src\stm32f30x_rcc.o
 .debug_aranges
                0x00000360      0x118 obj\debug\spl\src\stm32f30x_spi.o
 .debug_aranges
                0x00000478      0x1a0 obj\debug\spl\src\stm32f30x_usart.o
 .debug_aranges
                0x00000618       0x58 obj\debug\src\30010_io.o
 .debug_aranges
                0x00000670       0x40 obj\debug\src\ansi.o
 .debug_aranges
                0x000006b0       0x30 obj\debug\src\ball.o
 .debug_aranges
                0x000006e0       0x38 obj\debug\src\block_control.o
 .debug_aranges
                0x00000718       0x18 obj\debug\src\charset.o
 .debug_aranges
                0x00000730       0x20 obj\debug\src\config_project.o
 .debug_aranges
                0x00000750       0x48 obj\debug\src\controller.o
 .debug_aranges
                0x00000798       0x30 obj\debug\src\lcd.o
 .debug_aranges
                0x000007c8       0x20 obj\debug\src\lut.o
 .debug_aranges
                0x000007e8       0x20 obj\debug\src\main.o
 .debug_aranges
                0x00000808       0x58 obj\debug\src\menu.o
 .debug_aranges
                0x00000860       0x50 obj\debug\src\our_timer.o
 .debug_aranges
                0x000008b0       0x28 obj\debug\src\power_up.o
 .debug_aranges
                0x000008d8       0x20 obj\debug\src\startup_stm32f30x.o
 .debug_aranges
                0x000008f8       0x38 obj\debug\src\striker.o
 .debug_aranges
                0x00000930       0x30 obj\debug\src\system_stm32f30x.o
 .debug_aranges
                0x00000960       0x30 obj\debug\src\trig.o

.debug_ranges   0x00000000      0x840
 .debug_ranges  0x00000000      0x200 obj\debug\spl\src\stm32f30x_adc.o
 .debug_ranges  0x00000200      0x140 obj\debug\spl\src\stm32f30x_rcc.o
 .debug_ranges  0x00000340      0x108 obj\debug\spl\src\stm32f30x_spi.o
 .debug_ranges  0x00000448      0x190 obj\debug\spl\src\stm32f30x_usart.o
 .debug_ranges  0x000005d8       0x48 obj\debug\src\30010_io.o
 .debug_ranges  0x00000620       0x30 obj\debug\src\ansi.o
 .debug_ranges  0x00000650       0x20 obj\debug\src\ball.o
 .debug_ranges  0x00000670       0x28 obj\debug\src\block_control.o
 .debug_ranges  0x00000698       0x10 obj\debug\src\config_project.o
 .debug_ranges  0x000006a8       0x38 obj\debug\src\controller.o
 .debug_ranges  0x000006e0       0x20 obj\debug\src\lcd.o
 .debug_ranges  0x00000700       0x10 obj\debug\src\lut.o
 .debug_ranges  0x00000710       0x10 obj\debug\src\main.o
 .debug_ranges  0x00000720       0x48 obj\debug\src\menu.o
 .debug_ranges  0x00000768       0x40 obj\debug\src\our_timer.o
 .debug_ranges  0x000007a8       0x30 obj\debug\src\power_up.o
 .debug_ranges  0x000007d8       0x28 obj\debug\src\striker.o
 .debug_ranges  0x00000800       0x20 obj\debug\src\system_stm32f30x.o
 .debug_ranges  0x00000820       0x20 obj\debug\src\trig.o

.debug_macro    0x00000000    0x11bf3
 .debug_macro   0x00000000      0x1b3 obj\debug\spl\src\stm32f30x_adc.o
 .debug_macro   0x000001b3      0x892 obj\debug\spl\src\stm32f30x_adc.o
 .debug_macro   0x00000a45       0x74 obj\debug\spl\src\stm32f30x_adc.o
 .debug_macro   0x00000ab9       0x35 obj\debug\spl\src\stm32f30x_adc.o
 .debug_macro   0x00000aee       0x22 obj\debug\spl\src\stm32f30x_adc.o
 .debug_macro   0x00000b10       0x87 obj\debug\spl\src\stm32f30x_adc.o
 .debug_macro   0x00000b97       0x44 obj\debug\spl\src\stm32f30x_adc.o
 .debug_macro   0x00000bdb       0xfd obj\debug\spl\src\stm32f30x_adc.o
 .debug_macro   0x00000cd8       0x5e obj\debug\spl\src\stm32f30x_adc.o
 .debug_macro   0x00000d36      0x1df obj\debug\spl\src\stm32f30x_adc.o
 .debug_macro   0x00000f15       0x18 obj\debug\spl\src\stm32f30x_adc.o
 .debug_macro   0x00000f2d       0x42 obj\debug\spl\src\stm32f30x_adc.o
 .debug_macro   0x00000f6f      0x8cb obj\debug\spl\src\stm32f30x_adc.o
 .debug_macro   0x0000183a     0x769b obj\debug\spl\src\stm32f30x_adc.o
 .debug_macro   0x00008ed5      0x3c9 obj\debug\spl\src\stm32f30x_adc.o
 .debug_macro   0x0000929e       0x46 obj\debug\spl\src\stm32f30x_adc.o
 .debug_macro   0x000092e4      0x231 obj\debug\spl\src\stm32f30x_adc.o
 .debug_macro   0x00009515      0x196 obj\debug\spl\src\stm32f30x_adc.o
 .debug_macro   0x000096ab       0x8e obj\debug\spl\src\stm32f30x_adc.o
 .debug_macro   0x00009739      0x3a8 obj\debug\spl\src\stm32f30x_adc.o
 .debug_macro   0x00009ae1      0x114 obj\debug\spl\src\stm32f30x_adc.o
 .debug_macro   0x00009bf5      0x1e4 obj\debug\spl\src\stm32f30x_adc.o
 .debug_macro   0x00009dd9      0x1b6 obj\debug\spl\src\stm32f30x_adc.o
 .debug_macro   0x00009f8f      0x1df obj\debug\spl\src\stm32f30x_adc.o
 .debug_macro   0x0000a16e      0x29a obj\debug\spl\src\stm32f30x_adc.o
 .debug_macro   0x0000a408       0x70 obj\debug\spl\src\stm32f30x_adc.o
 .debug_macro   0x0000a478      0x10c obj\debug\spl\src\stm32f30x_adc.o
 .debug_macro   0x0000a584       0xb8 obj\debug\spl\src\stm32f30x_adc.o
 .debug_macro   0x0000a63c      0x5c6 obj\debug\spl\src\stm32f30x_adc.o
 .debug_macro   0x0000ac02      0x551 obj\debug\spl\src\stm32f30x_adc.o
 .debug_macro   0x0000b153      0x3ab obj\debug\spl\src\stm32f30x_adc.o
 .debug_macro   0x0000b4fe      0x8d8 obj\debug\spl\src\stm32f30x_adc.o
 .debug_macro   0x0000bdd6      0x364 obj\debug\spl\src\stm32f30x_adc.o
 .debug_macro   0x0000c13a       0x34 obj\debug\spl\src\stm32f30x_adc.o
 .debug_macro   0x0000c16e       0x89 obj\debug\spl\src\stm32f30x_adc.o
 .debug_macro   0x0000c1f7       0x35 obj\debug\spl\src\stm32f30x_adc.o
 .debug_macro   0x0000c22c      0x5a6 obj\debug\spl\src\stm32f30x_adc.o
 .debug_macro   0x0000c7d2      0x238 obj\debug\spl\src\stm32f30x_rcc.o
 .debug_macro   0x0000ca0a      0x5c0 obj\debug\spl\src\stm32f30x_rcc.o
 .debug_macro   0x0000cfca      0x1b0 obj\debug\spl\src\stm32f30x_spi.o
 .debug_macro   0x0000d17a      0x3a5 obj\debug\spl\src\stm32f30x_spi.o
 .debug_macro   0x0000d51f      0x1b3 obj\debug\spl\src\stm32f30x_usart.o
 .debug_macro   0x0000d6d2      0x35e obj\debug\spl\src\stm32f30x_usart.o
 .debug_macro   0x0000da30      0x2d8 obj\debug\src\30010_io.o
 .debug_macro   0x0000dd08       0x52 obj\debug\src\30010_io.o
 .debug_macro   0x0000dd5a       0x35 obj\debug\src\30010_io.o
 .debug_macro   0x0000dd8f       0x9c obj\debug\src\30010_io.o
 .debug_macro   0x0000de2b       0x16 obj\debug\src\30010_io.o
 .debug_macro   0x0000de41       0x97 obj\debug\src\30010_io.o
 .debug_macro   0x0000ded8      0x30d obj\debug\src\30010_io.o
 .debug_macro   0x0000e1e5       0xfd obj\debug\src\30010_io.o
 .debug_macro   0x0000e2e2       0x10 obj\debug\src\30010_io.o
 .debug_macro   0x0000e2f2       0x52 obj\debug\src\30010_io.o
 .debug_macro   0x0000e344       0x1f obj\debug\src\30010_io.o
 .debug_macro   0x0000e363       0x43 obj\debug\src\30010_io.o
 .debug_macro   0x0000e3a6       0x20 obj\debug\src\30010_io.o
 .debug_macro   0x0000e3c6      0x187 obj\debug\src\30010_io.o
 .debug_macro   0x0000e54d       0x10 obj\debug\src\30010_io.o
 .debug_macro   0x0000e55d       0x1c obj\debug\src\30010_io.o
 .debug_macro   0x0000e579       0x52 obj\debug\src\30010_io.o
 .debug_macro   0x0000e5cb       0x40 obj\debug\src\30010_io.o
 .debug_macro   0x0000e60b       0x10 obj\debug\src\30010_io.o
 .debug_macro   0x0000e61b       0x40 obj\debug\src\30010_io.o
 .debug_macro   0x0000e65b       0xd7 obj\debug\src\30010_io.o
 .debug_macro   0x0000e732       0x16 obj\debug\src\30010_io.o
 .debug_macro   0x0000e748      0x189 obj\debug\src\30010_io.o
 .debug_macro   0x0000e8d1      0x308 obj\debug\src\ansi.o
 .debug_macro   0x0000ebd9       0x16 obj\debug\src\ansi.o
 .debug_macro   0x0000ebef       0x35 obj\debug\src\ansi.o
 .debug_macro   0x0000ec24       0x10 obj\debug\src\ansi.o
 .debug_macro   0x0000ec34      0x3b7 obj\debug\src\ball.o
 .debug_macro   0x0000efeb       0x10 obj\debug\src\ball.o
 .debug_macro   0x0000effb       0x16 obj\debug\src\ball.o
 .debug_macro   0x0000f011       0x10 obj\debug\src\ball.o
 .debug_macro   0x0000f021       0x41 obj\debug\src\ball.o
 .debug_macro   0x0000f062       0x16 obj\debug\src\ball.o
 .debug_macro   0x0000f078       0x16 obj\debug\src\ball.o
 .debug_macro   0x0000f08e       0x29 obj\debug\src\ball.o
 .debug_macro   0x0000f0b7       0x10 obj\debug\src\ball.o
 .debug_macro   0x0000f0c7       0x16 obj\debug\src\ball.o
 .debug_macro   0x0000f0dd      0x3c2 obj\debug\src\block_control.o
 .debug_macro   0x0000f49f       0x10 obj\debug\src\block_control.o
 .debug_macro   0x0000f4af       0x1b obj\debug\src\charset.o
 .debug_macro   0x0000f4ca      0x33a obj\debug\src\config_project.o
 .debug_macro   0x0000f804       0x4c obj\debug\src\config_project.o
 .debug_macro   0x0000f850       0x8d obj\debug\src\config_project.o
 .debug_macro   0x0000f8dd       0x4a obj\debug\src\config_project.o
 .debug_macro   0x0000f927      0x174 obj\debug\src\config_project.o
 .debug_macro   0x0000fa9b       0x10 obj\debug\src\config_project.o
 .debug_macro   0x0000faab       0x10 obj\debug\src\config_project.o
 .debug_macro   0x0000fabb       0x35 obj\debug\src\config_project.o
 .debug_macro   0x0000faf0       0x1c obj\debug\src\config_project.o
 .debug_macro   0x0000fb0c      0x345 obj\debug\src\controller.o
 .debug_macro   0x0000fe51      0x383 obj\debug\src\lcd.o
 .debug_macro   0x000101d4      0x2e8 obj\debug\src\lut.o
 .debug_macro   0x000104bc      0x404 obj\debug\src\main.o
 .debug_macro   0x000108c0       0x16 obj\debug\src\main.o
 .debug_macro   0x000108d6      0x3b7 obj\debug\src\menu.o
 .debug_macro   0x00010c8d      0x36f obj\debug\src\our_timer.o
 .debug_macro   0x00010ffc      0x3bd obj\debug\src\power_up.o
 .debug_macro   0x000113b9      0x3b3 obj\debug\src\striker.o
 .debug_macro   0x0001176c      0x197 obj\debug\src\system_stm32f30x.o
 .debug_macro   0x00011903      0x2f0 obj\debug\src\trig.o

.debug_line     0x00000000     0x838e
 .debug_line    0x00000000      0xa20 obj\debug\spl\src\stm32f30x_adc.o
 .debug_line    0x00000a20      0x7e5 obj\debug\spl\src\stm32f30x_rcc.o
 .debug_line    0x00001205      0x736 obj\debug\spl\src\stm32f30x_spi.o
 .debug_line    0x0000193b      0x86c obj\debug\spl\src\stm32f30x_usart.o
 .debug_line    0x000021a7      0x6da obj\debug\src\30010_io.o
 .debug_line    0x00002881      0x6db obj\debug\src\ansi.o
 .debug_line    0x00002f5c      0x642 obj\debug\src\ball.o
 .debug_line    0x0000359e      0x8fe obj\debug\src\block_control.o
 .debug_line    0x00003e9c       0x41 obj\debug\src\charset.o
 .debug_line    0x00003edd      0x5a1 obj\debug\src\config_project.o
 .debug_line    0x0000447e      0x6b5 obj\debug\src\controller.o
 .debug_line    0x00004b33      0x627 obj\debug\src\lcd.o
 .debug_line    0x0000515a      0x54b obj\debug\src\lut.o
 .debug_line    0x000056a5      0x6a9 obj\debug\src\main.o
 .debug_line    0x00005d4e      0x7c9 obj\debug\src\menu.o
 .debug_line    0x00006517      0x65a obj\debug\src\our_timer.o
 .debug_line    0x00006b71      0x665 obj\debug\src\power_up.o
 .debug_line    0x000071d6       0xbb obj\debug\src\startup_stm32f30x.o
 .debug_line    0x00007291      0x6e9 obj\debug\src\striker.o
 .debug_line    0x0000797a      0x493 obj\debug\src\system_stm32f30x.o
 .debug_line    0x00007e0d      0x581 obj\debug\src\trig.o

.debug_str      0x00000000    0x58f92
 .debug_str     0x00000000    0x52bfe obj\debug\spl\src\stm32f30x_adc.o
                              0x52da2 (size before relaxing)
 .debug_str     0x00052bfe      0xa51 obj\debug\spl\src\stm32f30x_rcc.o
                              0x52dd6 (size before relaxing)
 .debug_str     0x0005364f      0x4c2 obj\debug\spl\src\stm32f30x_spi.o
                              0x529b3 (size before relaxing)
 .debug_str     0x00053b11      0x7e5 obj\debug\spl\src\stm32f30x_usart.o
                              0x52caa (size before relaxing)
 .debug_str     0x000542f6     0x3eee obj\debug\src\30010_io.o
                              0x56513 (size before relaxing)
 .debug_str     0x000581e4       0x6c obj\debug\src\ansi.o
                              0x55eab (size before relaxing)
 .debug_str     0x00058250      0x3bd obj\debug\src\ball.o
                              0x56281 (size before relaxing)
 .debug_str     0x0005860d       0xaf obj\debug\src\block_control.o
                              0x56301 (size before relaxing)
 .debug_str     0x000586bc       0x1d obj\debug\src\charset.o
                               0x2535 (size before relaxing)
 .debug_str     0x000586d9       0x23 obj\debug\src\config_project.o
                              0x560e8 (size before relaxing)
 .debug_str     0x000586fc       0x9d obj\debug\src\controller.o
                              0x562e8 (size before relaxing)
 .debug_str     0x00058799       0x23 obj\debug\src\lcd.o
                              0x56112 (size before relaxing)
 .debug_str     0x000587bc       0x11 obj\debug\src\lut.o
                              0x55e3d (size before relaxing)
 .debug_str     0x000587cd       0x20 obj\debug\src\main.o
                              0x562b1 (size before relaxing)
 .debug_str     0x000587ed       0x8c obj\debug\src\menu.o
                              0x562cc (size before relaxing)
 .debug_str     0x00058879      0x597 obj\debug\src\our_timer.o
                              0x56703 (size before relaxing)
 .debug_str     0x00058e10        0xf obj\debug\src\power_up.o
                              0x5628f (size before relaxing)
 .debug_str     0x00058e1f       0x78 obj\debug\src\striker.o
                              0x562c4 (size before relaxing)
 .debug_str     0x00058e97       0xda obj\debug\src\system_stm32f30x.o
                              0x5247e (size before relaxing)
 .debug_str     0x00058f71       0x21 obj\debug\src\trig.o
                              0x55ed9 (size before relaxing)

.debug_frame    0x00000000     0x3198
 .debug_frame   0x00000000      0x9e4 obj\debug\spl\src\stm32f30x_adc.o
 .debug_frame   0x000009e4      0x60c obj\debug\spl\src\stm32f30x_rcc.o
 .debug_frame   0x00000ff0      0x508 obj\debug\spl\src\stm32f30x_spi.o
 .debug_frame   0x000014f8      0x7b0 obj\debug\spl\src\stm32f30x_usart.o
 .debug_frame   0x00001ca8      0x12c obj\debug\src\30010_io.o
 .debug_frame   0x00001dd4       0xbc obj\debug\src\ansi.o
 .debug_frame   0x00001e90       0x84 obj\debug\src\ball.o
 .debug_frame   0x00001f14       0xb8 obj\debug\src\block_control.o
 .debug_frame   0x00001fcc       0x38 obj\debug\src\config_project.o
 .debug_frame   0x00002004       0xe0 obj\debug\src\controller.o
 .debug_frame   0x000020e4       0x80 obj\debug\src\lcd.o
 .debug_frame   0x00002164       0x38 obj\debug\src\lut.o
 .debug_frame   0x0000219c       0x30 obj\debug\src\main.o
 .debug_frame   0x000021cc      0x140 obj\debug\src\menu.o
 .debug_frame   0x0000230c      0x114 obj\debug\src\our_timer.o
 .debug_frame   0x00002420       0x58 obj\debug\src\power_up.o
 .debug_frame   0x00002478       0xa8 obj\debug\src\striker.o
 .debug_frame   0x00002520       0x74 obj\debug\src\system_stm32f30x.o
 .debug_frame   0x00002594       0x88 obj\debug\src\trig.o
 .debug_frame   0x0000261c       0x28 c:/program files (x86)/embitz/1.11/share/em_armgcc/bin/../lib/gcc/arm-none-eabi/5.4.1/../../../../arm-none-eabi/lib/armv7e-m\libg_n.a(lib_a-exit.o)
 .debug_frame   0x00002644       0x2c c:/program files (x86)/embitz/1.11/share/em_armgcc/bin/../lib/gcc/arm-none-eabi/5.4.1/../../../../arm-none-eabi/lib/armv7e-m\libg_n.a(lib_a-init.o)
 .debug_frame   0x00002670       0x20 c:/program files (x86)/embitz/1.11/share/em_armgcc/bin/../lib/gcc/arm-none-eabi/5.4.1/../../../../arm-none-eabi/lib/armv7e-m\libg_n.a(lib_a-memset.o)
 .debug_frame   0x00002690       0x74 c:/program files (x86)/embitz/1.11/share/em_armgcc/bin/../lib/gcc/arm-none-eabi/5.4.1/../../../../arm-none-eabi/lib/armv7e-m\libg_n.a(lib_a-printf.o)
 .debug_frame   0x00002704       0x58 c:/program files (x86)/embitz/1.11/share/em_armgcc/bin/../lib/gcc/arm-none-eabi/5.4.1/../../../../arm-none-eabi/lib/armv7e-m\libg_n.a(lib_a-putchar.o)
 .debug_frame   0x0000275c       0x44 c:/program files (x86)/embitz/1.11/share/em_armgcc/bin/../lib/gcc/arm-none-eabi/5.4.1/../../../../arm-none-eabi/lib/armv7e-m\libg_n.a(lib_a-rand.o)
 .debug_frame   0x000027a0       0x20 c:/program files (x86)/embitz/1.11/share/em_armgcc/bin/../lib/gcc/arm-none-eabi/5.4.1/../../../../arm-none-eabi/lib/armv7e-m\libg_n.a(lib_a-setbuf.o)
 .debug_frame   0x000027c0       0x38 c:/program files (x86)/embitz/1.11/share/em_armgcc/bin/../lib/gcc/arm-none-eabi/5.4.1/../../../../arm-none-eabi/lib/armv7e-m\libg_n.a(lib_a-setvbuf.o)
 .debug_frame   0x000027f8       0x70 c:/program files (x86)/embitz/1.11/share/em_armgcc/bin/../lib/gcc/arm-none-eabi/5.4.1/../../../../arm-none-eabi/lib/armv7e-m\libg_n.a(lib_a-sprintf.o)
 .debug_frame   0x00002868       0x2c c:/program files (x86)/embitz/1.11/share/em_armgcc/bin/../lib/gcc/arm-none-eabi/5.4.1/../../../../arm-none-eabi/lib/armv7e-m\libg_n.a(lib_a-time.o)
 .debug_frame   0x00002894       0x68 c:/program files (x86)/embitz/1.11/share/em_armgcc/bin/../lib/gcc/arm-none-eabi/5.4.1/../../../../arm-none-eabi/lib/armv7e-m\libg_n.a(lib_a-fflush.o)
 .debug_frame   0x000028fc      0x11c c:/program files (x86)/embitz/1.11/share/em_armgcc/bin/../lib/gcc/arm-none-eabi/5.4.1/../../../../arm-none-eabi/lib/armv7e-m\libg_n.a(lib_a-findfp.o)
 .debug_frame   0x00002a18       0x54 c:/program files (x86)/embitz/1.11/share/em_armgcc/bin/../lib/gcc/arm-none-eabi/5.4.1/../../../../arm-none-eabi/lib/armv7e-m\libg_n.a(lib_a-fwalk.o)
 .debug_frame   0x00002a6c       0x2c c:/program files (x86)/embitz/1.11/share/em_armgcc/bin/../lib/gcc/arm-none-eabi/5.4.1/../../../../arm-none-eabi/lib/armv7e-m\libg_n.a(lib_a-gettimeofdayr.o)
 .debug_frame   0x00002a98       0x54 c:/program files (x86)/embitz/1.11/share/em_armgcc/bin/../lib/gcc/arm-none-eabi/5.4.1/../../../../arm-none-eabi/lib/armv7e-m\libg_n.a(lib_a-makebuf.o)
 .debug_frame   0x00002aec       0x30 c:/program files (x86)/embitz/1.11/share/em_armgcc/bin/../lib/gcc/arm-none-eabi/5.4.1/../../../../arm-none-eabi/lib/armv7e-m\libg_n.a(lib_a-malloc.o)
 .debug_frame   0x00002b1c       0x38 c:/program files (x86)/embitz/1.11/share/em_armgcc/bin/../lib/gcc/arm-none-eabi/5.4.1/../../../../arm-none-eabi/lib/armv7e-m\libg_n.a(lib_a-nano-freer.o)
 .debug_frame   0x00002b54       0x2c c:/program files (x86)/embitz/1.11/share/em_armgcc/bin/../lib/gcc/arm-none-eabi/5.4.1/../../../../arm-none-eabi/lib/armv7e-m\libg_n.a(lib_a-nano-mallocr.o)
 .debug_frame   0x00002b80       0x90 c:/program files (x86)/embitz/1.11/share/em_armgcc/bin/../lib/gcc/arm-none-eabi/5.4.1/../../../../arm-none-eabi/lib/armv7e-m\libg_n.a(lib_a-nano-svfprintf.o)
 .debug_frame   0x00002c10       0xac c:/program files (x86)/embitz/1.11/share/em_armgcc/bin/../lib/gcc/arm-none-eabi/5.4.1/../../../../arm-none-eabi/lib/armv7e-m\libg_n.a(lib_a-nano-vfprintf.o)
 .debug_frame   0x00002cbc       0x60 c:/program files (x86)/embitz/1.11/share/em_armgcc/bin/../lib/gcc/arm-none-eabi/5.4.1/../../../../arm-none-eabi/lib/armv7e-m\libg_n.a(lib_a-nano-vfprintf_i.o)
 .debug_frame   0x00002d1c       0x48 c:/program files (x86)/embitz/1.11/share/em_armgcc/bin/../lib/gcc/arm-none-eabi/5.4.1/../../../../arm-none-eabi/lib/armv7e-m\libg_n.a(lib_a-putc.o)
 .debug_frame   0x00002d64       0x5c c:/program files (x86)/embitz/1.11/share/em_armgcc/bin/../lib/gcc/arm-none-eabi/5.4.1/../../../../arm-none-eabi/lib/armv7e-m\libg_n.a(lib_a-reent.o)
 .debug_frame   0x00002dc0       0x2c c:/program files (x86)/embitz/1.11/share/em_armgcc/bin/../lib/gcc/arm-none-eabi/5.4.1/../../../../arm-none-eabi/lib/armv7e-m\libg_n.a(lib_a-sbrkr.o)
 .debug_frame   0x00002dec       0x88 c:/program files (x86)/embitz/1.11/share/em_armgcc/bin/../lib/gcc/arm-none-eabi/5.4.1/../../../../arm-none-eabi/lib/armv7e-m\libg_n.a(lib_a-stdio.o)
 .debug_frame   0x00002e74       0x40 c:/program files (x86)/embitz/1.11/share/em_armgcc/bin/../lib/gcc/arm-none-eabi/5.4.1/../../../../arm-none-eabi/lib/armv7e-m\libg_n.a(lib_a-wbuf.o)
 .debug_frame   0x00002eb4       0x2c c:/program files (x86)/embitz/1.11/share/em_armgcc/bin/../lib/gcc/arm-none-eabi/5.4.1/../../../../arm-none-eabi/lib/armv7e-m\libg_n.a(lib_a-wsetup.o)
 .debug_frame   0x00002ee0       0x2c c:/program files (x86)/embitz/1.11/share/em_armgcc/bin/../lib/gcc/arm-none-eabi/5.4.1/../../../../arm-none-eabi/lib/armv7e-m\libg_n.a(lib_a-closer.o)
 .debug_frame   0x00002f0c       0x2c c:/program files (x86)/embitz/1.11/share/em_armgcc/bin/../lib/gcc/arm-none-eabi/5.4.1/../../../../arm-none-eabi/lib/armv7e-m\libg_n.a(lib_a-fstatr.o)
 .debug_frame   0x00002f38       0x2c c:/program files (x86)/embitz/1.11/share/em_armgcc/bin/../lib/gcc/arm-none-eabi/5.4.1/../../../../arm-none-eabi/lib/armv7e-m\libg_n.a(lib_a-isattyr.o)
 .debug_frame   0x00002f64       0x2c c:/program files (x86)/embitz/1.11/share/em_armgcc/bin/../lib/gcc/arm-none-eabi/5.4.1/../../../../arm-none-eabi/lib/armv7e-m\libg_n.a(lib_a-lseekr.o)
 .debug_frame   0x00002f90       0x28 c:/program files (x86)/embitz/1.11/share/em_armgcc/bin/../lib/gcc/arm-none-eabi/5.4.1/../../../../arm-none-eabi/lib/armv7e-m\libg_n.a(lib_a-memcpy-stub.o)
 .debug_frame   0x00002fb8       0x28 c:/program files (x86)/embitz/1.11/share/em_armgcc/bin/../lib/gcc/arm-none-eabi/5.4.1/../../../../arm-none-eabi/lib/armv7e-m\libg_n.a(lib_a-memmove.o)
 .debug_frame   0x00002fe0       0x30 c:/program files (x86)/embitz/1.11/share/em_armgcc/bin/../lib/gcc/arm-none-eabi/5.4.1/../../../../arm-none-eabi/lib/armv7e-m\libg_n.a(lib_a-mlock.o)
 .debug_frame   0x00003010       0x3c c:/program files (x86)/embitz/1.11/share/em_armgcc/bin/../lib/gcc/arm-none-eabi/5.4.1/../../../../arm-none-eabi/lib/armv7e-m\libg_n.a(lib_a-nano-reallocr.o)
 .debug_frame   0x0000304c       0x2c c:/program files (x86)/embitz/1.11/share/em_armgcc/bin/../lib/gcc/arm-none-eabi/5.4.1/../../../../arm-none-eabi/lib/armv7e-m\libg_n.a(lib_a-readr.o)
 .debug_frame   0x00003078       0x20 c:/program files (x86)/embitz/1.11/share/em_armgcc/bin/../lib/gcc/arm-none-eabi/5.4.1/../../../../arm-none-eabi/lib/armv7e-m\libg_n.a(lib_a-nano-msizer.o)
 .debug_frame   0x00003098       0x20 c:/program files (x86)/embitz/1.11/share/em_armgcc/bin/../lib/gcc/arm-none-eabi/5.4.1/../../../../arm-none-eabi/lib/armv7e-m\libnosys_s.a(close.o)
 .debug_frame   0x000030b8       0x20 c:/program files (x86)/embitz/1.11/share/em_armgcc/bin/../lib/gcc/arm-none-eabi/5.4.1/../../../../arm-none-eabi/lib/armv7e-m\libnosys_s.a(fstat.o)
 .debug_frame   0x000030d8       0x20 c:/program files (x86)/embitz/1.11/share/em_armgcc/bin/../lib/gcc/arm-none-eabi/5.4.1/../../../../arm-none-eabi/lib/armv7e-m\libnosys_s.a(gettod.o)
 .debug_frame   0x000030f8       0x20 c:/program files (x86)/embitz/1.11/share/em_armgcc/bin/../lib/gcc/arm-none-eabi/5.4.1/../../../../arm-none-eabi/lib/armv7e-m\libnosys_s.a(isatty.o)
 .debug_frame   0x00003118       0x20 c:/program files (x86)/embitz/1.11/share/em_armgcc/bin/../lib/gcc/arm-none-eabi/5.4.1/../../../../arm-none-eabi/lib/armv7e-m\libnosys_s.a(lseek.o)
 .debug_frame   0x00003138       0x20 c:/program files (x86)/embitz/1.11/share/em_armgcc/bin/../lib/gcc/arm-none-eabi/5.4.1/../../../../arm-none-eabi/lib/armv7e-m\libnosys_s.a(read.o)
 .debug_frame   0x00003158       0x20 c:/program files (x86)/embitz/1.11/share/em_armgcc/bin/../lib/gcc/arm-none-eabi/5.4.1/../../../../arm-none-eabi/lib/armv7e-m\libnosys_s.a(sbrk.o)
 .debug_frame   0x00003178       0x20 c:/program files (x86)/embitz/1.11/share/em_armgcc/bin/../lib/gcc/arm-none-eabi/5.4.1/../../../../arm-none-eabi/lib/armv7e-m\libnosys_s.a(_exit.o)

.stab           0x00000000       0x9c
 .stab          0x00000000       0x24 c:/program files (x86)/embitz/1.11/share/em_armgcc/bin/../lib/gcc/arm-none-eabi/5.4.1/../../../../arm-none-eabi/lib/armv7e-m\libnosys_s.a(close.o)
 .stab          0x00000024       0x18 c:/program files (x86)/embitz/1.11/share/em_armgcc/bin/../lib/gcc/arm-none-eabi/5.4.1/../../../../arm-none-eabi/lib/armv7e-m\libnosys_s.a(fstat.o)
                                 0x24 (size before relaxing)
 .stab          0x0000003c       0x18 c:/program files (x86)/embitz/1.11/share/em_armgcc/bin/../lib/gcc/arm-none-eabi/5.4.1/../../../../arm-none-eabi/lib/armv7e-m\libnosys_s.a(gettod.o)
                                 0x24 (size before relaxing)
 .stab          0x00000054       0x18 c:/program files (x86)/embitz/1.11/share/em_armgcc/bin/../lib/gcc/arm-none-eabi/5.4.1/../../../../arm-none-eabi/lib/armv7e-m\libnosys_s.a(isatty.o)
                                 0x24 (size before relaxing)
 .stab          0x0000006c       0x18 c:/program files (x86)/embitz/1.11/share/em_armgcc/bin/../lib/gcc/arm-none-eabi/5.4.1/../../../../arm-none-eabi/lib/armv7e-m\libnosys_s.a(lseek.o)
                                 0x24 (size before relaxing)
 .stab          0x00000084       0x18 c:/program files (x86)/embitz/1.11/share/em_armgcc/bin/../lib/gcc/arm-none-eabi/5.4.1/../../../../arm-none-eabi/lib/armv7e-m\libnosys_s.a(read.o)
                                 0x24 (size before relaxing)

.stabstr        0x00000000      0x15b
 .stabstr       0x00000000      0x15b c:/program files (x86)/embitz/1.11/share/em_armgcc/bin/../lib/gcc/arm-none-eabi/5.4.1/../../../../arm-none-eabi/lib/armv7e-m\libnosys_s.a(close.o)
