Archive member included to satisfy reference by file (symbol)

c:/program files (x86)/embitz/1.11/share/em_armgcc/bin/../lib/gcc/arm-none-eabi/5.4.1/../../../../arm-none-eabi/lib/armv7e-m\libg_n.a(lib_a-exit.o)
                              c:/program files (x86)/embitz/1.11/share/em_armgcc/bin/../lib/gcc/arm-none-eabi/5.4.1/../../../../arm-none-eabi/lib/armv7e-m/crt0.o (exit)
c:/program files (x86)/embitz/1.11/share/em_armgcc/bin/../lib/gcc/arm-none-eabi/5.4.1/../../../../arm-none-eabi/lib/armv7e-m\libg_n.a(lib_a-impure.o)
                              c:/program files (x86)/embitz/1.11/share/em_armgcc/bin/../lib/gcc/arm-none-eabi/5.4.1/../../../../arm-none-eabi/lib/armv7e-m\libg_n.a(lib_a-exit.o) (_global_impure_ptr)
c:/program files (x86)/embitz/1.11/share/em_armgcc/bin/../lib/gcc/arm-none-eabi/5.4.1/../../../../arm-none-eabi/lib/armv7e-m\libg_n.a(lib_a-init.o)
                              c:/program files (x86)/embitz/1.11/share/em_armgcc/bin/../lib/gcc/arm-none-eabi/5.4.1/../../../../arm-none-eabi/lib/armv7e-m/crt0.o (__libc_init_array)
c:/program files (x86)/embitz/1.11/share/em_armgcc/bin/../lib/gcc/arm-none-eabi/5.4.1/../../../../arm-none-eabi/lib/armv7e-m\libg_n.a(lib_a-memset.o)
                              c:/program files (x86)/embitz/1.11/share/em_armgcc/bin/../lib/gcc/arm-none-eabi/5.4.1/../../../../arm-none-eabi/lib/armv7e-m/crt0.o (memset)
c:/program files (x86)/embitz/1.11/share/em_armgcc/bin/../lib/gcc/arm-none-eabi/5.4.1/../../../../arm-none-eabi/lib/armv7e-m\libg_n.a(lib_a-printf.o)
                              obj\debug\src\ansi.o (printf)
c:/program files (x86)/embitz/1.11/share/em_armgcc/bin/../lib/gcc/arm-none-eabi/5.4.1/../../../../arm-none-eabi/lib/armv7e-m\libg_n.a(lib_a-putchar.o)
                              obj\debug\src\ansi.o (putchar)
c:/program files (x86)/embitz/1.11/share/em_armgcc/bin/../lib/gcc/arm-none-eabi/5.4.1/../../../../arm-none-eabi/lib/armv7e-m\libg_n.a(lib_a-setbuf.o)
                              obj\debug\src\30010_io.o (setbuf)
c:/program files (x86)/embitz/1.11/share/em_armgcc/bin/../lib/gcc/arm-none-eabi/5.4.1/../../../../arm-none-eabi/lib/armv7e-m\libg_n.a(lib_a-setvbuf.o)
                              c:/program files (x86)/embitz/1.11/share/em_armgcc/bin/../lib/gcc/arm-none-eabi/5.4.1/../../../../arm-none-eabi/lib/armv7e-m\libg_n.a(lib_a-setbuf.o) (setvbuf)
c:/program files (x86)/embitz/1.11/share/em_armgcc/bin/../lib/gcc/arm-none-eabi/5.4.1/../../../../arm-none-eabi/lib/armv7e-m\libg_n.a(lib_a-sprintf.o)
                              obj\debug\src\lcd.o (sprintf)
c:/program files (x86)/embitz/1.11/share/em_armgcc/bin/../lib/gcc/arm-none-eabi/5.4.1/../../../../arm-none-eabi/lib/armv7e-m\libg_n.a(lib_a-strcmp.o)
                              obj\debug\src\timer.o (strcmp)
c:/program files (x86)/embitz/1.11/share/em_armgcc/bin/../lib/gcc/arm-none-eabi/5.4.1/../../../../arm-none-eabi/lib/armv7e-m\libg_n.a(lib_a-strlen.o)
                              obj\debug\src\ansi.o (strlen)
c:/program files (x86)/embitz/1.11/share/em_armgcc/bin/../lib/gcc/arm-none-eabi/5.4.1/../../../../arm-none-eabi/lib/armv7e-m\libg_n.a(lib_a-fflush.o)
                              c:/program files (x86)/embitz/1.11/share/em_armgcc/bin/../lib/gcc/arm-none-eabi/5.4.1/../../../../arm-none-eabi/lib/armv7e-m\libg_n.a(lib_a-setvbuf.o) (_fflush_r)
c:/program files (x86)/embitz/1.11/share/em_armgcc/bin/../lib/gcc/arm-none-eabi/5.4.1/../../../../arm-none-eabi/lib/armv7e-m\libg_n.a(lib_a-findfp.o)
                              c:/program files (x86)/embitz/1.11/share/em_armgcc/bin/../lib/gcc/arm-none-eabi/5.4.1/../../../../arm-none-eabi/lib/armv7e-m\libg_n.a(lib_a-printf.o) (__sinit)
c:/program files (x86)/embitz/1.11/share/em_armgcc/bin/../lib/gcc/arm-none-eabi/5.4.1/../../../../arm-none-eabi/lib/armv7e-m\libg_n.a(lib_a-fwalk.o)
                              c:/program files (x86)/embitz/1.11/share/em_armgcc/bin/../lib/gcc/arm-none-eabi/5.4.1/../../../../arm-none-eabi/lib/armv7e-m\libg_n.a(lib_a-findfp.o) (_fwalk)
c:/program files (x86)/embitz/1.11/share/em_armgcc/bin/../lib/gcc/arm-none-eabi/5.4.1/../../../../arm-none-eabi/lib/armv7e-m\libg_n.a(lib_a-makebuf.o)
                              c:/program files (x86)/embitz/1.11/share/em_armgcc/bin/../lib/gcc/arm-none-eabi/5.4.1/../../../../arm-none-eabi/lib/armv7e-m\libg_n.a(lib_a-setvbuf.o) (__swhatbuf_r)
c:/program files (x86)/embitz/1.11/share/em_armgcc/bin/../lib/gcc/arm-none-eabi/5.4.1/../../../../arm-none-eabi/lib/armv7e-m\libg_n.a(lib_a-malloc.o)
                              c:/program files (x86)/embitz/1.11/share/em_armgcc/bin/../lib/gcc/arm-none-eabi/5.4.1/../../../../arm-none-eabi/lib/armv7e-m\libg_n.a(lib_a-setvbuf.o) (malloc)
c:/program files (x86)/embitz/1.11/share/em_armgcc/bin/../lib/gcc/arm-none-eabi/5.4.1/../../../../arm-none-eabi/lib/armv7e-m\libg_n.a(lib_a-nano-freer.o)
[...]
Memory Configuration

Name             Origin             Length             Attributes
ROM              0x08000000         0x00010000         xr
RAM              0x20000000         0x00004000         xrw
*default*        0x00000000         0xffffffff

Linker script and memory map

LOAD c:/program files (x86)/embitz/1.11/share/em_armgcc/bin/../lib/gcc/arm-none-eabi/5.4.1/armv7e-m/crti.o
LOAD c:/program files (x86)/embitz/1.11/share/em_armgcc/bin/../lib/gcc/arm-none-eabi/5.4.1/armv7e-m/crtbegin.o
LOAD c:/program files (x86)/embitz/1.11/share/em_armgcc/bin/../lib/gcc/arm-none-eabi/5.4.1/../../../../arm-none-eabi/lib/armv7e-m/crt0.o
                0x00000000                __HEAP_SIZE = 0x0
                0x00000100                __STACK_SIZE = 0x100

.text           0x08000000     0x54cc
 *(.isr_vector)
 .isr_vector    0x08000000      0x188 obj\debug\src\startup_stm32f30x.o
                0x08000000                __isr_vector
 *(.text*)
 .text          0x08000188       0x5c c:/program files (x86)/embitz/1.11/share/em_armgcc/bin/../lib/gcc/arm-none-eabi/5.4.1/armv7e-m/crtbegin.o
 .text          0x080001e4       0x74 c:/program files (x86)/embitz/1.11/share/em_armgcc/bin/../lib/gcc/arm-none-eabi/5.4.1/../../../../arm-none-eabi/lib/armv7e-m/crt0.o
                0x080001e4                _start
                0x080001e4                _mainCRTStartup
 .text.RCC_GetClocksFreq
                0x08000258      0x414 obj\debug\spl\src\stm32f30x_rcc.o
                0x08000258                RCC_GetClocksFreq
 .text.SPI_SendData8
                0x0800066c       0x2c obj\debug\spl\src\stm32f30x_spi.o
                0x0800066c                SPI_SendData8
 .text.SPI_I2S_GetFlagStatus
                0x08000698       0x38 obj\debug\spl\src\stm32f30x_spi.o
                0x08000698                SPI_I2S_GetFlagStatus
 .text.USART_SendData
                0x080006d0       0x24 obj\debug\spl\src\stm32f30x_usart.o
                0x080006d0                USART_SendData
 .text.USART_GetFlagStatus
                0x080006f4       0x30 obj\debug\spl\src\stm32f30x_usart.o
                0x080006f4                USART_GetFlagStatus
 .text.uart_putc
                0x08000724       0x34 obj\debug\src\30010_io.o
                0x08000724                uart_putc
 .text._write_r
                0x08000758       0x4c obj\debug\src\30010_io.o
                0x08000758                _write_r
 .text.init_usb_uart
                0x080007a4      0x220 obj\debug\src\30010_io.o
                0x080007a4                init_usb_uart
 .text.lcd_transmit_byte
                0x080009c4       0x64 obj\debug\src\30010_io.o
                0x080009c4                lcd_transmit_byte
 .text.lcd_push_buffer
                0x08000a28      0x184 obj\debug\src\30010_io.o
                0x08000a28                lcd_push_buffer
 .text.lcd_reset
                0x08000bac       0xe0 obj\debug\src\30010_io.o
                0x08000bac                lcd_reset
 .text.init_spi_lcd
                0x08000c8c      0x2b8 obj\debug\src\30010_io.o
                0x08000c8c                init_spi_lcd
 .text.clrscr   0x08000f44       0x14 obj\debug\src\ansi.o
                0x08000f44                clrscr
 .text.gotoxy   0x08000f58       0x2c obj\debug\src\ansi.o
                0x08000f58                gotoxy
 .text.counter  0x08000f84      0x15c obj\debug\src\ansi.o
                0x08000f84                counter
 .text.block    0x080010e0      0x144 obj\debug\src\ansi.o
                0x080010e0                block
 .text.del_block
                0x08001224      0x104 obj\debug\src\ansi.o
                0x08001224                del_block
 .text.init_ng_ball
                0x08001328       0x98 obj\debug\src\ball.o
                0x08001328                init_ng_ball
 .text.print_Block
                0x080013c0       0x30 obj\debug\src\block_control.o
                0x080013c0                print_Block
 .text.border_control
                0x080013f0       0x8c obj\debug\src\block_control.o
                0x080013f0                border_control
 .text.block_control
                0x0800147c      0x360 obj\debug\src\block_control.o
                0x0800147c                block_control
 .text.init_blocks
                0x080017dc      0x938 obj\debug\src\block_control.o
                0x080017dc                init_blocks
 .text.init_var_main
                0x08002114       0x44 obj\debug\src\config_project.o
                0x08002114                init_var_main
 .text.set_RGB  0x08002158       0xec obj\debug\src\controller.o
                0x08002158                set_RGB
 .text.init_RGB
                0x08002244      0x134 obj\debug\src\controller.o
                0x08002244                init_RGB
 .text.init_joystick
                0x08002378      0x114 obj\debug\src\controller.o
                0x08002378                init_joystick
 .text.readJoystick
                0x0800248c       0xd4 obj\debug\src\controller.o
                0x0800248c                readJoystick
 .text.write_score
                0x08002560       0x70 obj\debug\src\lcd.o
                0x08002560                write_score
 .text.write_level
                0x080025d0       0x64 obj\debug\src\lcd.o
                0x080025d0                write_level
 .text.type_tex
                0x08002634       0x84 obj\debug\src\lcd.o
                0x08002634                type_tex
 .text.expand   0x080026b8       0x18 obj\debug\src\lut.o
                0x080026b8                expand
 .text.main     0x080026d0      0x1ac obj\debug\src\main.o
                0x080026d0                main
 .text.clear_line
                0x0800287c       0x28 obj\debug\src\menu.o
                0x0800287c                clear_line
 .text.init_menu
                0x080028a4       0x8c obj\debug\src\menu.o
                0x080028a4                init_menu
 .text.init_high_score
                0x08002930       0xa8 obj\debug\src\menu.o
                0x08002930                init_high_score
 .text.init_help
                0x080029d8      0x108 obj\debug\src\menu.o
                0x080029d8                init_help
 .text.control_menu
                0x08002ae0      0x21c obj\debug\src\menu.o
                0x08002ae0                control_menu
 .text.game_over
                0x08002cfc       0x7c obj\debug\src\menu.o
                0x08002cfc                game_over
 .text          0x08002d78       0xe4 obj\debug\src\startup_stm32f30x.o
                0x08002d78                Reset_Handler
                0x08002dbe                NMI_Handler
                0x08002dc0                HardFault_Handler
                0x08002dc2                MemManage_Handler
                0x08002dc4                BusFault_Handler
                0x08002dc6                UsageFault_Handler
                0x08002dc8                SVC_Handler
                0x08002dca                DebugMon_Handler
                0x08002dcc                PendSV_Handler
                0x08002dce                SysTick_Handler
                0x08002dd0                WWDG_IRQHandler
                0x08002dd2                PVD_IRQHandler
                0x08002dd4                TAMPER_STAMP_IRQHandler
                0x08002dd6                RTC_WKUP_IRQHandler
                0x08002dd8                FLASH_IRQHandler
                0x08002dda                RCC_IRQHandler
                0x08002ddc                EXTI0_IRQHandler
                0x08002dde                EXTI1_IRQHandler
                0x08002de0                EXTI2_TS_IRQHandler
                0x08002de2                EXTI3_IRQHandler
                0x08002de4                EXTI4_IRQHandler
                0x08002de6                DMA1_Channel1_IRQHandler
                0x08002de8                DMA1_Channel2_IRQHandler
                0x08002dea                DMA1_Channel3_IRQHandler
                0x08002dec                DMA1_Channel4_IRQHandler
                0x08002dee                DMA1_Channel5_IRQHandler
                0x08002df0                DMA1_Channel6_IRQHandler
                0x08002df2                DMA1_Channel7_IRQHandler
                0x08002df4                ADC1_2_IRQHandler
                0x08002df6                USB_HP_CAN1_TX_IRQHandler
                0x08002df8                USB_LP_CAN1_RX0_IRQHandler
                0x08002dfa                CAN1_RX1_IRQHandler
                0x08002dfc                CAN1_SCE_IRQHandler
                0x08002dfe                EXTI9_5_IRQHandler
                0x08002e00                TIM1_BRK_TIM15_IRQHandler
                0x08002e02                TIM1_UP_TIM16_IRQHandler
                0x08002e04                TIM1_TRG_COM_TIM17_IRQHandler
                0x08002e06                TIM1_CC_IRQHandler
                0x08002e0a                TIM3_IRQHandler
                0x08002e0c                TIM4_IRQHandler
                0x08002e0e                I2C1_EV_IRQHandler
                0x08002e10                I2C1_ER_IRQHandler
                0x08002e12                I2C2_EV_IRQHandler
                0x08002e14                I2C2_ER_IRQHandler
                0x08002e16                SPI1_IRQHandler
                0x08002e18                SPI2_IRQHandler
                0x08002e1a                USART1_IRQHandler
                0x08002e1c                USART2_IRQHandler
                0x08002e1e                USART3_IRQHandler
                0x08002e20                EXTI15_10_IRQHandler
                0x08002e22                RTC_Alarm_IRQHandler
                0x08002e24                USBWakeUp_IRQHandler
                0x08002e26                TIM8_BRK_IRQHandler
                0x08002e28                TIM8_UP_IRQHandler
                0x08002e2a                TIM8_TRG_COM_IRQHandler
                0x08002e2c                TIM8_CC_IRQHandler
                0x08002e2e                ADC3_IRQHandler
                0x08002e30                SPI3_IRQHandler
                0x08002e32                UART4_IRQHandler
                0x08002e34                UART5_IRQHandler
                0x08002e36                TIM6_DAC_IRQHandler
                0x08002e38                TIM7_IRQHandler
                0x08002e3a                DMA2_Channel1_IRQHandler
                0x08002e3c                DMA2_Channel2_IRQHandler
                0x08002e3e                DMA2_Channel3_IRQHandler
                0x08002e40                DMA2_Channel4_IRQHandler
                0x08002e42                DMA2_Channel5_IRQHandler
                0x08002e44                ADC4_IRQHandler
                0x08002e46                COMP1_2_3_IRQHandler
                0x08002e48                COMP4_5_6_IRQHandler
                0x08002e4a                COMP7_IRQHandler
                0x08002e4c                USB_HP_IRQHandler
                0x08002e4e                USB_LP_IRQHandler
                0x08002e50                USBWakeUp_RMP_IRQHandler
                0x08002e52                FPU_IRQHandler
 .text.init_striker
                0x08002e5c       0x50 obj\debug\src\striker.o
                0x08002e5c                init_striker
 .text.print_striker
                0x08002eac       0x78 obj\debug\src\striker.o
                0x08002eac                print_striker
 .text.update_striker
                0x08002f24      0x120 obj\debug\src\striker.o
                0x08002f24                update_striker
 .text.striker_bounce
                0x08003044      0x280 obj\debug\src\striker.o
                0x08003044                striker_bounce
 .text.SystemInit
                0x080032c4       0x84 obj\debug\src\system_stm32f30x.o
                0x080032c4                SystemInit
 .text.SetSysClock
                0x08003348       0x90 obj\debug\src\system_stm32f30x.o
 .text.TIM2_IRQHandler
                0x080033d8       0xa4 obj\debug\src\timer.o
                0x080033d8                TIM2_IRQHandler
 .text.Sin      0x0800347c       0x4c obj\debug\src\trig.o
                0x0800347c                Sin
 .text.Cos      0x080034c8       0x50 obj\debug\src\trig.o
                0x080034c8                Cos
 .text.initVector
                0x08003518       0x28 obj\debug\src\trig.o
                0x08003518                initVector
 .text.updatepos
                0x08003540       0x5c obj\debug\src\trig.o
                0x08003540                updatepos
 .text.exit     0x0800359c       0x28 c:/program files (x86)/embitz/1.11/share/em_armgcc/bin/../lib/gcc/arm-none-eabi/5.4.1/../../../../arm-none-eabi/lib/armv7e-m\libg_n.a(lib_a-exit.o)
                0x0800359c                exit
 .text.__libc_init_array
                0x080035c4       0x4c c:/program files (x86)/embitz/1.11/share/em_armgcc/bin/../lib/gcc/arm-none-eabi/5.4.1/../../../../arm-none-eabi/lib/armv7e-m\libg_n.a(lib_a-init.o)
                0x080035c4                __libc_init_array
 .text.memset   0x08003610       0x10 c:/program files (x86)/embitz/1.11/share/em_armgcc/bin/../lib/gcc/arm-none-eabi/5.4.1/../../../../arm-none-eabi/lib/armv7e-m\libg_n.a(lib_a-memset.o)
                0x08003610                memset
 .text.printf   0x08003620       0x30 c:/program files (x86)/embitz/1.11/share/em_armgcc/bin/../lib/gcc/arm-none-eabi/5.4.1/../../../../arm-none-eabi/lib/armv7e-m\libg_n.a(lib_a-printf.o)
                0x08003620                iprintf
                0x08003620                printf
 .text.putchar  0x08003650       0x28 c:/program files (x86)/embitz/1.11/share/em_armgcc/bin/../lib/gcc/arm-none-eabi/5.4.1/../../../../arm-none-eabi/lib/armv7e-m\libg_n.a(lib_a-putchar.o)
                0x08003650                putchar
 .text.setbuf   0x08003678       0x10 c:/program files (x86)/embitz/1.11/share/em_armgcc/bin/../lib/gcc/arm-none-eabi/5.4.1/../../../../arm-none-eabi/lib/armv7e-m\libg_n.a(lib_a-setbuf.o)
                0x08003678                setbuf
 .text.setvbuf  0x08003688      0x154 c:/program files (x86)/embitz/1.11/share/em_armgcc/bin/../lib/gcc/arm-none-eabi/5.4.1/../../../../arm-none-eabi/lib/armv7e-m\libg_n.a(lib_a-setvbuf.o)
                0x08003688                setvbuf
 .text.sprintf  0x080037dc       0x48 c:/program files (x86)/embitz/1.11/share/em_armgcc/bin/../lib/gcc/arm-none-eabi/5.4.1/../../../../arm-none-eabi/lib/armv7e-m\libg_n.a(lib_a-sprintf.o)
                0x080037dc                siprintf
                0x080037dc                sprintf
 .text.__sflush_r
                0x08003824      0x110 c:/program files (x86)/embitz/1.11/share/em_armgcc/bin/../lib/gcc/arm-none-eabi/5.4.1/../../../../arm-none-eabi/lib/armv7e-m\libg_n.a(lib_a-fflush.o)
                0x08003824                __sflush_r
 .text._fflush_r
                0x08003934       0x54 c:/program files (x86)/embitz/1.11/share/em_armgcc/bin/../lib/gcc/arm-none-eabi/5.4.1/../../../../arm-none-eabi/lib/armv7e-m\libg_n.a(lib_a-fflush.o)
                0x08003934                _fflush_r
 .text._cleanup_r
                0x08003988        0xc c:/program files (x86)/embitz/1.11/share/em_armgcc/bin/../lib/gcc/arm-none-eabi/5.4.1/../../../../arm-none-eabi/lib/armv7e-m\libg_n.a(lib_a-findfp.o)
                0x08003988                _cleanup_r
 .text.std.isra.0
                0x08003994       0x48 c:/program files (x86)/embitz/1.11/share/em_armgcc/bin/../lib/gcc/arm-none-eabi/5.4.1/../../../../arm-none-eabi/lib/armv7e-m\libg_n.a(lib_a-findfp.o)
 .text.__sfmoreglue
                0x080039dc       0x2c c:/program files (x86)/embitz/1.11/share/em_armgcc/bin/../lib/gcc/arm-none-eabi/5.4.1/../../../../arm-none-eabi/lib/armv7e-m\libg_n.a(lib_a-findfp.o)
                0x080039dc                __sfmoreglue
 .text.__sinit  0x08003a08       0x60 c:/program files (x86)/embitz/1.11/share/em_armgcc/bin/../lib/gcc/arm-none-eabi/5.4.1/../../../../arm-none-eabi/lib/armv7e-m\libg_n.a(lib_a-findfp.o)
                0x08003a08                __sinit
 .text.__sfp    0x08003a68       0x78 c:/program files (x86)/embitz/1.11/share/em_armgcc/bin/../lib/gcc/arm-none-eabi/5.4.1/../../../../arm-none-eabi/lib/armv7e-m\libg_n.a(lib_a-findfp.o)
                0x08003a68                __sfp
 .text._fwalk_reent
                0x08003ae0       0x3c c:/program files (x86)/embitz/1.11/share/em_armgcc/bin/../lib/gcc/arm-none-eabi/5.4.1/../../../../arm-none-eabi/lib/armv7e-m\libg_n.a(lib_a-fwalk.o)
                0x08003ae0                _fwalk_reent
 .text.__swhatbuf_r
                0x08003b1c       0x46 c:/program files (x86)/embitz/1.11/share/em_armgcc/bin/../lib/gcc/arm-none-eabi/5.4.1/../../../../arm-none-eabi/lib/armv7e-m\libg_n.a(lib_a-makebuf.o)
                0x08003b1c                __swhatbuf_r
 *fill*         0x08003b62        0x2 
 .text.__smakebuf_r
                0x08003b64       0x78 c:/program files (x86)/embitz/1.11/share/em_armgcc/bin/../lib/gcc/arm-none-eabi/5.4.1/../../../../arm-none-eabi/lib/armv7e-m\libg_n.a(lib_a-makebuf.o)
                0x08003b64                __smakebuf_r
 .text.malloc   0x08003bdc       0x10 c:/program files (x86)/embitz/1.11/share/em_armgcc/bin/../lib/gcc/arm-none-eabi/5.4.1/../../../../arm-none-eabi/lib/armv7e-m\libg_n.a(lib_a-malloc.o)
                0x08003bdc                malloc
 .text._free_r  0x08003bec       0x9c c:/program files (x86)/embitz/1.11/share/em_armgcc/bin/../lib/gcc/arm-none-eabi/5.4.1/../../../../arm-none-eabi/lib/armv7e-m\libg_n.a(lib_a-nano-freer.o)
                0x08003bec                _free_r
 .text._malloc_r
                0x08003c88       0xbc c:/program files (x86)/embitz/1.11/share/em_armgcc/bin/../lib/gcc/arm-none-eabi/5.4.1/../../../../arm-none-eabi/lib/armv7e-m\libg_n.a(lib_a-nano-mallocr.o)
                0x08003c88                _malloc_r
 .text.__ssputs_r
                0x08003d44       0xb2 c:/program files (x86)/embitz/1.11/share/em_armgcc/bin/../lib/gcc/arm-none-eabi/5.4.1/../../../../arm-none-eabi/lib/armv7e-m\libg_n.a(lib_a-nano-svfprintf.o)
                0x08003d44                __ssputs_r
 *fill*         0x08003df6        0x2 
 .text._svfprintf_r
                0x08003df8      0x1e8 c:/program files (x86)/embitz/1.11/share/em_armgcc/bin/../lib/gcc/arm-none-eabi/5.4.1/../../../../arm-none-eabi/lib/armv7e-m\libg_n.a(lib_a-nano-svfprintf.o)
                0x08003df8                _svfiprintf_r
                0x08003df8                _svfprintf_r
 .text.__sfputc_r
                0x08003fe0       0x2c c:/program files (x86)/embitz/1.11/share/em_armgcc/bin/../lib/gcc/arm-none-eabi/5.4.1/../../../../arm-none-eabi/lib/armv7e-m\libg_n.a(lib_a-nano-vfprintf.o)
 .text.__sfputs_r
                0x0800400c       0x24 c:/program files (x86)/embitz/1.11/share/em_armgcc/bin/../lib/gcc/arm-none-eabi/5.4.1/../../../../arm-none-eabi/lib/armv7e-m\libg_n.a(lib_a-nano-vfprintf.o)
                0x0800400c                __sfputs_r
 .text._vfprintf_r
                0x08004030      0x238 c:/program files (x86)/embitz/1.11/share/em_armgcc/bin/../lib/gcc/arm-none-eabi/5.4.1/../../../../arm-none-eabi/lib/armv7e-m\libg_n.a(lib_a-nano-vfprintf.o)
                0x08004030                _vfprintf_r
                0x08004030                _vfiprintf_r
 .text._printf_common
                0x08004268       0xec c:/program files (x86)/embitz/1.11/share/em_armgcc/bin/../lib/gcc/arm-none-eabi/5.4.1/../../../../arm-none-eabi/lib/armv7e-m\libg_n.a(lib_a-nano-vfprintf_i.o)
                0x08004268                _printf_common
 .text._printf_i
                0x08004354      0x24c c:/program files (x86)/embitz/1.11/share/em_armgcc/bin/../lib/gcc/arm-none-eabi/5.4.1/../../../../arm-none-eabi/lib/armv7e-m\libg_n.a(lib_a-nano-vfprintf_i.o)
                0x08004354                _printf_i
 .text._putc_r  0x080045a0       0x6c c:/program files (x86)/embitz/1.11/share/em_armgcc/bin/../lib/gcc/arm-none-eabi/5.4.1/../../../../arm-none-eabi/lib/armv7e-m\libg_n.a(lib_a-putc.o)
                0x080045a0                _putc_r
 .text._sbrk_r  0x0800460c       0x20 c:/program files (x86)/embitz/1.11/share/em_armgcc/bin/../lib/gcc/arm-none-eabi/5.4.1/../../../../arm-none-eabi/lib/armv7e-m\libg_n.a(lib_a-sbrkr.o)
                0x0800460c                _sbrk_r
 .text.__sread  0x0800462c       0x22 c:/program files (x86)/embitz/1.11/share/em_armgcc/bin/../lib/gcc/arm-none-eabi/5.4.1/../../../../arm-none-eabi/lib/armv7e-m\libg_n.a(lib_a-stdio.o)
                0x0800462c                __sread
 .text.__swrite
                0x0800464e       0x38 c:/program files (x86)/embitz/1.11/share/em_armgcc/bin/../lib/gcc/arm-none-eabi/5.4.1/../../../../arm-none-eabi/lib/armv7e-m\libg_n.a(lib_a-stdio.o)
                0x0800464e                __swrite
 .text.__sseek  0x08004686       0x24 c:/program files (x86)/embitz/1.11/share/em_armgcc/bin/../lib/gcc/arm-none-eabi/5.4.1/../../../../arm-none-eabi/lib/armv7e-m\libg_n.a(lib_a-stdio.o)
                0x08004686                __sseek
 .text.__sclose
                0x080046aa        0x8 c:/program files (x86)/embitz/1.11/share/em_armgcc/bin/../lib/gcc/arm-none-eabi/5.4.1/../../../../arm-none-eabi/lib/armv7e-m\libg_n.a(lib_a-stdio.o)
                0x080046aa                __sclose
 *fill*         0x080046b2        0x2 
 .text.__swbuf_r
                0x080046b4       0xa8 c:/program files (x86)/embitz/1.11/share/em_armgcc/bin/../lib/gcc/arm-none-eabi/5.4.1/../../../../arm-none-eabi/lib/armv7e-m\libg_n.a(lib_a-wbuf.o)
                0x080046b4                __swbuf_r
 .text.__swsetup_r
                0x0800475c       0xdc c:/program files (x86)/embitz/1.11/share/em_armgcc/bin/../lib/gcc/arm-none-eabi/5.4.1/../../../../arm-none-eabi/lib/armv7e-m\libg_n.a(lib_a-wsetup.o)
                0x0800475c                __swsetup_r
 .text._close_r
                0x08004838       0x20 c:/program files (x86)/embitz/1.11/share/em_armgcc/bin/../lib/gcc/arm-none-eabi/5.4.1/../../../../arm-none-eabi/lib/armv7e-m\libg_n.a(lib_a-closer.o)
                0x08004838                _close_r
 .text._fstat_r
                0x08004858       0x24 c:/program files (x86)/embitz/1.11/share/em_armgcc/bin/../lib/gcc/arm-none-eabi/5.4.1/../../../../arm-none-eabi/lib/armv7e-m\libg_n.a(lib_a-fstatr.o)
                0x08004858                _fstat_r
 .text._isatty_r
                0x0800487c       0x20 c:/program files (x86)/embitz/1.11/share/em_armgcc/bin/../lib/gcc/arm-none-eabi/5.4.1/../../../../arm-none-eabi/lib/armv7e-m\libg_n.a(lib_a-isattyr.o)
                0x0800487c                _isatty_r
 .text._lseek_r
                0x0800489c       0x24 c:/program files (x86)/embitz/1.11/share/em_armgcc/bin/../lib/gcc/arm-none-eabi/5.4.1/../../../../arm-none-eabi/lib/armv7e-m\libg_n.a(lib_a-lseekr.o)
                0x0800489c                _lseek_r
 .text          0x080048c0       0xa0 c:/program files (x86)/embitz/1.11/share/em_armgcc/bin/../lib/gcc/arm-none-eabi/5.4.1/../../../../arm-none-eabi/lib/armv7e-m\libg_n.a(lib_a-memchr.o)
                0x080048c0                memchr
 .text.memcpy   0x08004960       0x16 c:/program files (x86)/embitz/1.11/share/em_armgcc/bin/../lib/gcc/arm-none-eabi/5.4.1/../../../../arm-none-eabi/lib/armv7e-m\libg_n.a(lib_a-memcpy-stub.o)
                0x08004960                memcpy
 .text.memmove  0x08004976       0x36 c:/program files (x86)/embitz/1.11/share/em_armgcc/bin/../lib/gcc/arm-none-eabi/5.4.1/../../../../arm-none-eabi/lib/armv7e-m\libg_n.a(lib_a-memmove.o)
                0x08004976                memmove
 .text.__malloc_lock
                0x080049ac        0x2 c:/program files (x86)/embitz/1.11/share/em_armgcc/bin/../lib/gcc/arm-none-eabi/5.4.1/../../../../arm-none-eabi/lib/armv7e-m\libg_n.a(lib_a-mlock.o)
                0x080049ac                __malloc_lock
 .text.__malloc_unlock
                0x080049ae        0x2 c:/program files (x86)/embitz/1.11/share/em_armgcc/bin/../lib/gcc/arm-none-eabi/5.4.1/../../../../arm-none-eabi/lib/armv7e-m\libg_n.a(lib_a-mlock.o)
                0x080049ae                __malloc_unlock
 .text._realloc_r
                0x080049b0       0x4c c:/program files (x86)/embitz/1.11/share/em_armgcc/bin/../lib/gcc/arm-none-eabi/5.4.1/../../../../arm-none-eabi/lib/armv7e-m\libg_n.a(lib_a-nano-reallocr.o)
                0x080049b0                _realloc_r
 .text._read_r  0x080049fc       0x24 c:/program files (x86)/embitz/1.11/share/em_armgcc/bin/../lib/gcc/arm-none-eabi/5.4.1/../../../../arm-none-eabi/lib/armv7e-m\libg_n.a(lib_a-readr.o)
                0x080049fc                _read_r
 .text._malloc_usable_size_r
                0x08004a20       0x14 c:/program files (x86)/embitz/1.11/share/em_armgcc/bin/../lib/gcc/arm-none-eabi/5.4.1/../../../../arm-none-eabi/lib/armv7e-m\libg_n.a(lib_a-nano-msizer.o)
                0x08004a20                _malloc_usable_size_r
 .text._close   0x08004a34       0x10 c:/program files (x86)/embitz/1.11/share/em_armgcc/bin/../lib/gcc/arm-none-eabi/5.4.1/../../../../arm-none-eabi/lib/armv7e-m\libnosys_s.a(close.o)
                0x08004a34                _close
 .text._fstat   0x08004a44       0x10 c:/program files (x86)/embitz/1.11/share/em_armgcc/bin/../lib/gcc/arm-none-eabi/5.4.1/../../../../arm-none-eabi/lib/armv7e-m\libnosys_s.a(fstat.o)
                0x08004a44                _fstat
 .text._isatty  0x08004a54       0x10 c:/program files (x86)/embitz/1.11/share/em_armgcc/bin/../lib/gcc/arm-none-eabi/5.4.1/../../../../arm-none-eabi/lib/armv7e-m\libnosys_s.a(isatty.o)
                0x08004a54                _isatty
 .text._lseek   0x08004a64       0x10 c:/program files (x86)/embitz/1.11/share/em_armgcc/bin/../lib/gcc/arm-none-eabi/5.4.1/../../../../arm-none-eabi/lib/armv7e-m\libnosys_s.a(lseek.o)
                0x08004a64                _lseek
 .text._read    0x08004a74       0x10 c:/program files (x86)/embitz/1.11/share/em_armgcc/bin/../lib/gcc/arm-none-eabi/5.4.1/../../../../arm-none-eabi/lib/armv7e-m\libnosys_s.a(read.o)
                0x08004a74                _read
 .text._sbrk    0x08004a84       0x1c c:/program files (x86)/embitz/1.11/share/em_armgcc/bin/../lib/gcc/arm-none-eabi/5.4.1/../../../../arm-none-eabi/lib/armv7e-m\libnosys_s.a(sbrk.o)
                0x08004a84                _sbrk
 .text._exit    0x08004aa0        0x2 c:/program files (x86)/embitz/1.11/share/em_armgcc/bin/../lib/gcc/arm-none-eabi/5.4.1/../../../../arm-none-eabi/lib/armv7e-m\libnosys_s.a(_exit.o)
                0x08004aa0                _exit
 *(.init)
 *fill*         0x08004aa2        0x2 
 .init          0x08004aa4        0x4 c:/program files (x86)/embitz/1.11/share/em_armgcc/bin/../lib/gcc/arm-none-eabi/5.4.1/armv7e-m/crti.o
                0x08004aa4                _init
 .init          0x08004aa8        0x8 c:/program files (x86)/embitz/1.11/share/em_armgcc/bin/../lib/gcc/arm-none-eabi/5.4.1/armv7e-m/crtn.o
 *(.fini)
 .fini          0x08004ab0        0x4 c:/program files (x86)/embitz/1.11/share/em_armgcc/bin/../lib/gcc/arm-none-eabi/5.4.1/armv7e-m/crti.o
                0x08004ab0                _fini
 .fini          0x08004ab4        0x8 c:/program files (x86)/embitz/1.11/share/em_armgcc/bin/../lib/gcc/arm-none-eabi/5.4.1/armv7e-m/crtn.o
 *crtbegin.o(.ctors)
 *crtbegin?.o(.ctors)
 *(EXCLUDE_FILE(*crtend.o *crtend?.o) .ctors)
 *(SORT(.ctors.*))
 *(.ctors)
 *crtbegin.o(.dtors)
 *crtbegin?.o(.dtors)
 *(EXCLUDE_FILE(*crtend.o *crtend?.o) .dtors)
 *(SORT(.dtors.*))
 *(.dtors)
 *(.rodata*)
 .rodata        0x08004abc       0xab obj\debug\src\ansi.o
 *fill*         0x08004b67        0x1 
 .rodata.character_data
                0x08004b68      0x1db obj\debug\src\charset.o
                0x08004b68                character_data
 *fill*         0x08004d43        0x1 
 .rodata        0x08004d44       0x44 obj\debug\src\lcd.o
 .rodata.SIN    0x08004d88      0x400 obj\debug\src\lut.o
                0x08004d88                SIN
 .rodata        0x08005188        0x8 obj\debug\src\main.o
 .rodata        0x08005190      0x287 obj\debug\src\menu.o
 *fill*         0x08005417        0x1 
 .rodata        0x08005418       0x16 obj\debug\src\striker.o
 .rodata.str1.1
                0x0800542e        0x2 c:/program files (x86)/embitz/1.11/share/em_armgcc/bin/../lib/gcc/arm-none-eabi/5.4.1/../../../../arm-none-eabi/lib/armv7e-m\libg_n.a(lib_a-impure.o)
 .rodata._global_impure_ptr
                0x08005430        0x4 c:/program files (x86)/embitz/1.11/share/em_armgcc/bin/../lib/gcc/arm-none-eabi/5.4.1/../../../../arm-none-eabi/lib/armv7e-m\libg_n.a(lib_a-impure.o)
                0x08005430                _global_impure_ptr
 .rodata.__sf_fake_stdin
                0x08005434       0x20 c:/program files (x86)/embitz/1.11/share/em_armgcc/bin/../lib/gcc/arm-none-eabi/5.4.1/../../../../arm-none-eabi/lib/armv7e-m\libg_n.a(lib_a-findfp.o)
                0x08005434                __sf_fake_stdin
 .rodata.__sf_fake_stdout
                0x08005454       0x20 c:/program files (x86)/embitz/1.11/share/em_armgcc/bin/../lib/gcc/arm-none-eabi/5.4.1/../../../../arm-none-eabi/lib/armv7e-m\libg_n.a(lib_a-findfp.o)
                0x08005454                __sf_fake_stdout
 .rodata.__sf_fake_stderr
                0x08005474       0x20 c:/program files (x86)/embitz/1.11/share/em_armgcc/bin/../lib/gcc/arm-none-eabi/5.4.1/../../../../arm-none-eabi/lib/armv7e-m\libg_n.a(lib_a-findfp.o)
                0x08005474                __sf_fake_stderr
 .rodata.str1.1
                0x08005494       0x11 c:/program files (x86)/embitz/1.11/share/em_armgcc/bin/../lib/gcc/arm-none-eabi/5.4.1/../../../../arm-none-eabi/lib/armv7e-m\libg_n.a(lib_a-nano-svfprintf.o)
 .rodata.str1.1
                0x080054a5       0x11 c:/program files (x86)/embitz/1.11/share/em_armgcc/bin/../lib/gcc/arm-none-eabi/5.4.1/../../../../arm-none-eabi/lib/armv7e-m\libg_n.a(lib_a-nano-vfprintf.o)
 .rodata.str1.1
                0x080054a5       0x22 c:/program files (x86)/embitz/1.11/share/em_armgcc/bin/../lib/gcc/arm-none-eabi/5.4.1/../../../../arm-none-eabi/lib/armv7e-m\libg_n.a(lib_a-nano-vfprintf_i.o)
 *(.eh_frame*)
 *fill*         0x080054c7        0x1 
 .eh_frame      0x080054c8        0x0 c:/program files (x86)/embitz/1.11/share/em_armgcc/bin/../lib/gcc/arm-none-eabi/5.4.1/armv7e-m/crtbegin.o
 .eh_frame      0x080054c8        0x4 c:/program files (x86)/embitz/1.11/share/em_armgcc/bin/../lib/gcc/arm-none-eabi/5.4.1/armv7e-m/crtend.o

.glue_7         0x080054cc        0x0
 .glue_7        0x080054cc        0x0 linker stubs

.glue_7t        0x080054cc        0x0
 .glue_7t       0x080054cc        0x0 linker stubs

.vfp11_veneer   0x080054cc        0x0
 .vfp11_veneer  0x080054cc        0x0 linker stubs

.v4_bx          0x080054cc        0x0
 .v4_bx         0x080054cc        0x0 linker stubs

.iplt           0x080054cc        0x0
 .iplt          0x080054cc        0x0 c:/program files (x86)/embitz/1.11/share/em_armgcc/bin/../lib/gcc/arm-none-eabi/5.4.1/armv7e-m/crtbegin.o

.ARM.extab
 *(.ARM.extab* .gnu.linkonce.armextab.*)
                0x080054cc                __exidx_start = .

.ARM.exidx      0x080054cc        0x8
 *(.ARM.exidx* .gnu.linkonce.armexidx.*)
 .ARM.exidx     0x080054cc        0x8 c:/program files (x86)/embitz/1.11/share/em_armgcc/bin/../lib/gcc/arm-none-eabi/5.4.1/../../../../arm-none-eabi/lib/armv7e-m/crt0.o
                0x080054d4                __exidx_end = .
                0x080054d4                __etext = .

.rel.dyn        0x080054d4        0x0
 .rel.iplt      0x080054d4        0x0 c:/program files (x86)/embitz/1.11/share/em_armgcc/bin/../lib/gcc/arm-none-eabi/5.4.1/armv7e-m/crtbegin.o

.data           0x20000000       0x98 load address 0x080054d4
                0x20000000                __data_start__ = .
 *(vtable)
 *(.data*)
 .data.APBAHBPrescTable
                0x20000000       0x10 obj\debug\spl\src\stm32f30x_rcc.o
 .data.ADCPrescTable
                0x20000010       0x1a obj\debug\spl\src\stm32f30x_rcc.o
 *fill*         0x2000002a        0x2 
 .data.impure_data
                0x2000002c       0x60 c:/program files (x86)/embitz/1.11/share/em_armgcc/bin/../lib/gcc/arm-none-eabi/5.4.1/../../../../arm-none-eabi/lib/armv7e-m\libg_n.a(lib_a-impure.o)
 .data._impure_ptr
                0x2000008c        0x4 c:/program files (x86)/embitz/1.11/share/em_armgcc/bin/../lib/gcc/arm-none-eabi/5.4.1/../../../../arm-none-eabi/lib/armv7e-m\libg_n.a(lib_a-impure.o)
                0x2000008c                _impure_ptr
                0x20000090                . = ALIGN (0x4)
                0x20000090                PROVIDE (__preinit_array_start, .)
 *(.preinit_array)
                0x20000090                PROVIDE (__preinit_array_end, .)
                0x20000090                . = ALIGN (0x4)
                0x20000090                PROVIDE (__init_array_start, .)
 *(SORT(.init_array.*))
 *(.init_array)
 .init_array    0x20000090        0x4 c:/program files (x86)/embitz/1.11/share/em_armgcc/bin/../lib/gcc/arm-none-eabi/5.4.1/armv7e-m/crtbegin.o
                0x20000094                PROVIDE (__init_array_end, .)
                0x20000094                . = ALIGN (0x4)
                [!provide]                PROVIDE (__fini_array_start, .)
 *(SORT(.fini_array.*))
 *(.fini_array)
 .fini_array    0x20000094        0x4 c:/program files (x86)/embitz/1.11/share/em_armgcc/bin/../lib/gcc/arm-none-eabi/5.4.1/armv7e-m/crtbegin.o
                [!provide]                PROVIDE (__fini_array_end, .)
                0x20000098                . = ALIGN (0x4)
                0x20000098                __data_end__ = .

.jcr            0x20000098        0x0 load address 0x0800556c
 .jcr           0x20000098        0x0 c:/program files (x86)/embitz/1.11/share/em_armgcc/bin/../lib/gcc/arm-none-eabi/5.4.1/armv7e-m/crtbegin.o

.igot.plt       0x20000098        0x0 load address 0x0800556c
 .igot.plt      0x20000098        0x0 c:/program files (x86)/embitz/1.11/share/em_armgcc/bin/../lib/gcc/arm-none-eabi/5.4.1/armv7e-m/crtbegin.o

.bss            0x20000098       0x38 load address 0x0800556c
                0x20000098                __bss_start__ = .
 *(.bss*)
 .bss           0x20000098       0x1c c:/program files (x86)/embitz/1.11/share/em_armgcc/bin/../lib/gcc/arm-none-eabi/5.4.1/armv7e-m/crtbegin.o
 .bss.__malloc_sbrk_start
                0x200000b4        0x4 c:/program files (x86)/embitz/1.11/share/em_armgcc/bin/../lib/gcc/arm-none-eabi/5.4.1/../../../../arm-none-eabi/lib/armv7e-m\libg_n.a(lib_a-nano-mallocr.o)
                0x200000b4                __malloc_sbrk_start
 .bss.__malloc_free_list
                0x200000b8        0x4 c:/program files (x86)/embitz/1.11/share/em_armgcc/bin/../lib/gcc/arm-none-eabi/5.4.1/../../../../arm-none-eabi/lib/armv7e-m\libg_n.a(lib_a-nano-mallocr.o)
                0x200000b8                __malloc_free_list
 .bss.heap_end.4167
                0x200000bc        0x4 c:/program files (x86)/embitz/1.11/share/em_armgcc/bin/../lib/gcc/arm-none-eabi/5.4.1/../../../../arm-none-eabi/lib/armv7e-m\libnosys_s.a(sbrk.o)
 *(COMMON)
 COMMON         0x200000c0        0x8 obj\debug\src\ball.o
                0x200000c0                t
 COMMON         0x200000c8        0x1 obj\debug\src\timer.o
                0x200000c8                t_flag
 *fill*         0x200000c9        0x3 
 COMMON         0x200000cc        0x4 c:/program files (x86)/embitz/1.11/share/em_armgcc/bin/../lib/gcc/arm-none-eabi/5.4.1/../../../../arm-none-eabi/lib/armv7e-m\libg_n.a(lib_a-reent.o)
                0x200000cc                errno
                0x200000d0                __bss_end__ = .

.heap           0x200000d0        0x0
                0x200000d0                __end__ = .
                0x200000d0                end = __end__
 *(.heap*)
 .heap          0x200000d0        0x0 obj\debug\src\startup_stm32f30x.o
                0x200000d0                __HeapLimit = .

.stack_dummy    0x200000d0      0x100
 *(.stack)
 .stack         0x200000d0      0x100 obj\debug\src\startup_stm32f30x.o
                0x20004000                __StackTop = (ORIGIN (RAM) + LENGTH (RAM))
                0x20003f00                __StackLimit = (__StackTop - SIZEOF (.stack_dummy))
                0x20004000                PROVIDE (__stack, __StackTop)
                0x00000001                ASSERT ((__StackLimit >= __HeapLimit), region RAM overflowed with stack)
LOAD obj\debug\spl\src\stm32f30x_adc.o
LOAD obj\debug\spl\src\stm32f30x_can.o
LOAD obj\debug\spl\src\stm32f30x_comp.o
LOAD obj\debug\spl\src\stm32f30x_crc.o
LOAD obj\debug\spl\src\stm32f30x_dac.o
LOAD obj\debug\spl\src\stm32f30x_dbgmcu.o
LOAD obj\debug\spl\src\stm32f30x_dma.o
LOAD obj\debug\spl\src\stm32f30x_exti.o
LOAD obj\debug\spl\src\stm32f30x_flash.o
LOAD obj\debug\spl\src\stm32f30x_gpio.o
LOAD obj\debug\spl\src\stm32f30x_i2c.o
LOAD obj\debug\spl\src\stm32f30x_iwdg.o
LOAD obj\debug\spl\src\stm32f30x_misc.o
LOAD obj\debug\spl\src\stm32f30x_opamp.o
LOAD obj\debug\spl\src\stm32f30x_pwr.o
LOAD obj\debug\spl\src\stm32f30x_rcc.o
LOAD obj\debug\spl\src\stm32f30x_rtc.o
LOAD obj\debug\spl\src\stm32f30x_spi.o
LOAD obj\debug\spl\src\stm32f30x_syscfg.o
LOAD obj\debug\spl\src\stm32f30x_tim.o
LOAD obj\debug\spl\src\stm32f30x_usart.o
LOAD obj\debug\spl\src\stm32f30x_wwdg.o
LOAD obj\debug\src\30010_io.o
LOAD obj\debug\src\ansi.o
LOAD obj\debug\src\ball.o
LOAD obj\debug\src\block_control.o
LOAD obj\debug\src\charset.o
LOAD obj\debug\src\config_project.o
LOAD obj\debug\src\controller.o
LOAD obj\debug\src\lcd.o
LOAD obj\debug\src\lut.o
LOAD obj\debug\src\main.o
LOAD obj\debug\src\menu.o
LOAD obj\debug\src\startup_stm32f30x.o
LOAD obj\debug\src\striker.o
LOAD obj\debug\src\system_stm32f30x.o
LOAD obj\debug\src\timer.o
LOAD obj\debug\src\trig.o
START GROUP
LOAD c:/program files (x86)/embitz/1.11/share/em_armgcc/bin/../lib/gcc/arm-none-eabi/5.4.1/armv7e-m\libgcc.a
LOAD c:/program files (x86)/embitz/1.11/share/em_armgcc/bin/../lib/gcc/arm-none-eabi/5.4.1/../../../../arm-none-eabi/lib/armv7e-m\libg_n.a
LOAD c:/program files (x86)/embitz/1.11/share/em_armgcc/bin/../lib/gcc/arm-none-eabi/5.4.1/../../../../arm-none-eabi/lib/armv7e-m\libc_n.a
END GROUP
START GROUP
LOAD c:/program files (x86)/embitz/1.11/share/em_armgcc/bin/../lib/gcc/arm-none-eabi/5.4.1/armv7e-m\libgcc.a
LOAD c:/program files (x86)/embitz/1.11/share/em_armgcc/bin/../lib/gcc/arm-none-eabi/5.4.1/../../../../arm-none-eabi/lib/armv7e-m\libc_n.a
LOAD c:/program files (x86)/embitz/1.11/share/em_armgcc/bin/../lib/gcc/arm-none-eabi/5.4.1/../../../../arm-none-eabi/lib/armv7e-m\libnosys_s.a
END GROUP
LOAD c:/program files (x86)/embitz/1.11/share/em_armgcc/bin/../lib/gcc/arm-none-eabi/5.4.1/armv7e-m/crtend.o
LOAD c:/program files (x86)/embitz/1.11/share/em_armgcc/bin/../lib/gcc/arm-none-eabi/5.4.1/armv7e-m/crtn.o
OUTPUT(bin\Debug\Programmerings Project.elf elf32-littlearm)

.ARM.attributes
                0x00000000       0x2a
 .ARM.attributes
                0x00000000       0x1e c:/program files (x86)/embitz/1.11/share/em_armgcc/bin/../lib/gcc/arm-none-eabi/5.4.1/armv7e-m/crti.o
 .ARM.attributes
                0x0000001e       0x2e c:/program files (x86)/embitz/1.11/share/em_armgcc/bin/../lib/gcc/arm-none-eabi/5.4.1/armv7e-m/crtbegin.o
 .ARM.attributes
                0x0000004c       0x1c c:/program files (x86)/embitz/1.11/share/em_armgcc/bin/../lib/gcc/arm-none-eabi/5.4.1/../../../../arm-none-eabi/lib/armv7e-m/crt0.o
 .ARM.attributes
                0x00000068       0x33 obj\debug\spl\src\stm32f30x_rcc.o
 .ARM.attributes
                0x0000009b       0x33 obj\debug\spl\src\stm32f30x_spi.o
 .ARM.attributes
                0x000000ce       0x33 obj\debug\spl\src\stm32f30x_usart.o
 .ARM.attributes
                0x00000101       0x33 obj\debug\src\30010_io.o
 .ARM.attributes
                0x00000134       0x33 obj\debug\src\ansi.o
 .ARM.attributes
                0x00000167       0x33 obj\debug\src\ball.o
 .ARM.attributes
                0x0000019a       0x33 obj\debug\src\block_control.o
 .ARM.attributes
                0x000001cd       0x33 obj\debug\src\charset.o
 .ARM.attributes
                0x00000200       0x33 obj\debug\src\config_project.o
 .ARM.attributes
                0x00000233       0x33 obj\debug\src\controller.o
 .ARM.attributes
                0x00000266       0x33 obj\debug\src\lcd.o
 .ARM.attributes
                0x00000299       0x33 obj\debug\src\lut.o
 .ARM.attributes
                0x000002cc       0x33 obj\debug\src\main.o
 .ARM.attributes
                0x000002ff       0x33 obj\debug\src\menu.o
 .ARM.attributes
                0x00000332       0x1b obj\debug\src\startup_stm32f30x.o
 .ARM.attributes
                0x0000034d       0x33 obj\debug\src\striker.o
 .ARM.attributes
                0x00000380       0x33 obj\debug\src\system_stm32f30x.o
 .ARM.attributes
                0x000003b3       0x33 obj\debug\src\timer.o
 .ARM.attributes
                0x000003e6       0x33 obj\debug\src\trig.o
 .ARM.attributes
                0x00000419       0x2e c:/program files (x86)/embitz/1.11/share/em_armgcc/bin/../lib/gcc/arm-none-eabi/5.4.1/../../../../arm-none-eabi/lib/armv7e-m\libg_n.a(lib_a-exit.o)
 .ARM.attributes
                0x00000447       0x2e c:/program files (x86)/embitz/1.11/share/em_armgcc/bin/../lib/gcc/arm-none-eabi/5.4.1/../../../../arm-none-eabi/lib/armv7e-m\libg_n.a(lib_a-impure.o)
 .ARM.attributes
                0x00000475       0x2e c:/program files (x86)/embitz/1.11/share/em_armgcc/bin/../lib/gcc/arm-none-eabi/5.4.1/../../../../arm-none-eabi/lib/armv7e-m\libg_n.a(lib_a-init.o)
 .ARM.attributes
                0x000004a3       0x2e c:/program files (x86)/embitz/1.11/share/em_armgcc/bin/../lib/gcc/arm-none-eabi/5.4.1/../../../../arm-none-eabi/lib/armv7e-m\libg_n.a(lib_a-memset.o)
 .ARM.attributes
                0x000004d1       0x2e c:/program files (x86)/embitz/1.11/share/em_armgcc/bin/../lib/gcc/arm-none-eabi/5.4.1/../../../../arm-none-eabi/lib/armv7e-m\libg_n.a(lib_a-printf.o)
 .ARM.attributes
                0x000004ff       0x2e c:/program files (x86)/embitz/1.11/share/em_armgcc/bin/../lib/gcc/arm-none-eabi/5.4.1/../../../../arm-none-eabi/lib/armv7e-m\libg_n.a(lib_a-putchar.o)
 .ARM.attributes
                0x0000052d       0x2e c:/program files (x86)/embitz/1.11/share/em_armgcc/bin/../lib/gcc/arm-none-eabi/5.4.1/../../../../arm-none-eabi/lib/armv7e-m\libg_n.a(lib_a-setbuf.o)
 .ARM.attributes
                0x0000055b       0x2e c:/program files (x86)/embitz/1.11/share/em_armgcc/bin/../lib/gcc/arm-none-eabi/5.4.1/../../../../arm-none-eabi/lib/armv7e-m\libg_n.a(lib_a-setvbuf.o)
 .ARM.attributes
                0x00000589       0x2e c:/program files (x86)/embitz/1.11/share/em_armgcc/bin/../lib/gcc/arm-none-eabi/5.4.1/../../../../arm-none-eabi/lib/armv7e-m\libg_n.a(lib_a-sprintf.o)
 .ARM.attributes
                0x000005b7       0x2e c:/program files (x86)/embitz/1.11/share/em_armgcc/bin/../lib/gcc/arm-none-eabi/5.4.1/../../../../arm-none-eabi/lib/armv7e-m\libg_n.a(lib_a-fflush.o)
 .ARM.attributes
                0x000005e5       0x2e c:/program files (x86)/embitz/1.11/share/em_armgcc/bin/../lib/gcc/arm-none-eabi/5.4.1/../../../../arm-none-eabi/lib/armv7e-m\libg_n.a(lib_a-findfp.o)
 .ARM.attributes
                0x00000613       0x2e c:/program files (x86)/embitz/1.11/share/em_armgcc/bin/../lib/gcc/arm-none-eabi/5.4.1/../../../../arm-none-eabi/lib/armv7e-m\libg_n.a(lib_a-fwalk.o)
 .ARM.attributes
                0x00000641       0x2e c:/program files (x86)/embitz/1.11/share/em_armgcc/bin/../lib/gcc/arm-none-eabi/5.4.1/../../../../arm-none-eabi/lib/armv7e-m\libg_n.a(lib_a-makebuf.o)
 .ARM.attributes
                0x0000066f       0x2e c:/program files (x86)/embitz/1.11/share/em_armgcc/bin/../lib/gcc/arm-none-eabi/5.4.1/../../../../arm-none-eabi/lib/armv7e-m\libg_n.a(lib_a-malloc.o)
 .ARM.attributes
                0x0000069d       0x2e c:/program files (x86)/embitz/1.11/share/em_armgcc/bin/../lib/gcc/arm-none-eabi/5.4.1/../../../../arm-none-eabi/lib/armv7e-m\libg_n.a(lib_a-nano-freer.o)
 .ARM.attributes
                0x000006cb       0x2e c:/program files (x86)/embitz/1.11/share/em_armgcc/bin/../lib/gcc/arm-none-eabi/5.4.1/../../../../arm-none-eabi/lib/armv7e-m\libg_n.a(lib_a-nano-mallocr.o)
 .ARM.attributes
                0x000006f9       0x2e c:/program files (x86)/embitz/1.11/share/em_armgcc/bin/../lib/gcc/arm-none-eabi/5.4.1/../../../../arm-none-eabi/lib/armv7e-m\libg_n.a(lib_a-nano-svfprintf.o)
 .ARM.attributes
                0x00000727       0x2e c:/program files (x86)/embitz/1.11/share/em_armgcc/bin/../lib/gcc/arm-none-eabi/5.4.1/../../../../arm-none-eabi/lib/armv7e-m\libg_n.a(lib_a-nano-vfprintf.o)
 .ARM.attributes
                0x00000755       0x2e c:/program files (x86)/embitz/1.11/share/em_armgcc/bin/../lib/gcc/arm-none-eabi/5.4.1/../../../../arm-none-eabi/lib/armv7e-m\libg_n.a(lib_a-nano-vfprintf_i.o)
 .ARM.attributes
                0x00000783       0x2e c:/program files (x86)/embitz/1.11/share/em_armgcc/bin/../lib/gcc/arm-none-eabi/5.4.1/../../../../arm-none-eabi/lib/armv7e-m\libg_n.a(lib_a-putc.o)
 .ARM.attributes
                0x000007b1       0x2e c:/program files (x86)/embitz/1.11/share/em_armgcc/bin/../lib/gcc/arm-none-eabi/5.4.1/../../../../arm-none-eabi/lib/armv7e-m\libg_n.a(lib_a-sbrkr.o)
 .ARM.attributes
                0x000007df       0x2e c:/program files (x86)/embitz/1.11/share/em_armgcc/bin/../lib/gcc/arm-none-eabi/5.4.1/../../../../arm-none-eabi/lib/armv7e-m\libg_n.a(lib_a-stdio.o)
 .ARM.attributes
                0x0000080d       0x2e c:/program files (x86)/embitz/1.11/share/em_armgcc/bin/../lib/gcc/arm-none-eabi/5.4.1/../../../../arm-none-eabi/lib/armv7e-m\libg_n.a(lib_a-wbuf.o)
 .ARM.attributes
                0x0000083b       0x2e c:/program files (x86)/embitz/1.11/share/em_armgcc/bin/../lib/gcc/arm-none-eabi/5.4.1/../../../../arm-none-eabi/lib/armv7e-m\libg_n.a(lib_a-wsetup.o)
 .ARM.attributes
                0x00000869       0x2e c:/program files (x86)/embitz/1.11/share/em_armgcc/bin/../lib/gcc/arm-none-eabi/5.4.1/../../../../arm-none-eabi/lib/armv7e-m\libg_n.a(lib_a-closer.o)
 .ARM.attributes
                0x00000897       0x2e c:/program files (x86)/embitz/1.11/share/em_armgcc/bin/../lib/gcc/arm-none-eabi/5.4.1/../../../../arm-none-eabi/lib/armv7e-m\libg_n.a(lib_a-fstatr.o)
 .ARM.attributes
                0x000008c5       0x2e c:/program files (x86)/embitz/1.11/share/em_armgcc/bin/../lib/gcc/arm-none-eabi/5.4.1/../../../../arm-none-eabi/lib/armv7e-m\libg_n.a(lib_a-isattyr.o)
 .ARM.attributes
                0x000008f3       0x2e c:/program files (x86)/embitz/1.11/share/em_armgcc/bin/../lib/gcc/arm-none-eabi/5.4.1/../../../../arm-none-eabi/lib/armv7e-m\libg_n.a(lib_a-lseekr.o)
 .ARM.attributes
                0x00000921       0x1c c:/program files (x86)/embitz/1.11/share/em_armgcc/bin/../lib/gcc/arm-none-eabi/5.4.1/../../../../arm-none-eabi/lib/armv7e-m\libg_n.a(lib_a-memchr.o)
 .ARM.attributes
                0x0000093d       0x2e c:/program files (x86)/embitz/1.11/share/em_armgcc/bin/../lib/gcc/arm-none-eabi/5.4.1/../../../../arm-none-eabi/lib/armv7e-m\libg_n.a(lib_a-memcpy-stub.o)
 .ARM.attributes
                0x0000096b       0x2e c:/program files (x86)/embitz/1.11/share/em_armgcc/bin/../lib/gcc/arm-none-eabi/5.4.1/../../../../arm-none-eabi/lib/armv7e-m\libg_n.a(lib_a-memmove.o)
 .ARM.attributes
                0x00000999       0x2e c:/program files (x86)/embitz/1.11/share/em_armgcc/bin/../lib/gcc/arm-none-eabi/5.4.1/../../../../arm-none-eabi/lib/armv7e-m\libg_n.a(lib_a-mlock.o)
 .ARM.attributes
                0x000009c7       0x2e c:/program files (x86)/embitz/1.11/share/em_armgcc/bin/../lib/gcc/arm-none-eabi/5.4.1/../../../../arm-none-eabi/lib/armv7e-m\libg_n.a(lib_a-nano-reallocr.o)
 .ARM.attributes
                0x000009f5       0x2e c:/program files (x86)/embitz/1.11/share/em_armgcc/bin/../lib/gcc/arm-none-eabi/5.4.1/../../../../arm-none-eabi/lib/armv7e-m\libg_n.a(lib_a-readr.o)
 .ARM.attributes
                0x00000a23       0x2e c:/program files (x86)/embitz/1.11/share/em_armgcc/bin/../lib/gcc/arm-none-eabi/5.4.1/../../../../arm-none-eabi/lib/armv7e-m\libg_n.a(lib_a-reent.o)
 .ARM.attributes
                0x00000a51       0x2e c:/program files (x86)/embitz/1.11/share/em_armgcc/bin/../lib/gcc/arm-none-eabi/5.4.1/../../../../arm-none-eabi/lib/armv7e-m\libg_n.a(lib_a-nano-msizer.o)
 .ARM.attributes
                0x00000a7f       0x2e c:/program files (x86)/embitz/1.11/share/em_armgcc/bin/../lib/gcc/arm-none-eabi/5.4.1/../../../../arm-none-eabi/lib/armv7e-m\libnosys_s.a(close.o)
 .ARM.attributes
                0x00000aad       0x2e c:/program files (x86)/embitz/1.11/share/em_armgcc/bin/../lib/gcc/arm-none-eabi/5.4.1/../../../../arm-none-eabi/lib/armv7e-m\libnosys_s.a(fstat.o)
 .ARM.attributes
                0x00000adb       0x2e c:/program files (x86)/embitz/1.11/share/em_armgcc/bin/../lib/gcc/arm-none-eabi/5.4.1/../../../../arm-none-eabi/lib/armv7e-m\libnosys_s.a(isatty.o)
 .ARM.attributes
                0x00000b09       0x2e c:/program files (x86)/embitz/1.11/share/em_armgcc/bin/../lib/gcc/arm-none-eabi/5.4.1/../../../../arm-none-eabi/lib/armv7e-m\libnosys_s.a(lseek.o)
 .ARM.attributes
                0x00000b37       0x2e c:/program files (x86)/embitz/1.11/share/em_armgcc/bin/../lib/gcc/arm-none-eabi/5.4.1/../../../../arm-none-eabi/lib/armv7e-m\libnosys_s.a(read.o)
 .ARM.attributes
                0x00000b65       0x2e c:/program files (x86)/embitz/1.11/share/em_armgcc/bin/../lib/gcc/arm-none-eabi/5.4.1/../../../../arm-none-eabi/lib/armv7e-m\libnosys_s.a(sbrk.o)
 .ARM.attributes
                0x00000b93       0x2e c:/program files (x86)/embitz/1.11/share/em_armgcc/bin/../lib/gcc/arm-none-eabi/5.4.1/../../../../arm-none-eabi/lib/armv7e-m\libnosys_s.a(_exit.o)
 .ARM.attributes
                0x00000bc1       0x2e c:/program files (x86)/embitz/1.11/share/em_armgcc/bin/../lib/gcc/arm-none-eabi/5.4.1/armv7e-m/crtend.o
 .ARM.attributes
                0x00000bef       0x1e c:/program files (x86)/embitz/1.11/share/em_armgcc/bin/../lib/gcc/arm-none-eabi/5.4.1/armv7e-m/crtn.o

.comment        0x00000000       0x6e
 .comment       0x00000000       0x6e obj\debug\spl\src\stm32f30x_rcc.o
                                 0x6f (size before relaxing)
 .comment       0x0000006e       0x6f obj\debug\spl\src\stm32f30x_spi.o
 .comment       0x0000006e       0x6f obj\debug\spl\src\stm32f30x_usart.o
 .comment       0x0000006e       0x6f obj\debug\src\30010_io.o
 .comment       0x0000006e       0x6f obj\debug\src\ansi.o
 .comment       0x0000006e       0x6f obj\debug\src\ball.o
 .comment       0x0000006e       0x6f obj\debug\src\block_control.o
 .comment       0x0000006e       0x6f obj\debug\src\charset.o
 .comment       0x0000006e       0x6f obj\debug\src\config_project.o
 .comment       0x0000006e       0x6f obj\debug\src\controller.o
 .comment       0x0000006e       0x6f obj\debug\src\lcd.o
 .comment       0x0000006e       0x6f obj\debug\src\lut.o
 .comment       0x0000006e       0x6f obj\debug\src\main.o
 .comment       0x0000006e       0x6f obj\debug\src\menu.o
 .comment       0x0000006e       0x6f obj\debug\src\striker.o
 .comment       0x0000006e       0x6f obj\debug\src\system_stm32f30x.o
 .comment       0x0000006e       0x6f obj\debug\src\timer.o
 .comment       0x0000006e       0x6f obj\debug\src\trig.o

.debug_info     0x00000000     0x6409
 .debug_info    0x00000000      0xad4 obj\debug\spl\src\stm32f30x_rcc.o
 .debug_info    0x00000ad4      0xb82 obj\debug\spl\src\stm32f30x_spi.o
 .debug_info    0x00001656      0xecc obj\debug\spl\src\stm32f30x_usart.o
 .debug_info    0x00002522      0xf04 obj\debug\src\30010_io.o
 .debug_info    0x00003426      0x3f0 obj\debug\src\ansi.o
 .debug_info    0x00003816      0x20f obj\debug\src\ball.o
 .debug_info    0x00003a25      0x342 obj\debug\src\block_control.o
 .debug_info    0x00003d67       0x61 obj\debug\src\charset.o
 .debug_info    0x00003dc8      0x185 obj\debug\src\config_project.o
 .debug_info    0x00003f4d      0x3bd obj\debug\src\controller.o
 .debug_info    0x0000430a      0x324 obj\debug\src\lcd.o
 .debug_info    0x0000462e      0x136 obj\debug\src\lut.o
 .debug_info    0x00004764      0x33a obj\debug\src\main.o
 .debug_info    0x00004a9e      0x3d3 obj\debug\src\menu.o
 .debug_info    0x00004e71       0x97 obj\debug\src\startup_stm32f30x.o
 .debug_info    0x00004f08      0x408 obj\debug\src\striker.o
 .debug_info    0x00005310      0x470 obj\debug\src\system_stm32f30x.o
 .debug_info    0x00005780      0xa3c obj\debug\src\timer.o
 .debug_info    0x000061bc      0x24d obj\debug\src\trig.o

.debug_abbrev   0x00000000     0x15b6
 .debug_abbrev  0x00000000      0x1ea obj\debug\spl\src\stm32f30x_rcc.o
 .debug_abbrev  0x000001ea      0x190 obj\debug\spl\src\stm32f30x_spi.o
 .debug_abbrev  0x0000037a      0x15c obj\debug\spl\src\stm32f30x_usart.o
 .debug_abbrev  0x000004d6      0x27d obj\debug\src\30010_io.o
 .debug_abbrev  0x00000753       0xd9 obj\debug\src\ansi.o
 .debug_abbrev  0x0000082c       0xd1 obj\debug\src\ball.o
 .debug_abbrev  0x000008fd       0xe3 obj\debug\src\block_control.o
 .debug_abbrev  0x000009e0       0x48 obj\debug\src\charset.o
 .debug_abbrev  0x00000a28       0xb1 obj\debug\src\config_project.o
 .debug_abbrev  0x00000ad9      0x104 obj\debug\src\controller.o
 .debug_abbrev  0x00000bdd      0x136 obj\debug\src\lcd.o
 .debug_abbrev  0x00000d13       0xc1 obj\debug\src\lut.o
 .debug_abbrev  0x00000dd4       0xf0 obj\debug\src\main.o
 .debug_abbrev  0x00000ec4      0x11b obj\debug\src\menu.o
 .debug_abbrev  0x00000fdf       0x14 obj\debug\src\startup_stm32f30x.o
 .debug_abbrev  0x00000ff3      0x122 obj\debug\src\striker.o
 .debug_abbrev  0x00001115      0x11a obj\debug\src\system_stm32f30x.o
 .debug_abbrev  0x0000122f      0x249 obj\debug\src\timer.o
 .debug_abbrev  0x00001478      0x13e obj\debug\src\trig.o

.debug_aranges  0x00000000      0x7b8
 .debug_aranges
                0x00000000      0x150 obj\debug\spl\src\stm32f30x_rcc.o
 .debug_aranges
                0x00000150      0x118 obj\debug\spl\src\stm32f30x_spi.o
 .debug_aranges
                0x00000268      0x1a0 obj\debug\spl\src\stm32f30x_usart.o
 .debug_aranges
                0x00000408       0x58 obj\debug\src\30010_io.o
 .debug_aranges
                0x00000460       0x88 obj\debug\src\ansi.o
 .debug_aranges
                0x000004e8       0x20 obj\debug\src\ball.o
 .debug_aranges
                0x00000508       0x38 obj\debug\src\block_control.o
 .debug_aranges
                0x00000540       0x18 obj\debug\src\charset.o
 .debug_aranges
                0x00000558       0x20 obj\debug\src\config_project.o
 .debug_aranges
                0x00000578       0x40 obj\debug\src\controller.o
 .debug_aranges
                0x000005b8       0x40 obj\debug\src\lcd.o
 .debug_aranges
                0x000005f8       0x28 obj\debug\src\lut.o
 .debug_aranges
                0x00000620       0x20 obj\debug\src\main.o
 .debug_aranges
                0x00000640       0x48 obj\debug\src\menu.o
 .debug_aranges
                0x00000688       0x20 obj\debug\src\startup_stm32f30x.o
 .debug_aranges
                0x000006a8       0x38 obj\debug\src\striker.o
 .debug_aranges
                0x000006e0       0x30 obj\debug\src\system_stm32f30x.o
 .debug_aranges
                0x00000710       0x68 obj\debug\src\timer.o
 .debug_aranges
                0x00000778       0x40 obj\debug\src\trig.o

.debug_ranges   0x00000000      0x670
 .debug_ranges  0x00000000      0x140 obj\debug\spl\src\stm32f30x_rcc.o
 .debug_ranges  0x00000140      0x108 obj\debug\spl\src\stm32f30x_spi.o
 .debug_ranges  0x00000248      0x190 obj\debug\spl\src\stm32f30x_usart.o
 .debug_ranges  0x000003d8       0x48 obj\debug\src\30010_io.o
 .debug_ranges  0x00000420       0x78 obj\debug\src\ansi.o
 .debug_ranges  0x00000498       0x10 obj\debug\src\ball.o
 .debug_ranges  0x000004a8       0x28 obj\debug\src\block_control.o
 .debug_ranges  0x000004d0       0x10 obj\debug\src\config_project.o
 .debug_ranges  0x000004e0       0x30 obj\debug\src\controller.o
 .debug_ranges  0x00000510       0x30 obj\debug\src\lcd.o
 .debug_ranges  0x00000540       0x18 obj\debug\src\lut.o
 .debug_ranges  0x00000558       0x10 obj\debug\src\main.o
 .debug_ranges  0x00000568       0x38 obj\debug\src\menu.o
 .debug_ranges  0x000005a0       0x28 obj\debug\src\striker.o
 .debug_ranges  0x000005c8       0x20 obj\debug\src\system_stm32f30x.o
 .debug_ranges  0x000005e8       0x58 obj\debug\src\timer.o
 .debug_ranges  0x00000640       0x30 obj\debug\src\trig.o

.debug_macro    0x00000000     0x4a75
 .debug_macro   0x00000000      0x238 obj\debug\spl\src\stm32f30x_rcc.o
 .debug_macro   0x00000238      0x5c0 obj\debug\spl\src\stm32f30x_rcc.o
 .debug_macro   0x000007f8      0x1b0 obj\debug\spl\src\stm32f30x_spi.o
 .debug_macro   0x000009a8      0x3a5 obj\debug\spl\src\stm32f30x_spi.o
 .debug_macro   0x00000d4d      0x1b3 obj\debug\spl\src\stm32f30x_usart.o
 .debug_macro   0x00000f00      0x35e obj\debug\spl\src\stm32f30x_usart.o
 .debug_macro   0x0000125e      0x2d8 obj\debug\src\30010_io.o
 .debug_macro   0x00001536       0x52 obj\debug\src\30010_io.o
 .debug_macro   0x00001588       0x35 obj\debug\src\30010_io.o
 .debug_macro   0x000015bd       0x9c obj\debug\src\30010_io.o
 .debug_macro   0x00001659       0x16 obj\debug\src\30010_io.o
 .debug_macro   0x0000166f       0x97 obj\debug\src\30010_io.o
 .debug_macro   0x00001706      0x30d obj\debug\src\30010_io.o
 .debug_macro   0x00001a13       0xfd obj\debug\src\30010_io.o
 .debug_macro   0x00001b10       0x10 obj\debug\src\30010_io.o
 .debug_macro   0x00001b20       0x52 obj\debug\src\30010_io.o
 .debug_macro   0x00001b72       0x1f obj\debug\src\30010_io.o
 .debug_macro   0x00001b91       0x43 obj\debug\src\30010_io.o
 .debug_macro   0x00001bd4       0x20 obj\debug\src\30010_io.o
 .debug_macro   0x00001bf4      0x187 obj\debug\src\30010_io.o
 .debug_macro   0x00001d7b       0x10 obj\debug\src\30010_io.o
 .debug_macro   0x00001d8b       0x1c obj\debug\src\30010_io.o
 .debug_macro   0x00001da7       0x52 obj\debug\src\30010_io.o
 .debug_macro   0x00001df9       0x40 obj\debug\src\30010_io.o
 .debug_macro   0x00001e39       0x10 obj\debug\src\30010_io.o
 .debug_macro   0x00001e49       0x40 obj\debug\src\30010_io.o
 .debug_macro   0x00001e89       0xd7 obj\debug\src\30010_io.o
 .debug_macro   0x00001f60       0x16 obj\debug\src\30010_io.o
 .debug_macro   0x00001f76      0x189 obj\debug\src\30010_io.o
 .debug_macro   0x000020ff      0x308 obj\debug\src\ansi.o
 .debug_macro   0x00002407       0x16 obj\debug\src\ansi.o
 .debug_macro   0x0000241d       0x35 obj\debug\src\ansi.o
 .debug_macro   0x00002452       0x10 obj\debug\src\ansi.o
 .debug_macro   0x00002462      0x39c obj\debug\src\ball.o
 .debug_macro   0x000027fe       0x10 obj\debug\src\ball.o
 .debug_macro   0x0000280e       0x16 obj\debug\src\ball.o
 .debug_macro   0x00002824       0x16 obj\debug\src\ball.o
 .debug_macro   0x0000283a       0x16 obj\debug\src\ball.o
 .debug_macro   0x00002850       0x29 obj\debug\src\ball.o
 .debug_macro   0x00002879       0x10 obj\debug\src\ball.o
 .debug_macro   0x00002889       0x10 obj\debug\src\ball.o
 .debug_macro   0x00002899      0x329 obj\debug\src\block_control.o
 .debug_macro   0x00002bc2       0x10 obj\debug\src\block_control.o
 .debug_macro   0x00002bd2       0x1b obj\debug\src\charset.o
 .debug_macro   0x00002bed      0x2e2 obj\debug\src\config_project.o
 .debug_macro   0x00002ecf      0x2e2 obj\debug\src\controller.o
 .debug_macro   0x000031b1      0x320 obj\debug\src\lcd.o
 .debug_macro   0x000034d1      0x2e8 obj\debug\src\lut.o
 .debug_macro   0x000037b9      0x3df obj\debug\src\main.o
 .debug_macro   0x00003b98       0x16 obj\debug\src\main.o
 .debug_macro   0x00003bae      0x39c obj\debug\src\menu.o
 .debug_macro   0x00003f4a      0x398 obj\debug\src\striker.o
 .debug_macro   0x000042e2      0x197 obj\debug\src\system_stm32f30x.o
 .debug_macro   0x00004479      0x30c obj\debug\src\timer.o
 .debug_macro   0x00004785      0x2f0 obj\debug\src\trig.o

.debug_line     0x00000000     0x7216
 .debug_line    0x00000000      0x7e5 obj\debug\spl\src\stm32f30x_rcc.o
 .debug_line    0x000007e5      0x736 obj\debug\spl\src\stm32f30x_spi.o
 .debug_line    0x00000f1b      0x86c obj\debug\spl\src\stm32f30x_usart.o
 .debug_line    0x00001787      0x6da obj\debug\src\30010_io.o
 .debug_line    0x00001e61      0x7e6 obj\debug\src\ansi.o
 .debug_line    0x00002647      0x606 obj\debug\src\ball.o
 .debug_line    0x00002c4d      0x86b obj\debug\src\block_control.o
 .debug_line    0x000034b8       0x41 obj\debug\src\charset.o
 .debug_line    0x000034f9      0x565 obj\debug\src\config_project.o
 .debug_line    0x00003a5e      0x620 obj\debug\src\controller.o
 .debug_line    0x0000407e      0x61a obj\debug\src\lcd.o
 .debug_line    0x00004698      0x560 obj\debug\src\lut.o
 .debug_line    0x00004bf8      0x643 obj\debug\src\main.o
 .debug_line    0x0000523b      0x734 obj\debug\src\menu.o
 .debug_line    0x0000596f       0xbb obj\debug\src\startup_stm32f30x.o
 .debug_line    0x00005a2a      0x6b0 obj\debug\src\striker.o
 .debug_line    0x000060da      0x493 obj\debug\src\system_stm32f30x.o
 .debug_line    0x0000656d      0x702 obj\debug\src\timer.o
 .debug_line    0x00006c6f      0x5a7 obj\debug\src\trig.o

.debug_str      0x00000000    0x5852b
 .debug_str     0x00000000    0x52c30 obj\debug\spl\src\stm32f30x_rcc.o
                              0x52dec (size before relaxing)
 .debug_str     0x00052c30      0x51c obj\debug\spl\src\stm32f30x_spi.o
                              0x529c9 (size before relaxing)
 .debug_str     0x0005314c      0x7e5 obj\debug\spl\src\stm32f30x_usart.o
                              0x52cc0 (size before relaxing)
 .debug_str     0x00053931     0x3ef4 obj\debug\src\30010_io.o
                              0x56529 (size before relaxing)
 .debug_str     0x00057825       0xc5 obj\debug\src\ansi.o
                              0x55f34 (size before relaxing)
 .debug_str     0x000578ea      0x244 obj\debug\src\ball.o
                              0x560e2 (size before relaxing)
 .debug_str     0x00057b2e      0x146 obj\debug\src\block_control.o
                              0x56064 (size before relaxing)
 .debug_str     0x00057c74       0x1d obj\debug\src\charset.o
                               0x254b (size before relaxing)
 .debug_str     0x00057c91       0x23 obj\debug\src\config_project.o
                              0x55f26 (size before relaxing)
 .debug_str     0x00057cb4       0x89 obj\debug\src\controller.o
                              0x55fc5 (size before relaxing)
 .debug_str     0x00057d3d       0x56 obj\debug\src\lcd.o
                              0x55f68 (size before relaxing)
 .debug_str     0x00057d93       0x1a obj\debug\src\lut.o
                              0x55e70 (size before relaxing)
 .debug_str     0x00057dad       0x1e obj\debug\src\main.o
                              0x561af (size before relaxing)
 .debug_str     0x00057dcb       0x6a obj\debug\src\menu.o
                              0x561c2 (size before relaxing)
 .debug_str     0x00057e35       0x6c obj\debug\src\striker.o
                              0x561ba (size before relaxing)
 .debug_str     0x00057ea1       0xe0 obj\debug\src\system_stm32f30x.o
                              0x5247e (size before relaxing)
 .debug_str     0x00057f81      0x574 obj\debug\src\timer.o
                              0x56553 (size before relaxing)
 .debug_str     0x000584f5       0x36 obj\debug\src\trig.o
                              0x55f30 (size before relaxing)

.debug_frame    0x00000000     0x2858
 .debug_frame   0x00000000      0x60c obj\debug\spl\src\stm32f30x_rcc.o
 .debug_frame   0x0000060c      0x508 obj\debug\spl\src\stm32f30x_spi.o
 .debug_frame   0x00000b14      0x7b0 obj\debug\spl\src\stm32f30x_usart.o
 .debug_frame   0x000012c4      0x12c obj\debug\src\30010_io.o
 .debug_frame   0x000013f0      0x1fc obj\debug\src\ansi.o
 .debug_frame   0x000015ec       0x34 obj\debug\src\ball.o
 .debug_frame   0x00001620       0xb8 obj\debug\src\block_control.o
 .debug_frame   0x000016d8       0x38 obj\debug\src\config_project.o
 .debug_frame   0x00001710       0xc8 obj\debug\src\controller.o
 .debug_frame   0x000017d8       0xcc obj\debug\src\lcd.o
 .debug_frame   0x000018a4       0x5c obj\debug\src\lut.o
 .debug_frame   0x00001900       0x30 obj\debug\src\main.o
 .debug_frame   0x00001930       0xec obj\debug\src\menu.o
 .debug_frame   0x00001a1c       0xa8 obj\debug\src\striker.o
 .debug_frame   0x00001ac4       0x74 obj\debug\src\system_stm32f30x.o
 .debug_frame   0x00001b38      0x188 obj\debug\src\timer.o
 .debug_frame   0x00001cc0       0xd8 obj\debug\src\trig.o
 .debug_frame   0x00001d98       0x28 c:/program files (x86)/embitz/1.11/share/em_armgcc/bin/../lib/gcc/arm-none-eabi/5.4.1/../../../../arm-none-eabi/lib/armv7e-m\libg_n.a(lib_a-exit.o)
 .debug_frame   0x00001dc0       0x2c c:/program files (x86)/embitz/1.11/share/em_armgcc/bin/../lib/gcc/arm-none-eabi/5.4.1/../../../../arm-none-eabi/lib/armv7e-m\libg_n.a(lib_a-init.o)
 .debug_frame   0x00001dec       0x20 c:/program files (x86)/embitz/1.11/share/em_armgcc/bin/../lib/gcc/arm-none-eabi/5.4.1/../../../../arm-none-eabi/lib/armv7e-m\libg_n.a(lib_a-memset.o)
 .debug_frame   0x00001e0c       0x74 c:/program files (x86)/embitz/1.11/share/em_armgcc/bin/../lib/gcc/arm-none-eabi/5.4.1/../../../../arm-none-eabi/lib/armv7e-m\libg_n.a(lib_a-printf.o)
 .debug_frame   0x00001e80       0x58 c:/program files (x86)/embitz/1.11/share/em_armgcc/bin/../lib/gcc/arm-none-eabi/5.4.1/../../../../arm-none-eabi/lib/armv7e-m\libg_n.a(lib_a-putchar.o)
 .debug_frame   0x00001ed8       0x20 c:/program files (x86)/embitz/1.11/share/em_armgcc/bin/../lib/gcc/arm-none-eabi/5.4.1/../../../../arm-none-eabi/lib/armv7e-m\libg_n.a(lib_a-setbuf.o)
 .debug_frame   0x00001ef8       0x38 c:/program files (x86)/embitz/1.11/share/em_armgcc/bin/../lib/gcc/arm-none-eabi/5.4.1/../../../../arm-none-eabi/lib/armv7e-m\libg_n.a(lib_a-setvbuf.o)
 .debug_frame   0x00001f30       0x70 c:/program files (x86)/embitz/1.11/share/em_armgcc/bin/../lib/gcc/arm-none-eabi/5.4.1/../../../../arm-none-eabi/lib/armv7e-m\libg_n.a(lib_a-sprintf.o)
 .debug_frame   0x00001fa0       0x68 c:/program files (x86)/embitz/1.11/share/em_armgcc/bin/../lib/gcc/arm-none-eabi/5.4.1/../../../../arm-none-eabi/lib/armv7e-m\libg_n.a(lib_a-fflush.o)
 .debug_frame   0x00002008      0x11c c:/program files (x86)/embitz/1.11/share/em_armgcc/bin/../lib/gcc/arm-none-eabi/5.4.1/../../../../arm-none-eabi/lib/armv7e-m\libg_n.a(lib_a-findfp.o)
 .debug_frame   0x00002124       0x54 c:/program files (x86)/embitz/1.11/share/em_armgcc/bin/../lib/gcc/arm-none-eabi/5.4.1/../../../../arm-none-eabi/lib/armv7e-m\libg_n.a(lib_a-fwalk.o)
 .debug_frame   0x00002178       0x54 c:/program files (x86)/embitz/1.11/share/em_armgcc/bin/../lib/gcc/arm-none-eabi/5.4.1/../../../../arm-none-eabi/lib/armv7e-m\libg_n.a(lib_a-makebuf.o)
 .debug_frame   0x000021cc       0x30 c:/program files (x86)/embitz/1.11/share/em_armgcc/bin/../lib/gcc/arm-none-eabi/5.4.1/../../../../arm-none-eabi/lib/armv7e-m\libg_n.a(lib_a-malloc.o)
 .debug_frame   0x000021fc       0x38 c:/program files (x86)/embitz/1.11/share/em_armgcc/bin/../lib/gcc/arm-none-eabi/5.4.1/../../../../arm-none-eabi/lib/armv7e-m\libg_n.a(lib_a-nano-freer.o)
 .debug_frame   0x00002234       0x2c c:/program files (x86)/embitz/1.11/share/em_armgcc/bin/../lib/gcc/arm-none-eabi/5.4.1/../../../../arm-none-eabi/lib/armv7e-m\libg_n.a(lib_a-nano-mallocr.o)
 .debug_frame   0x00002260       0x90 c:/program files (x86)/embitz/1.11/share/em_armgcc/bin/../lib/gcc/arm-none-eabi/5.4.1/../../../../arm-none-eabi/lib/armv7e-m\libg_n.a(lib_a-nano-svfprintf.o)
 .debug_frame   0x000022f0       0xac c:/program files (x86)/embitz/1.11/share/em_armgcc/bin/../lib/gcc/arm-none-eabi/5.4.1/../../../../arm-none-eabi/lib/armv7e-m\libg_n.a(lib_a-nano-vfprintf.o)
 .debug_frame   0x0000239c       0x60 c:/program files (x86)/embitz/1.11/share/em_armgcc/bin/../lib/gcc/arm-none-eabi/5.4.1/../../../../arm-none-eabi/lib/armv7e-m\libg_n.a(lib_a-nano-vfprintf_i.o)
 .debug_frame   0x000023fc       0x48 c:/program files (x86)/embitz/1.11/share/em_armgcc/bin/../lib/gcc/arm-none-eabi/5.4.1/../../../../arm-none-eabi/lib/armv7e-m\libg_n.a(lib_a-putc.o)
 .debug_frame   0x00002444       0x2c c:/program files (x86)/embitz/1.11/share/em_armgcc/bin/../lib/gcc/arm-none-eabi/5.4.1/../../../../arm-none-eabi/lib/armv7e-m\libg_n.a(lib_a-sbrkr.o)
 .debug_frame   0x00002470       0x88 c:/program files (x86)/embitz/1.11/share/em_armgcc/bin/../lib/gcc/arm-none-eabi/5.4.1/../../../../arm-none-eabi/lib/armv7e-m\libg_n.a(lib_a-stdio.o)
 .debug_frame   0x000024f8       0x40 c:/program files (x86)/embitz/1.11/share/em_armgcc/bin/../lib/gcc/arm-none-eabi/5.4.1/../../../../arm-none-eabi/lib/armv7e-m\libg_n.a(lib_a-wbuf.o)
 .debug_frame   0x00002538       0x2c c:/program files (x86)/embitz/1.11/share/em_armgcc/bin/../lib/gcc/arm-none-eabi/5.4.1/../../../../arm-none-eabi/lib/armv7e-m\libg_n.a(lib_a-wsetup.o)
 .debug_frame   0x00002564       0x2c c:/program files (x86)/embitz/1.11/share/em_armgcc/bin/../lib/gcc/arm-none-eabi/5.4.1/../../../../arm-none-eabi/lib/armv7e-m\libg_n.a(lib_a-closer.o)
 .debug_frame   0x00002590       0x2c c:/program files (x86)/embitz/1.11/share/em_armgcc/bin/../lib/gcc/arm-none-eabi/5.4.1/../../../../arm-none-eabi/lib/armv7e-m\libg_n.a(lib_a-fstatr.o)
 .debug_frame   0x000025bc       0x2c c:/program files (x86)/embitz/1.11/share/em_armgcc/bin/../lib/gcc/arm-none-eabi/5.4.1/../../../../arm-none-eabi/lib/armv7e-m\libg_n.a(lib_a-isattyr.o)
 .debug_frame   0x000025e8       0x2c c:/program files (x86)/embitz/1.11/share/em_armgcc/bin/../lib/gcc/arm-none-eabi/5.4.1/../../../../arm-none-eabi/lib/armv7e-m\libg_n.a(lib_a-lseekr.o)
 .debug_frame   0x00002614       0x28 c:/program files (x86)/embitz/1.11/share/em_armgcc/bin/../lib/gcc/arm-none-eabi/5.4.1/../../../../arm-none-eabi/lib/armv7e-m\libg_n.a(lib_a-memcpy-stub.o)
 .debug_frame   0x0000263c       0x28 c:/program files (x86)/embitz/1.11/share/em_armgcc/bin/../lib/gcc/arm-none-eabi/5.4.1/../../../../arm-none-eabi/lib/armv7e-m\libg_n.a(lib_a-memmove.o)
 .debug_frame   0x00002664       0x30 c:/program files (x86)/embitz/1.11/share/em_armgcc/bin/../lib/gcc/arm-none-eabi/5.4.1/../../../../arm-none-eabi/lib/armv7e-m\libg_n.a(lib_a-mlock.o)
 .debug_frame   0x00002694       0x3c c:/program files (x86)/embitz/1.11/share/em_armgcc/bin/../lib/gcc/arm-none-eabi/5.4.1/../../../../arm-none-eabi/lib/armv7e-m\libg_n.a(lib_a-nano-reallocr.o)
 .debug_frame   0x000026d0       0x2c c:/program files (x86)/embitz/1.11/share/em_armgcc/bin/../lib/gcc/arm-none-eabi/5.4.1/../../../../arm-none-eabi/lib/armv7e-m\libg_n.a(lib_a-readr.o)
 .debug_frame   0x000026fc       0x5c c:/program files (x86)/embitz/1.11/share/em_armgcc/bin/../lib/gcc/arm-none-eabi/5.4.1/../../../../arm-none-eabi/lib/armv7e-m\libg_n.a(lib_a-reent.o)
 .debug_frame   0x00002758       0x20 c:/program files (x86)/embitz/1.11/share/em_armgcc/bin/../lib/gcc/arm-none-eabi/5.4.1/../../../../arm-none-eabi/lib/armv7e-m\libg_n.a(lib_a-nano-msizer.o)
 .debug_frame   0x00002778       0x20 c:/program files (x86)/embitz/1.11/share/em_armgcc/bin/../lib/gcc/arm-none-eabi/5.4.1/../../../../arm-none-eabi/lib/armv7e-m\libnosys_s.a(close.o)
 .debug_frame   0x00002798       0x20 c:/program files (x86)/embitz/1.11/share/em_armgcc/bin/../lib/gcc/arm-none-eabi/5.4.1/../../../../arm-none-eabi/lib/armv7e-m\libnosys_s.a(fstat.o)
 .debug_frame   0x000027b8       0x20 c:/program files (x86)/embitz/1.11/share/em_armgcc/bin/../lib/gcc/arm-none-eabi/5.4.1/../../../../arm-none-eabi/lib/armv7e-m\libnosys_s.a(isatty.o)
 .debug_frame   0x000027d8       0x20 c:/program files (x86)/embitz/1.11/share/em_armgcc/bin/../lib/gcc/arm-none-eabi/5.4.1/../../../../arm-none-eabi/lib/armv7e-m\libnosys_s.a(lseek.o)
 .debug_frame   0x000027f8       0x20 c:/program files (x86)/embitz/1.11/share/em_armgcc/bin/../lib/gcc/arm-none-eabi/5.4.1/../../../../arm-none-eabi/lib/armv7e-m\libnosys_s.a(read.o)
 .debug_frame   0x00002818       0x20 c:/program files (x86)/embitz/1.11/share/em_armgcc/bin/../lib/gcc/arm-none-eabi/5.4.1/../../../../arm-none-eabi/lib/armv7e-m\libnosys_s.a(sbrk.o)
 .debug_frame   0x00002838       0x20 c:/program files (x86)/embitz/1.11/share/em_armgcc/bin/../lib/gcc/arm-none-eabi/5.4.1/../../../../arm-none-eabi/lib/armv7e-m\libnosys_s.a(_exit.o)

.stab           0x00000000       0x84
 .stab          0x00000000       0x24 c:/program files (x86)/embitz/1.11/share/em_armgcc/bin/../lib/gcc/arm-none-eabi/5.4.1/../../../../arm-none-eabi/lib/armv7e-m\libnosys_s.a(close.o)
 .stab          0x00000024       0x18 c:/program files (x86)/embitz/1.11/share/em_armgcc/bin/../lib/gcc/arm-none-eabi/5.4.1/../../../../arm-none-eabi/lib/armv7e-m\libnosys_s.a(fstat.o)
                                 0x24 (size before relaxing)
 .stab          0x0000003c       0x18 c:/program files (x86)/embitz/1.11/share/em_armgcc/bin/../lib/gcc/arm-none-eabi/5.4.1/../../../../arm-none-eabi/lib/armv7e-m\libnosys_s.a(isatty.o)
                                 0x24 (size before relaxing)
 .stab          0x00000054       0x18 c:/program files (x86)/embitz/1.11/share/em_armgcc/bin/../lib/gcc/arm-none-eabi/5.4.1/../../../../arm-none-eabi/lib/armv7e-m\libnosys_s.a(lseek.o)
                                 0x24 (size before relaxing)
 .stab          0x0000006c       0x18 c:/program files (x86)/embitz/1.11/share/em_armgcc/bin/../lib/gcc/arm-none-eabi/5.4.1/../../../../arm-none-eabi/lib/armv7e-m\libnosys_s.a(read.o)
                                 0x24 (size before relaxing)

.stabstr        0x00000000      0x117
 .stabstr       0x00000000      0x117 c:/program files (x86)/embitz/1.11/share/em_armgcc/bin/../lib/gcc/arm-none-eabi/5.4.1/../../../../arm-none-eabi/lib/armv7e-m\libnosys_s.a(close.o)
